Component: ARM Compiler 5.06 update 7 (build 960) Tool: armlink [4d3601]

==============================================================================

Section Cross References

    startup_stm32g431xx.o(RESET) refers to startup_stm32g431xx.o(STACK) for __initial_sp
    startup_stm32g431xx.o(RESET) refers to startup_stm32g431xx.o(.text) for Reset_Handler
    startup_stm32g431xx.o(RESET) refers to stm32g4xx_it.o(i.NMI_Handler) for NMI_Handler
    startup_stm32g431xx.o(RESET) refers to stm32g4xx_it.o(i.HardFault_Handler) for HardFault_Handler
    startup_stm32g431xx.o(RESET) refers to stm32g4xx_it.o(i.MemManage_Handler) for MemManage_Handler
    startup_stm32g431xx.o(RESET) refers to stm32g4xx_it.o(i.BusFault_Handler) for BusFault_Handler
    startup_stm32g431xx.o(RESET) refers to stm32g4xx_it.o(i.UsageFault_Handler) for UsageFault_Handler
    startup_stm32g431xx.o(RESET) refers to stm32g4xx_it.o(i.SVC_Handler) for SVC_Handler
    startup_stm32g431xx.o(RESET) refers to stm32g4xx_it.o(i.DebugMon_Handler) for DebugMon_Handler
    startup_stm32g431xx.o(RESET) refers to stm32g4xx_it.o(i.PendSV_Handler) for PendSV_Handler
    startup_stm32g431xx.o(RESET) refers to stm32g4xx_it.o(i.SysTick_Handler) for SysTick_Handler
    startup_stm32g431xx.o(RESET) refers to stm32g4xx_it.o(i.DMA1_Channel1_IRQHandler) for DMA1_Channel1_IRQHandler
    startup_stm32g431xx.o(RESET) refers to stm32g4xx_it.o(i.DMA1_Channel2_IRQHandler) for DMA1_Channel2_IRQHandler
    startup_stm32g431xx.o(RESET) refers to stm32g4xx_it.o(i.TIM2_IRQHandler) for TIM2_IRQHandler
    startup_stm32g431xx.o(RESET) refers to stm32g4xx_it.o(i.USART1_IRQHandler) for USART1_IRQHandler
    startup_stm32g431xx.o(.text) refers to system_stm32g4xx.o(i.SystemInit) for SystemInit
    startup_stm32g431xx.o(.text) refers to entry.o(.ARM.Collect$$$$00000000) for __main
    lcd.o(i.LCD_BusIn) refers to memseta.o(.text) for __aeabi_memclr4
    lcd.o(i.LCD_BusIn) refers to stm32g4xx_hal_gpio.o(i.HAL_GPIO_Init) for HAL_GPIO_Init
    lcd.o(i.LCD_BusOut) refers to memseta.o(.text) for __aeabi_memclr4
    lcd.o(i.LCD_BusOut) refers to stm32g4xx_hal_gpio.o(i.HAL_GPIO_Init) for HAL_GPIO_Init
    lcd.o(i.LCD_Clear) refers to lcd.o(i.LCD_SetCursor) for LCD_SetCursor
    lcd.o(i.LCD_Clear) refers to lcd.o(i.LCD_WriteRAM_Prepare) for LCD_WriteRAM_Prepare
    lcd.o(i.LCD_Clear) refers to lcd.o(i.LCD_WriteRAM) for LCD_WriteRAM
    lcd.o(i.LCD_ClearLine) refers to lcd.o(i.LCD_DisplayStringLine) for LCD_DisplayStringLine
    lcd.o(i.LCD_CtrlLinesConfig) refers to memseta.o(.text) for __aeabi_memclr4
    lcd.o(i.LCD_CtrlLinesConfig) refers to stm32g4xx_hal_gpio.o(i.HAL_GPIO_Init) for HAL_GPIO_Init
    lcd.o(i.LCD_CtrlLinesConfig) refers to lcd.o(i.LCD_BusOut) for LCD_BusOut
    lcd.o(i.LCD_DisplayChar) refers to lcd.o(i.LCD_DrawChar) for LCD_DrawChar
    lcd.o(i.LCD_DisplayChar) refers to lcd.o(.constdata) for .constdata
    lcd.o(i.LCD_DisplayOff) refers to lcd.o(i.LCD_WriteReg) for LCD_WriteReg
    lcd.o(i.LCD_DisplayOn) refers to lcd.o(i.LCD_WriteReg) for LCD_WriteReg
    lcd.o(i.LCD_DisplayStringLine) refers to lcd.o(i.LCD_DisplayChar) for LCD_DisplayChar
    lcd.o(i.LCD_DrawChar) refers to lcd.o(i.LCD_SetCursor) for LCD_SetCursor
    lcd.o(i.LCD_DrawChar) refers to lcd.o(i.LCD_WriteRAM_Prepare) for LCD_WriteRAM_Prepare
    lcd.o(i.LCD_DrawChar) refers to lcd.o(i.LCD_WriteRAM) for LCD_WriteRAM
    lcd.o(i.LCD_DrawChar) refers to lcd.o(.data) for .data
    lcd.o(i.LCD_DrawCircle) refers to lcd.o(i.LCD_SetCursor) for LCD_SetCursor
    lcd.o(i.LCD_DrawCircle) refers to lcd.o(i.LCD_WriteRAM_Prepare) for LCD_WriteRAM_Prepare
    lcd.o(i.LCD_DrawCircle) refers to lcd.o(i.LCD_WriteRAM) for LCD_WriteRAM
    lcd.o(i.LCD_DrawCircle) refers to lcd.o(.data) for .data
    lcd.o(i.LCD_DrawLine) refers to lcd.o(i.LCD_SetCursor) for LCD_SetCursor
    lcd.o(i.LCD_DrawLine) refers to lcd.o(i.LCD_WriteRAM_Prepare) for LCD_WriteRAM_Prepare
    lcd.o(i.LCD_DrawLine) refers to lcd.o(i.LCD_WriteRAM) for LCD_WriteRAM
    lcd.o(i.LCD_DrawLine) refers to lcd.o(.data) for .data
    lcd.o(i.LCD_DrawMonoPict) refers to lcd.o(i.LCD_SetCursor) for LCD_SetCursor
    lcd.o(i.LCD_DrawMonoPict) refers to lcd.o(i.LCD_WriteRAM_Prepare) for LCD_WriteRAM_Prepare
    lcd.o(i.LCD_DrawMonoPict) refers to lcd.o(i.LCD_WriteRAM) for LCD_WriteRAM
    lcd.o(i.LCD_DrawMonoPict) refers to lcd.o(.data) for .data
    lcd.o(i.LCD_DrawPicture) refers to lcd.o(i.LCD_SetCursor) for LCD_SetCursor
    lcd.o(i.LCD_DrawPicture) refers to lcd.o(i.LCD_WriteRAM_Prepare) for LCD_WriteRAM_Prepare
    lcd.o(i.LCD_DrawPicture) refers to lcd.o(i.LCD_WriteRAM) for LCD_WriteRAM
    lcd.o(i.LCD_DrawRect) refers to lcd.o(i.LCD_DrawLine) for LCD_DrawLine
    lcd.o(i.LCD_Init) refers to lcd.o(i.LCD_CtrlLinesConfig) for LCD_CtrlLinesConfig
    lcd.o(i.LCD_Init) refers to lcd.o(i.LCD_ReadReg) for LCD_ReadReg
    lcd.o(i.LCD_Init) refers to lcd.o(i.REG_932X_Init) for REG_932X_Init
    lcd.o(i.LCD_Init) refers to lcd.o(i.REG_8230_Init) for REG_8230_Init
[...]
    Removing stm32g4xx_hal_uart.o(i.HAL_MultiProcessor_DisableMuteMode), (44 bytes).
    Removing stm32g4xx_hal_uart.o(i.HAL_MultiProcessor_EnableMuteMode), (44 bytes).
    Removing stm32g4xx_hal_uart.o(i.HAL_MultiProcessor_EnterMuteMode), (12 bytes).
    Removing stm32g4xx_hal_uart.o(i.HAL_MultiProcessor_Init), (138 bytes).
    Removing stm32g4xx_hal_uart.o(i.HAL_UART_Abort), (184 bytes).
    Removing stm32g4xx_hal_uart.o(i.HAL_UART_AbortCpltCallback), (2 bytes).
    Removing stm32g4xx_hal_uart.o(i.HAL_UART_AbortReceive), (112 bytes).
    Removing stm32g4xx_hal_uart.o(i.HAL_UART_AbortReceiveCpltCallback), (2 bytes).
    Removing stm32g4xx_hal_uart.o(i.HAL_UART_AbortReceive_IT), (128 bytes).
    Removing stm32g4xx_hal_uart.o(i.HAL_UART_AbortTransmit), (112 bytes).
    Removing stm32g4xx_hal_uart.o(i.HAL_UART_AbortTransmitCpltCallback), (2 bytes).
    Removing stm32g4xx_hal_uart.o(i.HAL_UART_AbortTransmit_IT), (120 bytes).
    Removing stm32g4xx_hal_uart.o(i.HAL_UART_Abort_IT), (220 bytes).
    Removing stm32g4xx_hal_uart.o(i.HAL_UART_DMAPause), (100 bytes).
    Removing stm32g4xx_hal_uart.o(i.HAL_UART_DMAResume), (92 bytes).
    Removing stm32g4xx_hal_uart.o(i.HAL_UART_DeInit), (66 bytes).
    Removing stm32g4xx_hal_uart.o(i.HAL_UART_GetError), (6 bytes).
    Removing stm32g4xx_hal_uart.o(i.HAL_UART_GetState), (12 bytes).
    Removing stm32g4xx_hal_uart.o(i.HAL_UART_MspDeInit), (2 bytes).
    Removing stm32g4xx_hal_uart.o(i.HAL_UART_MspInit), (2 bytes).
    Removing stm32g4xx_hal_uart.o(i.HAL_UART_Receive), (242 bytes).
    Removing stm32g4xx_hal_uart.o(i.HAL_UART_Receive_IT), (252 bytes).
    Removing stm32g4xx_hal_uart.o(i.HAL_UART_Transmit), (188 bytes).
    Removing stm32g4xx_hal_uart.o(i.HAL_UART_Transmit_DMA), (152 bytes).
    Removing stm32g4xx_hal_uart.o(i.HAL_UART_Transmit_IT), (156 bytes).
    Removing stm32g4xx_hal_uart.o(i.HAL_UART_TxHalfCpltCallback), (2 bytes).
    Removing stm32g4xx_hal_uart.o(i.UART_DMARxAbortCallback), (64 bytes).
    Removing stm32g4xx_hal_uart.o(i.UART_DMARxOnlyAbortCallback), (38 bytes).
    Removing stm32g4xx_hal_uart.o(i.UART_DMATransmitCplt), (48 bytes).
    Removing stm32g4xx_hal_uart.o(i.UART_DMATxAbortCallback), (72 bytes).
    Removing stm32g4xx_hal_uart.o(i.UART_DMATxHalfCplt), (10 bytes).
    Removing stm32g4xx_hal_uart.o(i.UART_DMATxOnlyAbortCallback), (40 bytes).
    Removing stm32g4xx_hal_uart.o(i.UART_RxISR_16BIT), (94 bytes).
    Removing stm32g4xx_hal_uart.o(i.UART_RxISR_16BIT_FIFOEN), (160 bytes).
    Removing stm32g4xx_hal_uart.o(i.UART_RxISR_8BIT), (94 bytes).
    Removing stm32g4xx_hal_uart.o(i.UART_RxISR_8BIT_FIFOEN), (160 bytes).
    Removing stm32g4xx_hal_uart.o(i.UART_TxISR_16BIT), (66 bytes).
    Removing stm32g4xx_hal_uart.o(i.UART_TxISR_16BIT_FIFOEN), (88 bytes).
    Removing stm32g4xx_hal_uart.o(i.UART_TxISR_8BIT), (62 bytes).
    Removing stm32g4xx_hal_uart.o(i.UART_TxISR_8BIT_FIFOEN), (84 bytes).
    Removing stm32g4xx_hal_uart_ex.o(.rev16_text), (4 bytes).
    Removing stm32g4xx_hal_uart_ex.o(.revsh_text), (4 bytes).
    Removing stm32g4xx_hal_uart_ex.o(.rrx_text), (6 bytes).
    Removing stm32g4xx_hal_uart_ex.o(i.HAL_MultiProcessorEx_AddressLength_Set), (48 bytes).
    Removing stm32g4xx_hal_uart_ex.o(i.HAL_RS485Ex_Init), (140 bytes).
    Removing stm32g4xx_hal_uart_ex.o(i.HAL_UARTEx_DisableStopMode), (38 bytes).
    Removing stm32g4xx_hal_uart_ex.o(i.HAL_UARTEx_EnableFifoMode), (74 bytes).
    Removing stm32g4xx_hal_uart_ex.o(i.HAL_UARTEx_EnableStopMode), (38 bytes).
    Removing stm32g4xx_hal_uart_ex.o(i.HAL_UARTEx_StopModeWakeUpSourceConfig), (138 bytes).
    Removing system_stm32g4xx.o(.rev16_text), (4 bytes).
    Removing system_stm32g4xx.o(.revsh_text), (4 bytes).
    Removing system_stm32g4xx.o(.rrx_text), (6 bytes).
    Removing system_stm32g4xx.o(i.SystemCoreClockUpdate), (128 bytes).
    Removing dadd.o(.text), (334 bytes).
    Removing dmul.o(.text), (228 bytes).
    Removing ddiv.o(.text), (222 bytes).
    Removing dfixul.o(.text), (48 bytes).
    Removing cdrcmple.o(.text), (48 bytes).
    Removing depilogue.o(.text), (186 bytes).

488 unused section(s) (total 33604 bytes) removed from the image.

==============================================================================

Image Symbol Table

    Local Symbols

    Symbol Name                              Value     Ov Type        Size  Object(Section)

    ../Drivers/STM32G4xx_HAL_Driver/Src/stm32g4xx_hal.c 0x00000000   Number         0  stm32g4xx_hal.o ABSOLUTE
    ../Drivers/STM32G4xx_HAL_Driver/Src/stm32g4xx_hal_cortex.c 0x00000000   Number         0  stm32g4xx_hal_cortex.o ABSOLUTE
    ../Drivers/STM32G4xx_HAL_Driver/Src/stm32g4xx_hal_dma.c 0x00000000   Number         0  stm32g4xx_hal_dma.o ABSOLUTE
    ../Drivers/STM32G4xx_HAL_Driver/Src/stm32g4xx_hal_dma_ex.c 0x00000000   Number         0  stm32g4xx_hal_dma_ex.o ABSOLUTE
    ../Drivers/STM32G4xx_HAL_Driver/Src/stm32g4xx_hal_exti.c 0x00000000   Number         0  stm32g4xx_hal_exti.o ABSOLUTE
    ../Drivers/STM32G4xx_HAL_Driver/Src/stm32g4xx_hal_flash.c 0x00000000   Number         0  stm32g4xx_hal_flash.o ABSOLUTE
    ../Drivers/STM32G4xx_HAL_Driver/Src/stm32g4xx_hal_flash_ex.c 0x00000000   Number         0  stm32g4xx_hal_flash_ex.o ABSOLUTE
    ../Drivers/STM32G4xx_HAL_Driver/Src/stm32g4xx_hal_flash_ramfunc.c 0x00000000   Number         0  stm32g4xx_hal_flash_ramfunc.o ABSOLUTE
    ../Drivers/STM32G4xx_HAL_Driver/Src/stm32g4xx_hal_gpio.c 0x00000000   Number         0  stm32g4xx_hal_gpio.o ABSOLUTE
    ../Drivers/STM32G4xx_HAL_Driver/Src/stm32g4xx_hal_pwr.c 0x00000000   Number         0  stm32g4xx_hal_pwr.o ABSOLUTE
    ../Drivers/STM32G4xx_HAL_Driver/Src/stm32g4xx_hal_pwr_ex.c 0x00000000   Number         0  stm32g4xx_hal_pwr_ex.o ABSOLUTE
    ../Drivers/STM32G4xx_HAL_Driver/Src/stm32g4xx_hal_rcc.c 0x00000000   Number         0  stm32g4xx_hal_rcc.o ABSOLUTE
    ../Drivers/STM32G4xx_HAL_Driver/Src/stm32g4xx_hal_rcc_ex.c 0x00000000   Number         0  stm32g4xx_hal_rcc_ex.o ABSOLUTE
    ../Drivers/STM32G4xx_HAL_Driver/Src/stm32g4xx_hal_tim.c 0x00000000   Number         0  stm32g4xx_hal_tim.o ABSOLUTE
    ../Drivers/STM32G4xx_HAL_Driver/Src/stm32g4xx_hal_tim_ex.c 0x00000000   Number         0  stm32g4xx_hal_tim_ex.o ABSOLUTE
    ../Drivers/STM32G4xx_HAL_Driver/Src/stm32g4xx_hal_uart.c 0x00000000   Number         0  stm32g4xx_hal_uart.o ABSOLUTE
    ../Drivers/STM32G4xx_HAL_Driver/Src/stm32g4xx_hal_uart_ex.c 0x00000000   Number         0  stm32g4xx_hal_uart_ex.o ABSOLUTE
    ../Drivers/STM32G4xx_HAL_Driver/Src/stm32g4xx_ll_pwr.c 0x00000000   Number         0  stm32g4xx_ll_pwr.o ABSOLUTE
    ../Src/dma.c                             0x00000000   Number         0  dma.o ABSOLUTE
    ../Src/gpio.c                            0x00000000   Number         0  gpio.o ABSOLUTE
    ../Src/main.c                            0x00000000   Number         0  main.o ABSOLUTE
    ../Src/stm32g4xx_hal_msp.c               0x00000000   Number         0  stm32g4xx_hal_msp.o ABSOLUTE
    ../Src/stm32g4xx_it.c                    0x00000000   Number         0  stm32g4xx_it.o ABSOLUTE
    ../Src/system_stm32g4xx.c                0x00000000   Number         0  system_stm32g4xx.o ABSOLUTE
    ../Src/tim.c                             0x00000000   Number         0  tim.o ABSOLUTE
    ../Src/usart.c                           0x00000000   Number         0  usart.o ABSOLUTE
    ../clib/microlib/division.c              0x00000000   Number         0  uldiv.o ABSOLUTE
    ../clib/microlib/division.c              0x00000000   Number         0  uidiv.o ABSOLUTE
    ../clib/microlib/init/entry.s            0x00000000   Number         0  entry8b.o ABSOLUTE
    ../clib/microlib/init/entry.s            0x00000000   Number         0  entry11a.o ABSOLUTE
    ../clib/microlib/init/entry.s            0x00000000   Number         0  entry11b.o ABSOLUTE
    ../clib/microlib/init/entry.s            0x00000000   Number         0  entry7b.o ABSOLUTE
    ../clib/microlib/init/entry.s            0x00000000   Number         0  entry12a.o ABSOLUTE
    ../clib/microlib/init/entry.s            0x00000000   Number         0  entry12b.o ABSOLUTE
    ../clib/microlib/init/entry.s            0x00000000   Number         0  entry10a.o ABSOLUTE
    ../clib/microlib/init/entry.s            0x00000000   Number         0  entry.o ABSOLUTE
    ../clib/microlib/init/entry.s            0x00000000   Number         0  entry9a.o ABSOLUTE
    ../clib/microlib/init/entry.s            0x00000000   Number         0  entry9b.o ABSOLUTE
    ../clib/microlib/init/entry.s            0x00000000   Number         0  entry10b.o ABSOLUTE
    ../clib/microlib/init/entry.s            0x00000000   Number         0  entry7a.o ABSOLUTE
    ../clib/microlib/init/entry.s            0x00000000   Number         0  entry5.o ABSOLUTE
    ../clib/microlib/init/entry.s            0x00000000   Number         0  entry2.o ABSOLUTE
    ../clib/microlib/init/entry.s            0x00000000   Number         0  entry8a.o ABSOLUTE
    ../clib/microlib/longlong.c              0x00000000   Number         0  llsshr.o ABSOLUTE
    ../clib/microlib/longlong.c              0x00000000   Number         0  llshl.o ABSOLUTE
    ../clib/microlib/longlong.c              0x00000000   Number         0  llushr.o ABSOLUTE
    ../clib/microlib/printf/printf.c         0x00000000   Number         0  printf2.o ABSOLUTE
    ../clib/microlib/printf/printf.c         0x00000000   Number         0  printf1.o ABSOLUTE
    ../clib/microlib/printf/printf.c         0x00000000   Number         0  printf0.o ABSOLUTE
    ../clib/microlib/printf/printf.c         0x00000000   Number         0  printfb.o ABSOLUTE
    ../clib/microlib/printf/printf.c         0x00000000   Number         0  printf3.o ABSOLUTE
    ../clib/microlib/printf/printf.c         0x00000000   Number         0  printf8.o ABSOLUTE
    ../clib/microlib/printf/printf.c         0x00000000   Number         0  printfa.o ABSOLUTE
    ../clib/microlib/printf/printf.c         0x00000000   Number         0  printf7.o ABSOLUTE
    ../clib/microlib/printf/printf.c         0x00000000   Number         0  printf6.o ABSOLUTE
    ../clib/microlib/printf/printf.c         0x00000000   Number         0  printf5.o ABSOLUTE
    ../clib/microlib/printf/printf.c         0x00000000   Number         0  printf4.o ABSOLUTE
    ../clib/microlib/printf/stubs.s          0x00000000   Number         0  stubs.o ABSOLUTE
    ../clib/microlib/stdio/fputc.c           0x00000000   Number         0  fputc.o ABSOLUTE
    ../clib/microlib/stdio/semi.s            0x00000000   Number         0  semi.o ABSOLUTE
    ../clib/microlib/stdio/streams.c         0x00000000   Number         0  stdout.o ABSOLUTE
    ../clib/microlib/string/memset.c         0x00000000   Number         0  memseta.o ABSOLUTE
    ../clib/microlib/stubs.s                 0x00000000   Number         0  iusesemip.o ABSOLUTE
    ../clib/microlib/stubs.s                 0x00000000   Number         0  iusefp.o ABSOLUTE
    ../fplib/microlib/fpadd.c                0x00000000   Number         0  dadd.o ABSOLUTE
    ../fplib/microlib/fpdiv.c                0x00000000   Number         0  ddiv.o ABSOLUTE
    ../fplib/microlib/fpepilogue.c           0x00000000   Number         0  depilogue.o ABSOLUTE
    ../fplib/microlib/fpfix.c                0x00000000   Number         0  dfixul.o ABSOLUTE
    ../fplib/microlib/fpmul.c                0x00000000   Number         0  dmul.o ABSOLUTE
    ..\Drivers\STM32G4xx_HAL_Driver\Src\stm32g4xx_hal.c 0x00000000   Number         0  stm32g4xx_hal.o ABSOLUTE
    ..\Drivers\STM32G4xx_HAL_Driver\Src\stm32g4xx_hal_cortex.c 0x00000000   Number         0  stm32g4xx_hal_cortex.o ABSOLUTE
    ..\Drivers\STM32G4xx_HAL_Driver\Src\stm32g4xx_hal_dma.c 0x00000000   Number         0  stm32g4xx_hal_dma.o ABSOLUTE
    ..\Drivers\STM32G4xx_HAL_Driver\Src\stm32g4xx_hal_dma_ex.c 0x00000000   Number         0  stm32g4xx_hal_dma_ex.o ABSOLUTE
    ..\Drivers\STM32G4xx_HAL_Driver\Src\stm32g4xx_hal_exti.c 0x00000000   Number         0  stm32g4xx_hal_exti.o ABSOLUTE
    ..\Drivers\STM32G4xx_HAL_Driver\Src\stm32g4xx_hal_flash.c 0x00000000   Number         0  stm32g4xx_hal_flash.o ABSOLUTE
    ..\Drivers\STM32G4xx_HAL_Driver\Src\stm32g4xx_hal_flash_ex.c 0x00000000   Number         0  stm32g4xx_hal_flash_ex.o ABSOLUTE
    ..\Drivers\STM32G4xx_HAL_Driver\Src\stm32g4xx_hal_flash_ramfunc.c 0x00000000   Number         0  stm32g4xx_hal_flash_ramfunc.o ABSOLUTE
    ..\Drivers\STM32G4xx_HAL_Driver\Src\stm32g4xx_hal_gpio.c 0x00000000   Number         0  stm32g4xx_hal_gpio.o ABSOLUTE
    ..\Drivers\STM32G4xx_HAL_Driver\Src\stm32g4xx_hal_pwr.c 0x00000000   Number         0  stm32g4xx_hal_pwr.o ABSOLUTE
    ..\Drivers\STM32G4xx_HAL_Driver\Src\stm32g4xx_hal_pwr_ex.c 0x00000000   Number         0  stm32g4xx_hal_pwr_ex.o ABSOLUTE
    ..\Drivers\STM32G4xx_HAL_Driver\Src\stm32g4xx_hal_rcc.c 0x00000000   Number         0  stm32g4xx_hal_rcc.o ABSOLUTE
    ..\Drivers\STM32G4xx_HAL_Driver\Src\stm32g4xx_hal_rcc_ex.c 0x00000000   Number         0  stm32g4xx_hal_rcc_ex.o ABSOLUTE
    ..\Drivers\STM32G4xx_HAL_Driver\Src\stm32g4xx_hal_tim.c 0x00000000   Number         0  stm32g4xx_hal_tim.o ABSOLUTE
    ..\Drivers\STM32G4xx_HAL_Driver\Src\stm32g4xx_hal_tim_ex.c 0x00000000   Number         0  stm32g4xx_hal_tim_ex.o ABSOLUTE
    ..\Drivers\STM32G4xx_HAL_Driver\Src\stm32g4xx_hal_uart.c 0x00000000   Number         0  stm32g4xx_hal_uart.o ABSOLUTE
    ..\Drivers\STM32G4xx_HAL_Driver\Src\stm32g4xx_hal_uart_ex.c 0x00000000   Number         0  stm32g4xx_hal_uart_ex.o ABSOLUTE
    ..\Src\dma.c                             0x00000000   Number         0  dma.o ABSOLUTE
    ..\Src\gpio.c                            0x00000000   Number         0  gpio.o ABSOLUTE
    ..\Src\lcd.c                             0x00000000   Number         0  lcd.o ABSOLUTE
    ..\Src\main.c                            0x00000000   Number         0  main.o ABSOLUTE
    ..\Src\stm32g4xx_hal_msp.c               0x00000000   Number         0  stm32g4xx_hal_msp.o ABSOLUTE
    ..\Src\stm32g4xx_it.c                    0x00000000   Number         0  stm32g4xx_it.o ABSOLUTE
    ..\Src\system_stm32g4xx.c                0x00000000   Number         0  system_stm32g4xx.o ABSOLUTE
    ..\Src\task.c                            0x00000000   Number         0  task.o ABSOLUTE
    ..\Src\tim.c                             0x00000000   Number         0  tim.o ABSOLUTE
    ..\Src\usart.c                           0x00000000   Number         0  usart.o ABSOLUTE
    ..\\Src\\lcd.c                           0x00000000   Number         0  lcd.o ABSOLUTE
    ..\\Src\\task.c                          0x00000000   Number         0  task.o ABSOLUTE
    cdrcmple.s                               0x00000000   Number         0  cdrcmple.o ABSOLUTE
    dc.s                                     0x00000000   Number         0  dc.o ABSOLUTE
    handlers.s                               0x00000000   Number         0  handlers.o ABSOLUTE
    init.s                                   0x00000000   Number         0  init.o ABSOLUTE
    startup_stm32g431xx.s                    0x00000000   Number         0  startup_stm32g431xx.o ABSOLUTE
    RESET                                    0x08000000   Section      472  startup_stm32g431xx.o(RESET)
    .ARM.Collect$$$$00000000                 0x080001d8   Section        0  entry.o(.ARM.Collect$$$$00000000)
    .ARM.Collect$$$$00000001                 0x080001d8   Section        4  entry2.o(.ARM.Collect$$$$00000001)
    .ARM.Collect$$$$00000004                 0x080001dc   Section        4  entry5.o(.ARM.Collect$$$$00000004)
    .ARM.Collect$$$$00000008                 0x080001e0   Section        0  entry7b.o(.ARM.Collect$$$$00000008)
    .ARM.Collect$$$$0000000A                 0x080001e0   Section        0  entry8b.o(.ARM.Collect$$$$0000000A)
    .ARM.Collect$$$$0000000B                 0x080001e0   Section        8  entry9a.o(.ARM.Collect$$$$0000000B)
    .ARM.Collect$$$$0000000E                 0x080001e8   Section        4  entry12b.o(.ARM.Collect$$$$0000000E)
    .ARM.Collect$$$$0000000F                 0x080001ec   Section        0  entry10a.o(.ARM.Collect$$$$0000000F)
    .ARM.Collect$$$$00000011                 0x080001ec   Section        0  entry11a.o(.ARM.Collect$$$$00000011)
    .ARM.Collect$$$$00002712                 0x080001ec   Section        4  entry2.o(.ARM.Collect$$$$00002712)
    __lit__00000000                          0x080001ec   Data           4  entry2.o(.ARM.Collect$$$$00002712)
    .text                                    0x080001f0   Section       36  startup_stm32g431xx.o(.text)
    $v0                                      0x080001f0   Number         0  startup_stm32g431xx.o(.text)
    .text                                    0x08000214   Section        0  uldiv.o(.text)
    .text                                    0x08000276   Section        0  memseta.o(.text)
    .text                                    0x0800029a   Section        0  llshl.o(.text)
    .text                                    0x080002b8   Section        0  llushr.o(.text)
    .text                                    0x080002d8   Section       36  init.o(.text)
    i.BusFault_Handler                       0x080002fc   Section        0  stm32g4xx_it.o(i.BusFault_Handler)
    i.DMA1_Channel1_IRQHandler               0x08000300   Section        0  stm32g4xx_it.o(i.DMA1_Channel1_IRQHandler)
    i.DMA1_Channel2_IRQHandler               0x0800030c   Section        0  stm32g4xx_it.o(i.DMA1_Channel2_IRQHandler)
    i.DMA_CalcDMAMUXChannelBaseAndMask       0x08000318   Section        0  stm32g4xx_hal_dma.o(i.DMA_CalcDMAMUXChannelBaseAndMask)
    DMA_CalcDMAMUXChannelBaseAndMask         0x08000319   Thumb Code    54  stm32g4xx_hal_dma.o(i.DMA_CalcDMAMUXChannelBaseAndMask)
    i.DMA_CalcDMAMUXRequestGenBaseAndMask    0x08000358   Section        0  stm32g4xx_hal_dma.o(i.DMA_CalcDMAMUXRequestGenBaseAndMask)
    DMA_CalcDMAMUXRequestGenBaseAndMask      0x08000359   Thumb Code    30  stm32g4xx_hal_dma.o(i.DMA_CalcDMAMUXRequestGenBaseAndMask)
    i.DMA_SetConfig                          0x0800037c   Section        0  stm32g4xx_hal_dma.o(i.DMA_SetConfig)
    DMA_SetConfig                            0x0800037d   Thumb Code    62  stm32g4xx_hal_dma.o(i.DMA_SetConfig)
    i.DebugMon_Handler                       0x080003ba   Section        0  stm32g4xx_it.o(i.DebugMon_Handler)
    i.Delay_LCD                              0x080003bc   Section        0  lcd.o(i.Delay_LCD)
    i.Error_Handler                          0x080003d8   Section        0  main.o(i.Error_Handler)
    i.HAL_DMA_Abort                          0x080003da   Section        0  stm32g4xx_hal_dma.o(i.HAL_DMA_Abort)
    i.HAL_DMA_Abort_IT                       0x08000444   Section        0  stm32g4xx_hal_dma.o(i.HAL_DMA_Abort_IT)
    i.HAL_DMA_GetError                       0x080004bc   Section        0  stm32g4xx_hal_dma.o(i.HAL_DMA_GetError)
    i.HAL_DMA_IRQHandler                     0x080004c0   Section        0  stm32g4xx_hal_dma.o(i.HAL_DMA_IRQHandler)
    i.HAL_DMA_Init                           0x0800057c   Section        0  stm32g4xx_hal_dma.o(i.HAL_DMA_Init)
    i.HAL_DMA_Start_IT                       0x0800063c   Section        0  stm32g4xx_hal_dma.o(i.HAL_DMA_Start_IT)
    i.HAL_Delay                              0x080006c8   Section        0  stm32g4xx_hal.o(i.HAL_Delay)
    i.HAL_GPIO_Init                          0x080006ec   Section        0  stm32g4xx_hal_gpio.o(i.HAL_GPIO_Init)
    i.HAL_GPIO_ReadPin                       0x080008b4   Section        0  stm32g4xx_hal_gpio.o(i.HAL_GPIO_ReadPin)
    i.HAL_GPIO_WritePin                      0x080008be   Section        0  stm32g4xx_hal_gpio.o(i.HAL_GPIO_WritePin)
    i.HAL_GetTick                            0x080008c8   Section        0  stm32g4xx_hal.o(i.HAL_GetTick)
    i.HAL_IncTick                            0x080008d4   Section        0  stm32g4xx_hal.o(i.HAL_IncTick)
    i.HAL_Init                               0x080008e4   Section        0  stm32g4xx_hal.o(i.HAL_Init)
    i.HAL_InitTick                           0x08000904   Section        0  stm32g4xx_hal.o(i.HAL_InitTick)
    i.HAL_MspInit                            0x08000948   Section        0  stm32g4xx_hal_msp.o(i.HAL_MspInit)
    i.HAL_NVIC_EnableIRQ                     0x08000980   Section        0  stm32g4xx_hal_cortex.o(i.HAL_NVIC_EnableIRQ)
    i.HAL_NVIC_SetPriority                   0x0800099c   Section        0  stm32g4xx_hal_cortex.o(i.HAL_NVIC_SetPriority)
    i.HAL_NVIC_SetPriorityGrouping           0x080009dc   Section        0  stm32g4xx_hal_cortex.o(i.HAL_NVIC_SetPriorityGrouping)
    i.HAL_PWREx_ControlVoltageScaling        0x08000a00   Section        0  stm32g4xx_hal_pwr_ex.o(i.HAL_PWREx_ControlVoltageScaling)
    i.HAL_RCCEx_PeriphCLKConfig              0x08000abc   Section        0  stm32g4xx_hal_rcc_ex.o(i.HAL_RCCEx_PeriphCLKConfig)
    i.HAL_RCC_ClockConfig                    0x08000d44   Section        0  stm32g4xx_hal_rcc.o(i.HAL_RCC_ClockConfig)
    i.HAL_RCC_GetPCLK1Freq                   0x08000f20   Section        0  stm32g4xx_hal_rcc.o(i.HAL_RCC_GetPCLK1Freq)
    i.HAL_RCC_GetPCLK2Freq                   0x08000f44   Section        0  stm32g4xx_hal_rcc.o(i.HAL_RCC_GetPCLK2Freq)
    i.HAL_RCC_GetSysClockFreq                0x08000f68   Section        0  stm32g4xx_hal_rcc.o(i.HAL_RCC_GetSysClockFreq)
    i.HAL_RCC_OscConfig                      0x08000fd8   Section        0  stm32g4xx_hal_rcc.o(i.HAL_RCC_OscConfig)
    i.HAL_SYSTICK_Config                     0x080013e4   Section        0  stm32g4xx_hal_cortex.o(i.HAL_SYSTICK_Config)
    i.HAL_TIMEx_Break2Callback               0x0800140c   Section        0  stm32g4xx_hal_tim_ex.o(i.HAL_TIMEx_Break2Callback)
    i.HAL_TIMEx_BreakCallback                0x0800140e   Section        0  stm32g4xx_hal_tim_ex.o(i.HAL_TIMEx_BreakCallback)
    i.HAL_TIMEx_CommutCallback               0x08001410   Section        0  stm32g4xx_hal_tim_ex.o(i.HAL_TIMEx_CommutCallback)
    i.HAL_TIMEx_DirectionChangeCallback      0x08001412   Section        0  stm32g4xx_hal_tim_ex.o(i.HAL_TIMEx_DirectionChangeCallback)
    i.HAL_TIMEx_EncoderIndexCallback         0x08001414   Section        0  stm32g4xx_hal_tim_ex.o(i.HAL_TIMEx_EncoderIndexCallback)
    i.HAL_TIMEx_IndexErrorCallback           0x08001416   Section        0  stm32g4xx_hal_tim_ex.o(i.HAL_TIMEx_IndexErrorCallback)
    i.HAL_TIMEx_MasterConfigSynchronization  0x08001418   Section        0  stm32g4xx_hal_tim_ex.o(i.HAL_TIMEx_MasterConfigSynchronization)
    i.HAL_TIMEx_TransitionErrorCallback      0x080014b4   Section        0  stm32g4xx_hal_tim_ex.o(i.HAL_TIMEx_TransitionErrorCallback)
    i.HAL_TIM_Base_Init                      0x080014b6   Section        0  stm32g4xx_hal_tim.o(i.HAL_TIM_Base_Init)
    i.HAL_TIM_Base_MspInit                   0x08001518   Section        0  tim.o(i.HAL_TIM_Base_MspInit)
    i.HAL_TIM_ConfigClockSource              0x08001550   Section        0  stm32g4xx_hal_tim.o(i.HAL_TIM_ConfigClockSource)
    i.HAL_TIM_IC_CaptureCallback             0x0800164c   Section        0  stm32g4xx_hal_tim.o(i.HAL_TIM_IC_CaptureCallback)
    i.HAL_TIM_IRQHandler                     0x0800164e   Section        0  stm32g4xx_hal_tim.o(i.HAL_TIM_IRQHandler)
    i.HAL_TIM_MspPostInit                    0x0800184c   Section        0  tim.o(i.HAL_TIM_MspPostInit)
    i.HAL_TIM_OC_DelayElapsedCallback        0x08001898   Section        0  stm32g4xx_hal_tim.o(i.HAL_TIM_OC_DelayElapsedCallback)
    i.HAL_TIM_PWM_ConfigChannel              0x0800189a   Section        0  stm32g4xx_hal_tim.o(i.HAL_TIM_PWM_ConfigChannel)
    i.HAL_TIM_PWM_Init                       0x080019b8   Section        0  stm32g4xx_hal_tim.o(i.HAL_TIM_PWM_Init)
    i.HAL_TIM_PWM_MspInit                    0x08001a1a   Section        0  stm32g4xx_hal_tim.o(i.HAL_TIM_PWM_MspInit)
    i.HAL_TIM_PWM_PulseFinishedCallback      0x08001a1c   Section        0  stm32g4xx_hal_tim.o(i.HAL_TIM_PWM_PulseFinishedCallback)
    i.HAL_TIM_PWM_Start                      0x08001a20   Section        0  stm32g4xx_hal_tim.o(i.HAL_TIM_PWM_Start)
    i.HAL_TIM_PeriodElapsedCallback          0x08001af4   Section        0  stm32g4xx_hal_tim.o(i.HAL_TIM_PeriodElapsedCallback)
    i.HAL_TIM_TriggerCallback                0x08001af6   Section        0  stm32g4xx_hal_tim.o(i.HAL_TIM_TriggerCallback)
    i.HAL_UARTEx_DisableFifoMode             0x08001af8   Section        0  stm32g4xx_hal_uart_ex.o(i.HAL_UARTEx_DisableFifoMode)
    i.HAL_UARTEx_RxFifoFullCallback          0x08001b36   Section        0  stm32g4xx_hal_uart_ex.o(i.HAL_UARTEx_RxFifoFullCallback)
    i.HAL_UARTEx_SetRxFifoThreshold          0x08001b38   Section        0  stm32g4xx_hal_uart_ex.o(i.HAL_UARTEx_SetRxFifoThreshold)
    i.HAL_UARTEx_SetTxFifoThreshold          0x08001b84   Section        0  stm32g4xx_hal_uart_ex.o(i.HAL_UARTEx_SetTxFifoThreshold)
    i.HAL_UARTEx_TxFifoEmptyCallback         0x08001bd0   Section        0  stm32g4xx_hal_uart_ex.o(i.HAL_UARTEx_TxFifoEmptyCallback)
    i.HAL_UARTEx_WakeupCallback              0x08001bd2   Section        0  stm32g4xx_hal_uart_ex.o(i.HAL_UARTEx_WakeupCallback)
    i.HAL_UART_DMAStop                       0x08001bd4   Section        0  stm32g4xx_hal_uart.o(i.HAL_UART_DMAStop)
    i.HAL_UART_ErrorCallback                 0x08001c4c   Section        0  stm32g4xx_hal_uart.o(i.HAL_UART_ErrorCallback)
    i.HAL_UART_IRQHandler                    0x08001c50   Section        0  stm32g4xx_hal_uart.o(i.HAL_UART_IRQHandler)
    i.HAL_UART_IdleCpltCallback              0x08001dec   Section        0  main.o(i.HAL_UART_IdleCpltCallback)
    i.HAL_UART_Init                          0x08001e48   Section        0  stm32g4xx_hal_uart.o(i.HAL_UART_Init)
    i.HAL_UART_MspInit                       0x08001eb4   Section        0  usart.o(i.HAL_UART_MspInit)
    i.HAL_UART_Receive_DMA                   0x08001f88   Section        0  stm32g4xx_hal_uart.o(i.HAL_UART_Receive_DMA)
    i.HAL_UART_RxCpltCallback                0x0800202c   Section        0  stm32g4xx_hal_uart.o(i.HAL_UART_RxCpltCallback)
    i.HAL_UART_RxHalfCpltCallback            0x0800202e   Section        0  stm32g4xx_hal_uart.o(i.HAL_UART_RxHalfCpltCallback)
    i.HAL_UART_TxCpltCallback                0x08002030   Section        0  stm32g4xx_hal_uart.o(i.HAL_UART_TxCpltCallback)
    i.HardFault_Handler                      0x08002032   Section        0  stm32g4xx_it.o(i.HardFault_Handler)
    i.LCD_BusIn                              0x08002034   Section        0  lcd.o(i.LCD_BusIn)
    i.LCD_BusOut                             0x08002060   Section        0  lcd.o(i.LCD_BusOut)
    i.LCD_Clear                              0x08002090   Section        0  lcd.o(i.LCD_Clear)
    i.LCD_CtrlLinesConfig                    0x080020b4   Section        0  lcd.o(i.LCD_CtrlLinesConfig)
    i.LCD_DisplayChar                        0x08002144   Section        0  lcd.o(i.LCD_DisplayChar)
    i.LCD_DisplayStringLine                  0x0800215c   Section        0  lcd.o(i.LCD_DisplayStringLine)
    i.LCD_DrawChar                           0x08002188   Section        0  lcd.o(i.LCD_DrawChar)
    i.LCD_Init                               0x080021e0   Section        0  lcd.o(i.LCD_Init)
    i.LCD_ReadReg                            0x08002214   Section        0  lcd.o(i.LCD_ReadReg)
    i.LCD_SetBackColor                       0x08002294   Section        0  lcd.o(i.LCD_SetBackColor)
    i.LCD_SetCursor                          0x080022a4   Section        0  lcd.o(i.LCD_SetCursor)
    i.LCD_SetTextColor                       0x080022bc   Section        0  lcd.o(i.LCD_SetTextColor)
    i.LCD_WriteRAM                           0x080022cc   Section        0  lcd.o(i.LCD_WriteRAM)
    i.LCD_WriteRAM_Prepare                   0x08002324   Section        0  lcd.o(i.LCD_WriteRAM_Prepare)
    i.LCD_WriteReg                           0x08002380   Section        0  lcd.o(i.LCD_WriteReg)
    i.MX_DMA_Init                            0x080023ec   Section        0  dma.o(i.MX_DMA_Init)
    i.MX_GPIO_Init                           0x08002438   Section        0  gpio.o(i.MX_GPIO_Init)
    i.MX_TIM2_Init                           0x080024d8   Section        0  tim.o(i.MX_TIM2_Init)
    i.MX_USART1_UART_Init                    0x08002578   Section        0  usart.o(i.MX_USART1_UART_Init)
    i.MemManage_Handler                      0x080025e0   Section        0  stm32g4xx_it.o(i.MemManage_Handler)
    i.NMI_Handler                            0x080025e2   Section        0  stm32g4xx_it.o(i.NMI_Handler)
    i.PendSV_Handler                         0x080025e4   Section        0  stm32g4xx_it.o(i.PendSV_Handler)
    i.REG_8230_Init                          0x080025e6   Section        0  lcd.o(i.REG_8230_Init)
    i.REG_932X_Init                          0x080026f8   Section        0  lcd.o(i.REG_932X_Init)
    i.Re_TIM2_Init                           0x080028fc   Section        0  task.o(i.Re_TIM2_Init)
    i.SVC_Handler                            0x08002998   Section        0  stm32g4xx_it.o(i.SVC_Handler)
    i.SysTick_Handler                        0x0800299c   Section        0  stm32g4xx_it.o(i.SysTick_Handler)
    i.SystemClock_Config                     0x08002a48   Section        0  main.o(i.SystemClock_Config)
    i.SystemInit                             0x08002ab4   Section        0  system_stm32g4xx.o(i.SystemInit)
    i.TIM2_IRQHandler                        0x08002ad0   Section        0  stm32g4xx_it.o(i.TIM2_IRQHandler)
    i.TIM_Base_SetConfig                     0x08002adc   Section        0  stm32g4xx_hal_tim.o(i.TIM_Base_SetConfig)
    i.TIM_CCxChannelCmd                      0x08002b8c   Section        0  stm32g4xx_hal_tim.o(i.TIM_CCxChannelCmd)
    i.TIM_ETR_SetConfig                      0x08002ba6   Section        0  stm32g4xx_hal_tim.o(i.TIM_ETR_SetConfig)
    i.TIM_ITRx_SetConfig                     0x08002bbc   Section        0  stm32g4xx_hal_tim.o(i.TIM_ITRx_SetConfig)
    TIM_ITRx_SetConfig                       0x08002bbd   Thumb Code    16  stm32g4xx_hal_tim.o(i.TIM_ITRx_SetConfig)
    i.TIM_OC1_SetConfig                      0x08002bd0   Section        0  stm32g4xx_hal_tim.o(i.TIM_OC1_SetConfig)
    TIM_OC1_SetConfig                        0x08002bd1   Thumb Code   132  stm32g4xx_hal_tim.o(i.TIM_OC1_SetConfig)
    i.TIM_OC2_SetConfig                      0x08002c6c   Section        0  stm32g4xx_hal_tim.o(i.TIM_OC2_SetConfig)
    i.TIM_OC3_SetConfig                      0x08002cfc   Section        0  stm32g4xx_hal_tim.o(i.TIM_OC3_SetConfig)
    TIM_OC3_SetConfig                        0x08002cfd   Thumb Code   118  stm32g4xx_hal_tim.o(i.TIM_OC3_SetConfig)
    i.TIM_OC4_SetConfig                      0x08002d8c   Section        0  stm32g4xx_hal_tim.o(i.TIM_OC4_SetConfig)
    TIM_OC4_SetConfig                        0x08002d8d   Thumb Code   120  stm32g4xx_hal_tim.o(i.TIM_OC4_SetConfig)
    i.TIM_OC5_SetConfig                      0x08002e1c   Section        0  stm32g4xx_hal_tim.o(i.TIM_OC5_SetConfig)
    TIM_OC5_SetConfig                        0x08002e1d   Thumb Code    86  stm32g4xx_hal_tim.o(i.TIM_OC5_SetConfig)
    i.TIM_OC6_SetConfig                      0x08002e8c   Section        0  stm32g4xx_hal_tim.o(i.TIM_OC6_SetConfig)
    TIM_OC6_SetConfig                        0x08002e8d   Thumb Code    88  stm32g4xx_hal_tim.o(i.TIM_OC6_SetConfig)
    i.TIM_TI1_ConfigInputStage               0x08002efc   Section        0  stm32g4xx_hal_tim.o(i.TIM_TI1_ConfigInputStage)
    TIM_TI1_ConfigInputStage                 0x08002efd   Thumb Code    34  stm32g4xx_hal_tim.o(i.TIM_TI1_ConfigInputStage)
    i.TIM_TI2_ConfigInputStage               0x08002f1e   Section        0  stm32g4xx_hal_tim.o(i.TIM_TI2_ConfigInputStage)
    TIM_TI2_ConfigInputStage                 0x08002f1f   Thumb Code    36  stm32g4xx_hal_tim.o(i.TIM_TI2_ConfigInputStage)
    i.UARTEx_SetNbDataToProcess              0x08002f44   Section        0  stm32g4xx_hal_uart_ex.o(i.UARTEx_SetNbDataToProcess)
    UARTEx_SetNbDataToProcess                0x08002f45   Thumb Code    82  stm32g4xx_hal_uart_ex.o(i.UARTEx_SetNbDataToProcess)
    i.UART_AdvFeatureConfig                  0x08002fa8   Section        0  stm32g4xx_hal_uart.o(i.UART_AdvFeatureConfig)
    i.UART_CheckIdleState                    0x08003070   Section        0  stm32g4xx_hal_uart.o(i.UART_CheckIdleState)
    i.UART_DMAAbortOnError                   0x080030ce   Section        0  stm32g4xx_hal_uart.o(i.UART_DMAAbortOnError)
    UART_DMAAbortOnError                     0x080030cf   Thumb Code    20  stm32g4xx_hal_uart.o(i.UART_DMAAbortOnError)
    i.UART_DMAError                          0x080030e2   Section        0  stm32g4xx_hal_uart.o(i.UART_DMAError)
    UART_DMAError                            0x080030e3   Thumb Code    80  stm32g4xx_hal_uart.o(i.UART_DMAError)
    i.UART_DMAReceiveCplt                    0x08003132   Section        0  stm32g4xx_hal_uart.o(i.UART_DMAReceiveCplt)
    UART_DMAReceiveCplt                      0x08003133   Thumb Code    62  stm32g4xx_hal_uart.o(i.UART_DMAReceiveCplt)
    i.UART_DMARxHalfCplt                     0x08003170   Section        0  stm32g4xx_hal_uart.o(i.UART_DMARxHalfCplt)
    UART_DMARxHalfCplt                       0x08003171   Thumb Code    10  stm32g4xx_hal_uart.o(i.UART_DMARxHalfCplt)
    i.UART_EndRxTransfer                     0x0800317c   Section        0  stm32g4xx_hal_uart.o(i.UART_EndRxTransfer)
    UART_EndRxTransfer                       0x0800317d   Thumb Code    32  stm32g4xx_hal_uart.o(i.UART_EndRxTransfer)
    i.UART_EndTxTransfer                     0x080031a0   Section        0  stm32g4xx_hal_uart.o(i.UART_EndTxTransfer)
    UART_EndTxTransfer                       0x080031a1   Thumb Code    28  stm32g4xx_hal_uart.o(i.UART_EndTxTransfer)
    i.UART_SetConfig                         0x080031bc   Section        0  stm32g4xx_hal_uart.o(i.UART_SetConfig)
    i.UART_WaitOnFlagUntilTimeout            0x08003962   Section        0  stm32g4xx_hal_uart.o(i.UART_WaitOnFlagUntilTimeout)
    i.USART1_IRQHandler                      0x080039c8   Section        0  stm32g4xx_it.o(i.USART1_IRQHandler)
    i.UsageFault_Handler                     0x080039f4   Section        0  stm32g4xx_it.o(i.UsageFault_Handler)
    i.__0sprintf$2                           0x080039f8   Section        0  printf2.o(i.__0sprintf$2)
    i.__NVIC_SetPriority                     0x08003a20   Section        0  stm32g4xx_hal_cortex.o(i.__NVIC_SetPriority)
    __NVIC_SetPriority                       0x08003a21   Thumb Code    32  stm32g4xx_hal_cortex.o(i.__NVIC_SetPriority)
    i.__scatterload_copy                     0x08003a40   Section       14  handlers.o(i.__scatterload_copy)
    i.__scatterload_null                     0x08003a4e   Section        2  handlers.o(i.__scatterload_null)
    i.__scatterload_zeroinit                 0x08003a50   Section       14  handlers.o(i.__scatterload_zeroinit)
    i._printf_core                           0x08003a5e   Section        0  printf2.o(i._printf_core)
    _printf_core                             0x08003a5f   Thumb Code   214  printf2.o(i._printf_core)
    i._sputc                                 0x08003b34   Section        0  printf2.o(i._sputc)
    _sputc                                   0x08003b35   Thumb Code    10  printf2.o(i._sputc)
    i.change_display                         0x08003b40   Section        0  task.o(i.change_display)
    i.change_to_sta                          0x08003b54   Section        0  task.o(i.change_to_sta)
    i.close_led                              0x08003bbc   Section        0  task.o(i.close_led)
    i.control_led                            0x08003bec   Section        0  task.o(i.control_led)
    i.display_PSD                            0x08003c54   Section        0  task.o(i.display_PSD)
    i.display_STA                            0x08003d00   Section        0  task.o(i.display_STA)
    i.key_scan                               0x08003d88   Section        0  task.o(i.key_scan)
    i.main                                   0x08003e64   Section        0  main.o(i.main)
    i.password_change                        0x08003ed4   Section        0  task.o(i.password_change)
    i.project13                              0x08003ef0   Section        0  task.o(i.project13)
    .constdata                               0x08003f02   Section     4560  lcd.o(.constdata)
    .constdata                               0x080050d2   Section       16  system_stm32g4xx.o(.constdata)
    .constdata                               0x080050e2   Section        8  system_stm32g4xx.o(.constdata)
    .data                                    0x20000000   Section        6  lcd.o(.data)
    TextColor                                0x20000000   Data           2  lcd.o(.data)
    BackColor                                0x20000002   Data           2  lcd.o(.data)
    .data                                    0x20000006   Section       12  task.o(.data)
    .data                                    0x20000014   Section        8  stm32g4xx_it.o(.data)
    .data                                    0x2000001c   Section       12  stm32g4xx_hal.o(.data)
    .data                                    0x20000028   Section        4  system_stm32g4xx.o(.data)
    .bss                                     0x2000002c   Section       50  main.o(.bss)
    .bss                                     0x20000060   Section       76  tim.o(.bss)
    .bss                                     0x200000ac   Section      332  usart.o(.bss)
    STACK                                    0x200001f8   Section     1024  startup_stm32g431xx.o(STACK)

    Global Symbols

    Symbol Name                              Value     Ov Type        Size  Object(Section)

    BuildAttributes$$THM_ISAv4$E$P$D$K$B$S$7EM$VFPi3$EXTD16$VFPS$VFMA$PE$A:L22UL41UL21$X:L11$S22US41US21$IEEE1$IW$USESV6$~STKCKD$USESV7$~SHL$OSPACE$ROPI$EBA8$MICROLIB$REQ8$PRES8$EABIv2 0x00000000   Number         0  anon$$obj.o ABSOLUTE
    __ARM_use_no_argv                        0x00000000   Number         0  main.o ABSOLUTE
    _printf_a                                0x00000000   Number         0  stubs.o ABSOLUTE
    _printf_c                                0x00000000   Number         0  stubs.o ABSOLUTE
    _printf_charcount                        0x00000000   Number         0  stubs.o ABSOLUTE
    _printf_d                                0x00000000   Number         0  stubs.o ABSOLUTE
    _printf_e                                0x00000000   Number         0  stubs.o ABSOLUTE
    _printf_f                                0x00000000   Number         0  stubs.o ABSOLUTE
    _printf_flags                            0x00000000   Number         0  stubs.o ABSOLUTE
    _printf_fp_dec                           0x00000000   Number         0  stubs.o ABSOLUTE
    _printf_fp_hex                           0x00000000   Number         0  stubs.o ABSOLUTE
    _printf_g                                0x00000000   Number         0  stubs.o ABSOLUTE
    _printf_i                                0x00000000   Number         0  stubs.o ABSOLUTE
    _printf_int_dec                          0x00000000   Number         0  stubs.o ABSOLUTE
    _printf_l                                0x00000000   Number         0  stubs.o ABSOLUTE
    _printf_lc                               0x00000000   Number         0  stubs.o ABSOLUTE
    _printf_ll                               0x00000000   Number         0  stubs.o ABSOLUTE
    _printf_lld                              0x00000000   Number         0  stubs.o ABSOLUTE
    _printf_lli                              0x00000000   Number         0  stubs.o ABSOLUTE
    _printf_llo                              0x00000000   Number         0  stubs.o ABSOLUTE
    _printf_llu                              0x00000000   Number         0  stubs.o ABSOLUTE
    _printf_llx                              0x00000000   Number         0  stubs.o ABSOLUTE
    _printf_longlong_dec                     0x00000000   Number         0  stubs.o ABSOLUTE
    _printf_longlong_hex                     0x00000000   Number         0  stubs.o ABSOLUTE
    _printf_longlong_oct                     0x00000000   Number         0  stubs.o ABSOLUTE
    _printf_ls                               0x00000000   Number         0  stubs.o ABSOLUTE
    _printf_mbtowc                           0x00000000   Number         0  stubs.o ABSOLUTE
    _printf_n                                0x00000000   Number         0  stubs.o ABSOLUTE
    _printf_o                                0x00000000   Number         0  stubs.o ABSOLUTE
    _printf_p                                0x00000000   Number         0  stubs.o ABSOLUTE
    _printf_percent                          0x00000000   Number         0  stubs.o ABSOLUTE
    _printf_pre_padding                      0x00000000   Number         0  stubs.o ABSOLUTE
    _printf_return_value                     0x00000000   Number         0  stubs.o ABSOLUTE
    _printf_s                                0x00000000   Number         0  stubs.o ABSOLUTE
    _printf_sizespec                         0x00000000   Number         0  stubs.o ABSOLUTE
    _printf_str                              0x00000000   Number         0  stubs.o ABSOLUTE
    _printf_truncate_signed                  0x00000000   Number         0  stubs.o ABSOLUTE
    _printf_truncate_unsigned                0x00000000   Number         0  stubs.o ABSOLUTE
    _printf_u                                0x00000000   Number         0  stubs.o ABSOLUTE
    _printf_wc                               0x00000000   Number         0  stubs.o ABSOLUTE
    _printf_wctomb                           0x00000000   Number         0  stubs.o ABSOLUTE
    _printf_widthprec                        0x00000000   Number         0  stubs.o ABSOLUTE
    _printf_x                                0x00000000   Number         0  stubs.o ABSOLUTE
    __arm_fini_                               - Undefined Weak Reference
    __cpp_initialize__aeabi_                  - Undefined Weak Reference
    __cxa_finalize                            - Undefined Weak Reference
    __decompress                              - Undefined Weak Reference
    _clock_init                               - Undefined Weak Reference
    _microlib_exit                            - Undefined Weak Reference
    __Vectors_Size                           0x000001d8   Number         0  startup_stm32g431xx.o ABSOLUTE
    __Vectors                                0x08000000   Data           4  startup_stm32g431xx.o(RESET)
    __Vectors_End                            0x080001d8   Data           0  startup_stm32g431xx.o(RESET)
    __main                                   0x080001d9   Thumb Code     0  entry.o(.ARM.Collect$$$$00000000)
    _main_stk                                0x080001d9   Thumb Code     0  entry2.o(.ARM.Collect$$$$00000001)
    _main_scatterload                        0x080001dd   Thumb Code     0  entry5.o(.ARM.Collect$$$$00000004)
    __main_after_scatterload                 0x080001e1   Thumb Code     0  entry5.o(.ARM.Collect$$$$00000004)
    _main_clock                              0x080001e1   Thumb Code     0  entry7b.o(.ARM.Collect$$$$00000008)
    _main_cpp_init                           0x080001e1   Thumb Code     0  entry8b.o(.ARM.Collect$$$$0000000A)
    _main_init                               0x080001e1   Thumb Code     0  entry9a.o(.ARM.Collect$$$$0000000B)
    __rt_lib_shutdown_fini                   0x080001e9   Thumb Code     0  entry12b.o(.ARM.Collect$$$$0000000E)
    __rt_final_cpp                           0x080001ed   Thumb Code     0  entry10a.o(.ARM.Collect$$$$0000000F)
    __rt_final_exit                          0x080001ed   Thumb Code     0  entry11a.o(.ARM.Collect$$$$00000011)
    Reset_Handler                            0x080001f1   Thumb Code     8  startup_stm32g431xx.o(.text)
    ADC1_2_IRQHandler                        0x0800020b   Thumb Code     0  startup_stm32g431xx.o(.text)
    COMP1_2_3_IRQHandler                     0x0800020b   Thumb Code     0  startup_stm32g431xx.o(.text)
    COMP4_IRQHandler                         0x0800020b   Thumb Code     0  startup_stm32g431xx.o(.text)
    CORDIC_IRQHandler                        0x0800020b   Thumb Code     0  startup_stm32g431xx.o(.text)
    CRS_IRQHandler                           0x0800020b   Thumb Code     0  startup_stm32g431xx.o(.text)
    DMA1_Channel3_IRQHandler                 0x0800020b   Thumb Code     0  startup_stm32g431xx.o(.text)
    DMA1_Channel4_IRQHandler                 0x0800020b   Thumb Code     0  startup_stm32g431xx.o(.text)
    DMA1_Channel5_IRQHandler                 0x0800020b   Thumb Code     0  startup_stm32g431xx.o(.text)
    DMA1_Channel6_IRQHandler                 0x0800020b   Thumb Code     0  startup_stm32g431xx.o(.text)
    DMA2_Channel1_IRQHandler                 0x0800020b   Thumb Code     0  startup_stm32g431xx.o(.text)
    DMA2_Channel2_IRQHandler                 0x0800020b   Thumb Code     0  startup_stm32g431xx.o(.text)
    DMA2_Channel3_IRQHandler                 0x0800020b   Thumb Code     0  startup_stm32g431xx.o(.text)
    DMA2_Channel4_IRQHandler                 0x0800020b   Thumb Code     0  startup_stm32g431xx.o(.text)
    DMA2_Channel5_IRQHandler                 0x0800020b   Thumb Code     0  startup_stm32g431xx.o(.text)
    DMA2_Channel6_IRQHandler                 0x0800020b   Thumb Code     0  startup_stm32g431xx.o(.text)
    DMAMUX_OVR_IRQHandler                    0x0800020b   Thumb Code     0  startup_stm32g431xx.o(.text)
    EXTI0_IRQHandler                         0x0800020b   Thumb Code     0  startup_stm32g431xx.o(.text)
    EXTI15_10_IRQHandler                     0x0800020b   Thumb Code     0  startup_stm32g431xx.o(.text)
    EXTI1_IRQHandler                         0x0800020b   Thumb Code     0  startup_stm32g431xx.o(.text)
    EXTI2_IRQHandler                         0x0800020b   Thumb Code     0  startup_stm32g431xx.o(.text)
    EXTI3_IRQHandler                         0x0800020b   Thumb Code     0  startup_stm32g431xx.o(.text)
    EXTI4_IRQHandler                         0x0800020b   Thumb Code     0  startup_stm32g431xx.o(.text)
    EXTI9_5_IRQHandler                       0x0800020b   Thumb Code     0  startup_stm32g431xx.o(.text)
    FDCAN1_IT0_IRQHandler                    0x0800020b   Thumb Code     0  startup_stm32g431xx.o(.text)
    FDCAN1_IT1_IRQHandler                    0x0800020b   Thumb Code     0  startup_stm32g431xx.o(.text)
    FLASH_IRQHandler                         0x0800020b   Thumb Code     0  startup_stm32g431xx.o(.text)
    FMAC_IRQHandler                          0x0800020b   Thumb Code     0  startup_stm32g431xx.o(.text)
    FPU_IRQHandler                           0x0800020b   Thumb Code     0  startup_stm32g431xx.o(.text)
    I2C1_ER_IRQHandler                       0x0800020b   Thumb Code     0  startup_stm32g431xx.o(.text)
    I2C1_EV_IRQHandler                       0x0800020b   Thumb Code     0  startup_stm32g431xx.o(.text)
    I2C2_ER_IRQHandler                       0x0800020b   Thumb Code     0  startup_stm32g431xx.o(.text)
    I2C2_EV_IRQHandler                       0x0800020b   Thumb Code     0  startup_stm32g431xx.o(.text)
    I2C3_ER_IRQHandler                       0x0800020b   Thumb Code     0  startup_stm32g431xx.o(.text)
    I2C3_EV_IRQHandler                       0x0800020b   Thumb Code     0  startup_stm32g431xx.o(.text)
    LPTIM1_IRQHandler                        0x0800020b   Thumb Code     0  startup_stm32g431xx.o(.text)
    LPUART1_IRQHandler                       0x0800020b   Thumb Code     0  startup_stm32g431xx.o(.text)
    PVD_PVM_IRQHandler                       0x0800020b   Thumb Code     0  startup_stm32g431xx.o(.text)
    RCC_IRQHandler                           0x0800020b   Thumb Code     0  startup_stm32g431xx.o(.text)
    RNG_IRQHandler                           0x0800020b   Thumb Code     0  startup_stm32g431xx.o(.text)
    RTC_Alarm_IRQHandler                     0x0800020b   Thumb Code     0  startup_stm32g431xx.o(.text)
    RTC_TAMP_LSECSS_IRQHandler               0x0800020b   Thumb Code     0  startup_stm32g431xx.o(.text)
    RTC_WKUP_IRQHandler                      0x0800020b   Thumb Code     0  startup_stm32g431xx.o(.text)
    SAI1_IRQHandler                          0x0800020b   Thumb Code     0  startup_stm32g431xx.o(.text)
    SPI1_IRQHandler                          0x0800020b   Thumb Code     0  startup_stm32g431xx.o(.text)
    SPI2_IRQHandler                          0x0800020b   Thumb Code     0  startup_stm32g431xx.o(.text)
    SPI3_IRQHandler                          0x0800020b   Thumb Code     0  startup_stm32g431xx.o(.text)
    TIM1_BRK_TIM15_IRQHandler                0x0800020b   Thumb Code     0  startup_stm32g431xx.o(.text)
    TIM1_CC_IRQHandler                       0x0800020b   Thumb Code     0  startup_stm32g431xx.o(.text)
    TIM1_TRG_COM_TIM17_IRQHandler            0x0800020b   Thumb Code     0  startup_stm32g431xx.o(.text)
    TIM1_UP_TIM16_IRQHandler                 0x0800020b   Thumb Code     0  startup_stm32g431xx.o(.text)
    TIM3_IRQHandler                          0x0800020b   Thumb Code     0  startup_stm32g431xx.o(.text)
    TIM4_IRQHandler                          0x0800020b   Thumb Code     0  startup_stm32g431xx.o(.text)
    TIM6_DAC_IRQHandler                      0x0800020b   Thumb Code     0  startup_stm32g431xx.o(.text)
    TIM7_DAC_IRQHandler                      0x0800020b   Thumb Code     0  startup_stm32g431xx.o(.text)
    TIM8_BRK_IRQHandler                      0x0800020b   Thumb Code     0  startup_stm32g431xx.o(.text)
    TIM8_CC_IRQHandler                       0x0800020b   Thumb Code     0  startup_stm32g431xx.o(.text)
    TIM8_TRG_COM_IRQHandler                  0x0800020b   Thumb Code     0  startup_stm32g431xx.o(.text)
    TIM8_UP_IRQHandler                       0x0800020b   Thumb Code     0  startup_stm32g431xx.o(.text)
    UART4_IRQHandler                         0x0800020b   Thumb Code     0  startup_stm32g431xx.o(.text)
    UCPD1_IRQHandler                         0x0800020b   Thumb Code     0  startup_stm32g431xx.o(.text)
    USART2_IRQHandler                        0x0800020b   Thumb Code     0  startup_stm32g431xx.o(.text)
    USART3_IRQHandler                        0x0800020b   Thumb Code     0  startup_stm32g431xx.o(.text)
    USBWakeUp_IRQHandler                     0x0800020b   Thumb Code     0  startup_stm32g431xx.o(.text)
    USB_HP_IRQHandler                        0x0800020b   Thumb Code     0  startup_stm32g431xx.o(.text)
    USB_LP_IRQHandler                        0x0800020b   Thumb Code     0  startup_stm32g431xx.o(.text)
    WWDG_IRQHandler                          0x0800020b   Thumb Code     0  startup_stm32g431xx.o(.text)
    __aeabi_uldivmod                         0x08000215   Thumb Code    98  uldiv.o(.text)
    __aeabi_memset                           0x08000277   Thumb Code    14  memseta.o(.text)
    __aeabi_memset4                          0x08000277   Thumb Code     0  memseta.o(.text)
    __aeabi_memset8                          0x08000277   Thumb Code     0  memseta.o(.text)
    __aeabi_memclr                           0x08000285   Thumb Code     4  memseta.o(.text)
    __aeabi_memclr4                          0x08000285   Thumb Code     0  memseta.o(.text)
    __aeabi_memclr8                          0x08000285   Thumb Code     0  memseta.o(.text)
    _memset$wrapper                          0x08000289   Thumb Code    18  memseta.o(.text)
    __aeabi_llsl                             0x0800029b   Thumb Code    30  llshl.o(.text)
    _ll_shift_l                              0x0800029b   Thumb Code     0  llshl.o(.text)
    __aeabi_llsr                             0x080002b9   Thumb Code    32  llushr.o(.text)
    _ll_ushift_r                             0x080002b9   Thumb Code     0  llushr.o(.text)
    __scatterload                            0x080002d9   Thumb Code    28  init.o(.text)
    __scatterload_rt2                        0x080002d9   Thumb Code     0  init.o(.text)
    BusFault_Handler                         0x080002fd   Thumb Code     2  stm32g4xx_it.o(i.BusFault_Handler)
    DMA1_Channel1_IRQHandler                 0x08000301   Thumb Code     6  stm32g4xx_it.o(i.DMA1_Channel1_IRQHandler)
    DMA1_Channel2_IRQHandler                 0x0800030d   Thumb Code     6  stm32g4xx_it.o(i.DMA1_Channel2_IRQHandler)
    DebugMon_Handler                         0x080003bb   Thumb Code     2  stm32g4xx_it.o(i.DebugMon_Handler)
    Delay_LCD                                0x080003bd   Thumb Code    28  lcd.o(i.Delay_LCD)
    Error_Handler                            0x080003d9   Thumb Code     2  main.o(i.Error_Handler)
    HAL_DMA_Abort                            0x080003db   Thumb Code   106  stm32g4xx_hal_dma.o(i.HAL_DMA_Abort)
    HAL_DMA_Abort_IT                         0x08000445   Thumb Code   120  stm32g4xx_hal_dma.o(i.HAL_DMA_Abort_IT)
    HAL_DMA_GetError                         0x080004bd   Thumb Code     4  stm32g4xx_hal_dma.o(i.HAL_DMA_GetError)
    HAL_DMA_IRQHandler                       0x080004c1   Thumb Code   186  stm32g4xx_hal_dma.o(i.HAL_DMA_IRQHandler)
    HAL_DMA_Init                             0x0800057d   Thumb Code   178  stm32g4xx_hal_dma.o(i.HAL_DMA_Init)
    HAL_DMA_Start_IT                         0x0800063d   Thumb Code   140  stm32g4xx_hal_dma.o(i.HAL_DMA_Start_IT)
    HAL_Delay                                0x080006c9   Thumb Code    32  stm32g4xx_hal.o(i.HAL_Delay)
    HAL_GPIO_Init                            0x080006ed   Thumb Code   422  stm32g4xx_hal_gpio.o(i.HAL_GPIO_Init)
    HAL_GPIO_ReadPin                         0x080008b5   Thumb Code    10  stm32g4xx_hal_gpio.o(i.HAL_GPIO_ReadPin)
    HAL_GPIO_WritePin                        0x080008bf   Thumb Code    10  stm32g4xx_hal_gpio.o(i.HAL_GPIO_WritePin)
    HAL_GetTick                              0x080008c9   Thumb Code     6  stm32g4xx_hal.o(i.HAL_GetTick)
    HAL_IncTick                              0x080008d5   Thumb Code    12  stm32g4xx_hal.o(i.HAL_IncTick)
    HAL_Init                                 0x080008e5   Thumb Code    30  stm32g4xx_hal.o(i.HAL_Init)
    HAL_InitTick                             0x08000905   Thumb Code    58  stm32g4xx_hal.o(i.HAL_InitTick)
    HAL_MspInit                              0x08000949   Thumb Code    48  stm32g4xx_hal_msp.o(i.HAL_MspInit)
    HAL_NVIC_EnableIRQ                       0x08000981   Thumb Code    26  stm32g4xx_hal_cortex.o(i.HAL_NVIC_EnableIRQ)
    HAL_NVIC_SetPriority                     0x0800099d   Thumb Code    60  stm32g4xx_hal_cortex.o(i.HAL_NVIC_SetPriority)
    HAL_NVIC_SetPriorityGrouping             0x080009dd   Thumb Code    26  stm32g4xx_hal_cortex.o(i.HAL_NVIC_SetPriorityGrouping)
    HAL_PWREx_ControlVoltageScaling          0x08000a01   Thumb Code   174  stm32g4xx_hal_pwr_ex.o(i.HAL_PWREx_ControlVoltageScaling)
    HAL_RCCEx_PeriphCLKConfig                0x08000abd   Thumb Code   638  stm32g4xx_hal_rcc_ex.o(i.HAL_RCCEx_PeriphCLKConfig)
    HAL_RCC_ClockConfig                      0x08000d45   Thumb Code   444  stm32g4xx_hal_rcc.o(i.HAL_RCC_ClockConfig)
    HAL_RCC_GetPCLK1Freq                     0x08000f21   Thumb Code    24  stm32g4xx_hal_rcc.o(i.HAL_RCC_GetPCLK1Freq)
    HAL_RCC_GetPCLK2Freq                     0x08000f45   Thumb Code    24  stm32g4xx_hal_rcc.o(i.HAL_RCC_GetPCLK2Freq)
    HAL_RCC_GetSysClockFreq                  0x08000f69   Thumb Code    98  stm32g4xx_hal_rcc.o(i.HAL_RCC_GetSysClockFreq)
    HAL_RCC_OscConfig                        0x08000fd9   Thumb Code  1036  stm32g4xx_hal_rcc.o(i.HAL_RCC_OscConfig)
    HAL_SYSTICK_Config                       0x080013e5   Thumb Code    40  stm32g4xx_hal_cortex.o(i.HAL_SYSTICK_Config)
    HAL_TIMEx_Break2Callback                 0x0800140d   Thumb Code     2  stm32g4xx_hal_tim_ex.o(i.HAL_TIMEx_Break2Callback)
    HAL_TIMEx_BreakCallback                  0x0800140f   Thumb Code     2  stm32g4xx_hal_tim_ex.o(i.HAL_TIMEx_BreakCallback)
    HAL_TIMEx_CommutCallback                 0x08001411   Thumb Code     2  stm32g4xx_hal_tim_ex.o(i.HAL_TIMEx_CommutCallback)
    HAL_TIMEx_DirectionChangeCallback        0x08001413   Thumb Code     2  stm32g4xx_hal_tim_ex.o(i.HAL_TIMEx_DirectionChangeCallback)
    HAL_TIMEx_EncoderIndexCallback           0x08001415   Thumb Code     2  stm32g4xx_hal_tim_ex.o(i.HAL_TIMEx_EncoderIndexCallback)
    HAL_TIMEx_IndexErrorCallback             0x08001417   Thumb Code     2  stm32g4xx_hal_tim_ex.o(i.HAL_TIMEx_IndexErrorCallback)
    HAL_TIMEx_MasterConfigSynchronization    0x08001419   Thumb Code   132  stm32g4xx_hal_tim_ex.o(i.HAL_TIMEx_MasterConfigSynchronization)
    HAL_TIMEx_TransitionErrorCallback        0x080014b5   Thumb Code     2  stm32g4xx_hal_tim_ex.o(i.HAL_TIMEx_TransitionErrorCallback)
    HAL_TIM_Base_Init                        0x080014b7   Thumb Code    98  stm32g4xx_hal_tim.o(i.HAL_TIM_Base_Init)
    HAL_TIM_Base_MspInit                     0x08001519   Thumb Code    50  tim.o(i.HAL_TIM_Base_MspInit)
    HAL_TIM_ConfigClockSource                0x08001551   Thumb Code   244  stm32g4xx_hal_tim.o(i.HAL_TIM_ConfigClockSource)
    HAL_TIM_IC_CaptureCallback               0x0800164d   Thumb Code     2  stm32g4xx_hal_tim.o(i.HAL_TIM_IC_CaptureCallback)
    HAL_TIM_IRQHandler                       0x0800164f   Thumb Code   508  stm32g4xx_hal_tim.o(i.HAL_TIM_IRQHandler)
    HAL_TIM_MspPostInit                      0x0800184d   Thumb Code    70  tim.o(i.HAL_TIM_MspPostInit)
    HAL_TIM_OC_DelayElapsedCallback          0x08001899   Thumb Code     2  stm32g4xx_hal_tim.o(i.HAL_TIM_OC_DelayElapsedCallback)
    HAL_TIM_PWM_ConfigChannel                0x0800189b   Thumb Code   286  stm32g4xx_hal_tim.o(i.HAL_TIM_PWM_ConfigChannel)
    HAL_TIM_PWM_Init                         0x080019b9   Thumb Code    98  stm32g4xx_hal_tim.o(i.HAL_TIM_PWM_Init)
    HAL_TIM_PWM_MspInit                      0x08001a1b   Thumb Code     2  stm32g4xx_hal_tim.o(i.HAL_TIM_PWM_MspInit)
    HAL_TIM_PWM_PulseFinishedCallback        0x08001a1d   Thumb Code     2  stm32g4xx_hal_tim.o(i.HAL_TIM_PWM_PulseFinishedCallback)
    HAL_TIM_PWM_Start                        0x08001a21   Thumb Code   188  stm32g4xx_hal_tim.o(i.HAL_TIM_PWM_Start)
    HAL_TIM_PeriodElapsedCallback            0x08001af5   Thumb Code     2  stm32g4xx_hal_tim.o(i.HAL_TIM_PeriodElapsedCallback)
    HAL_TIM_TriggerCallback                  0x08001af7   Thumb Code     2  stm32g4xx_hal_tim.o(i.HAL_TIM_TriggerCallback)
    HAL_UARTEx_DisableFifoMode               0x08001af9   Thumb Code    62  stm32g4xx_hal_uart_ex.o(i.HAL_UARTEx_DisableFifoMode)
    HAL_UARTEx_RxFifoFullCallback            0x08001b37   Thumb Code     2  stm32g4xx_hal_uart_ex.o(i.HAL_UARTEx_RxFifoFullCallback)
    HAL_UARTEx_SetRxFifoThreshold            0x08001b39   Thumb Code    76  stm32g4xx_hal_uart_ex.o(i.HAL_UARTEx_SetRxFifoThreshold)
    HAL_UARTEx_SetTxFifoThreshold            0x08001b85   Thumb Code    76  stm32g4xx_hal_uart_ex.o(i.HAL_UARTEx_SetTxFifoThreshold)
    HAL_UARTEx_TxFifoEmptyCallback           0x08001bd1   Thumb Code     2  stm32g4xx_hal_uart_ex.o(i.HAL_UARTEx_TxFifoEmptyCallback)
    HAL_UARTEx_WakeupCallback                0x08001bd3   Thumb Code     2  stm32g4xx_hal_uart_ex.o(i.HAL_UARTEx_WakeupCallback)
    HAL_UART_DMAStop                         0x08001bd5   Thumb Code   120  stm32g4xx_hal_uart.o(i.HAL_UART_DMAStop)
    HAL_UART_ErrorCallback                   0x08001c4d   Thumb Code     2  stm32g4xx_hal_uart.o(i.HAL_UART_ErrorCallback)
    HAL_UART_IRQHandler                      0x08001c51   Thumb Code   404  stm32g4xx_hal_uart.o(i.HAL_UART_IRQHandler)
    HAL_UART_IdleCpltCallback                0x08001ded   Thumb Code    76  main.o(i.HAL_UART_IdleCpltCallback)
    HAL_UART_Init                            0x08001e49   Thumb Code   106  stm32g4xx_hal_uart.o(i.HAL_UART_Init)
    HAL_UART_MspInit                         0x08001eb5   Thumb Code   196  usart.o(i.HAL_UART_MspInit)
    HAL_UART_Receive_DMA                     0x08001f89   Thumb Code   150  stm32g4xx_hal_uart.o(i.HAL_UART_Receive_DMA)
    HAL_UART_RxCpltCallback                  0x0800202d   Thumb Code     2  stm32g4xx_hal_uart.o(i.HAL_UART_RxCpltCallback)
    HAL_UART_RxHalfCpltCallback              0x0800202f   Thumb Code     2  stm32g4xx_hal_uart.o(i.HAL_UART_RxHalfCpltCallback)
    HAL_UART_TxCpltCallback                  0x08002031   Thumb Code     2  stm32g4xx_hal_uart.o(i.HAL_UART_TxCpltCallback)
    HardFault_Handler                        0x08002033   Thumb Code     2  stm32g4xx_it.o(i.HardFault_Handler)
    LCD_BusIn                                0x08002035   Thumb Code    40  lcd.o(i.LCD_BusIn)
    LCD_BusOut                               0x08002061   Thumb Code    42  lcd.o(i.LCD_BusOut)
    LCD_Clear                                0x08002091   Thumb Code    36  lcd.o(i.LCD_Clear)
    LCD_CtrlLinesConfig                      0x080020b5   Thumb Code   136  lcd.o(i.LCD_CtrlLinesConfig)
    LCD_DisplayChar                          0x08002145   Thumb Code    18  lcd.o(i.LCD_DisplayChar)
    LCD_DisplayStringLine                    0x0800215d   Thumb Code    42  lcd.o(i.LCD_DisplayStringLine)
    LCD_DrawChar                             0x08002189   Thumb Code    84  lcd.o(i.LCD_DrawChar)
    LCD_Init                                 0x080021e1   Thumb Code    46  lcd.o(i.LCD_Init)
    LCD_ReadReg                              0x08002215   Thumb Code   120  lcd.o(i.LCD_ReadReg)
    LCD_SetBackColor                         0x08002295   Thumb Code    12  lcd.o(i.LCD_SetBackColor)
    LCD_SetCursor                            0x080022a5   Thumb Code    24  lcd.o(i.LCD_SetCursor)
    LCD_SetTextColor                         0x080022bd   Thumb Code    12  lcd.o(i.LCD_SetTextColor)
    LCD_WriteRAM                             0x080022cd   Thumb Code    80  lcd.o(i.LCD_WriteRAM)
    LCD_WriteRAM_Prepare                     0x08002325   Thumb Code    82  lcd.o(i.LCD_WriteRAM_Prepare)
    LCD_WriteReg                             0x08002381   Thumb Code   100  lcd.o(i.LCD_WriteReg)
    MX_DMA_Init                              0x080023ed   Thumb Code    72  dma.o(i.MX_DMA_Init)
    MX_GPIO_Init                             0x08002439   Thumb Code   148  gpio.o(i.MX_GPIO_Init)
    MX_TIM2_Init                             0x080024d9   Thumb Code   154  tim.o(i.MX_TIM2_Init)
    MX_USART1_UART_Init                      0x08002579   Thumb Code    94  usart.o(i.MX_USART1_UART_Init)
    MemManage_Handler                        0x080025e1   Thumb Code     2  stm32g4xx_it.o(i.MemManage_Handler)
    NMI_Handler                              0x080025e3   Thumb Code     2  stm32g4xx_it.o(i.NMI_Handler)
    PendSV_Handler                           0x080025e5   Thumb Code     2  stm32g4xx_it.o(i.PendSV_Handler)
    REG_8230_Init                            0x080025e7   Thumb Code   274  lcd.o(i.REG_8230_Init)
    REG_932X_Init                            0x080026f9   Thumb Code   514  lcd.o(i.REG_932X_Init)
    Re_TIM2_Init                             0x080028fd   Thumb Code   152  task.o(i.Re_TIM2_Init)
    SVC_Handler                              0x08002999   Thumb Code     2  stm32g4xx_it.o(i.SVC_Handler)
    SysTick_Handler                          0x0800299d   Thumb Code   138  stm32g4xx_it.o(i.SysTick_Handler)
    SystemClock_Config                       0x08002a49   Thumb Code   106  main.o(i.SystemClock_Config)
    SystemInit                               0x08002ab5   Thumb Code    22  system_stm32g4xx.o(i.SystemInit)
    TIM2_IRQHandler                          0x08002ad1   Thumb Code     6  stm32g4xx_it.o(i.TIM2_IRQHandler)
    TIM_Base_SetConfig                       0x08002add   Thumb Code   146  stm32g4xx_hal_tim.o(i.TIM_Base_SetConfig)
    TIM_CCxChannelCmd                        0x08002b8d   Thumb Code    26  stm32g4xx_hal_tim.o(i.TIM_CCxChannelCmd)
    TIM_ETR_SetConfig                        0x08002ba7   Thumb Code    20  stm32g4xx_hal_tim.o(i.TIM_ETR_SetConfig)
    TIM_OC2_SetConfig                        0x08002c6d   Thumb Code   120  stm32g4xx_hal_tim.o(i.TIM_OC2_SetConfig)
    UART_AdvFeatureConfig                    0x08002fa9   Thumb Code   200  stm32g4xx_hal_uart.o(i.UART_AdvFeatureConfig)
    UART_CheckIdleState                      0x08003071   Thumb Code    94  stm32g4xx_hal_uart.o(i.UART_CheckIdleState)
    UART_SetConfig                           0x080031bd   Thumb Code  1958  stm32g4xx_hal_uart.o(i.UART_SetConfig)
    UART_WaitOnFlagUntilTimeout              0x08003963   Thumb Code   100  stm32g4xx_hal_uart.o(i.UART_WaitOnFlagUntilTimeout)
    USART1_IRQHandler                        0x080039c9   Thumb Code    40  stm32g4xx_it.o(i.USART1_IRQHandler)
    UsageFault_Handler                       0x080039f5   Thumb Code     2  stm32g4xx_it.o(i.UsageFault_Handler)
    __0sprintf$2                             0x080039f9   Thumb Code    34  printf2.o(i.__0sprintf$2)
    __1sprintf$2                             0x080039f9   Thumb Code     0  printf2.o(i.__0sprintf$2)
    __2sprintf                               0x080039f9   Thumb Code     0  printf2.o(i.__0sprintf$2)
    __scatterload_copy                       0x08003a41   Thumb Code    14  handlers.o(i.__scatterload_copy)
    __scatterload_null                       0x08003a4f   Thumb Code     2  handlers.o(i.__scatterload_null)
    __scatterload_zeroinit                   0x08003a51   Thumb Code    14  handlers.o(i.__scatterload_zeroinit)
    change_display                           0x08003b41   Thumb Code    14  task.o(i.change_display)
    change_to_sta                            0x08003b55   Thumb Code    94  task.o(i.change_to_sta)
    close_led                                0x08003bbd   Thumb Code    40  task.o(i.close_led)
    control_led                              0x08003bed   Thumb Code    92  task.o(i.control_led)
    display_PSD                              0x08003c55   Thumb Code    72  task.o(i.display_PSD)
    display_STA                              0x08003d01   Thumb Code    38  task.o(i.display_STA)
    key_scan                                 0x08003d89   Thumb Code   210  task.o(i.key_scan)
    main                                     0x08003e65   Thumb Code    98  main.o(i.main)
    password_change                          0x08003ed5   Thumb Code    24  task.o(i.password_change)
    project13                                0x08003ef1   Thumb Code    18  task.o(i.project13)
    ASCII_Table                              0x08003f02   Data        4560  lcd.o(.constdata)
    AHBPrescTable                            0x080050d2   Data          16  system_stm32g4xx.o(.constdata)
    APBPrescTable                            0x080050e2   Data           8  system_stm32g4xx.o(.constdata)
    Region$$Table$$Base                      0x080050ec   Number         0  anon$$obj.o(Region$$Table)
    Region$$Table$$Limit                     0x0800510c   Number         0  anon$$obj.o(Region$$Table)
    dummy                                    0x20000004   Data           2  lcd.o(.data)
    PSD_STA                                  0x20000006   Data           1  task.o(.data)
    true_flase                               0x20000007   Data           1  task.o(.data)
    count_flag                               0x20000008   Data           1  task.o(.data)
    num_of_input                             0x20000009   Data           1  task.o(.data)
    led1                                     0x2000000a   Data           1  task.o(.data)
    led2                                     0x2000000b   Data           1  task.o(.data)
    saved_password                           0x2000000c   Data           3  task.o(.data)
    input_password                           0x2000000f   Data           3  task.o(.data)
    num                                      0x20000014   Data           4  stm32g4xx_it.o(.data)
    num1                                     0x20000018   Data           4  stm32g4xx_it.o(.data)
    uwTickPrio                               0x2000001c   Data           4  stm32g4xx_hal.o(.data)
    uwTickFreq                               0x20000020   Data           4  stm32g4xx_hal.o(.data)
    uwTick                                   0x20000024   Data           4  stm32g4xx_hal.o(.data)
    SystemCoreClock                          0x20000028   Data           4  system_stm32g4xx.o(.data)
    RX                                       0x2000002c   Data          50  main.o(.bss)
    htim2                                    0x20000060   Data          76  tim.o(.bss)
    huart1                                   0x200000ac   Data         140  usart.o(.bss)
    hdma_usart1_rx                           0x20000138   Data          96  usart.o(.bss)
    hdma_usart1_tx                           0x20000198   Data          96  usart.o(.bss)
    __initial_sp                             0x200005f8   Data           0  startup_stm32g431xx.o(STACK)



==============================================================================

Memory Map of the image

  Image Entry point : 0x080001d9

  Load Region LR_IROM1 (Base: 0x08000000, Size: 0x00005138, Max: 0x00020000, ABSOLUTE)

    Execution Region ER_IROM1 (Exec base: 0x08000000, Load base: 0x08000000, Size: 0x0000510c, Max: 0x00020000, ABSOLUTE)

    Exec Addr    Load Addr    Size         Type   Attr      Idx    E Section Name        Object

    0x08000000   0x08000000   0x000001d8   Data   RO            3    RESET               startup_stm32g431xx.o
    0x080001d8   0x080001d8   0x00000000   Code   RO         3876  * .ARM.Collect$$$$00000000  mc_w.l(entry.o)
    0x080001d8   0x080001d8   0x00000004   Code   RO         4144    .ARM.Collect$$$$00000001  mc_w.l(entry2.o)
    0x080001dc   0x080001dc   0x00000004   Code   RO         4147    .ARM.Collect$$$$00000004  mc_w.l(entry5.o)
    0x080001e0   0x080001e0   0x00000000   Code   RO         4149    .ARM.Collect$$$$00000008  mc_w.l(entry7b.o)
    0x080001e0   0x080001e0   0x00000000   Code   RO         4151    .ARM.Collect$$$$0000000A  mc_w.l(entry8b.o)
    0x080001e0   0x080001e0   0x00000008   Code   RO         4152    .ARM.Collect$$$$0000000B  mc_w.l(entry9a.o)
    0x080001e8   0x080001e8   0x00000004   Code   RO         4159    .ARM.Collect$$$$0000000E  mc_w.l(entry12b.o)
    0x080001ec   0x080001ec   0x00000000   Code   RO         4154    .ARM.Collect$$$$0000000F  mc_w.l(entry10a.o)
    0x080001ec   0x080001ec   0x00000000   Code   RO         4156    .ARM.Collect$$$$00000011  mc_w.l(entry11a.o)
    0x080001ec   0x080001ec   0x00000004   Code   RO         4145    .ARM.Collect$$$$00002712  mc_w.l(entry2.o)
    0x080001f0   0x080001f0   0x00000024   Code   RO            4    .text               startup_stm32g431xx.o
    0x08000214   0x08000214   0x00000062   Code   RO         3879    .text               mc_w.l(uldiv.o)
    0x08000276   0x08000276   0x00000024   Code   RO         3881    .text               mc_w.l(memseta.o)
    0x0800029a   0x0800029a   0x0000001e   Code   RO         4165    .text               mc_w.l(llshl.o)
    0x080002b8   0x080002b8   0x00000020   Code   RO         4167    .text               mc_w.l(llushr.o)
    0x080002d8   0x080002d8   0x00000024   Code   RO         4180    .text               mc_w.l(init.o)
    0x080002fc   0x080002fc   0x00000002   Code   RO          617    i.BusFault_Handler  stm32g4xx_it.o
    0x080002fe   0x080002fe   0x00000002   PAD
    0x08000300   0x08000300   0x0000000c   Code   RO          618    i.DMA1_Channel1_IRQHandler  stm32g4xx_it.o
    0x0800030c   0x0800030c   0x0000000c   Code   RO          619    i.DMA1_Channel2_IRQHandler  stm32g4xx_it.o
    0x08000318   0x08000318   0x00000040   Code   RO         2728    i.DMA_CalcDMAMUXChannelBaseAndMask  stm32g4xx_hal_dma.o
    0x08000358   0x08000358   0x00000024   Code   RO         2729    i.DMA_CalcDMAMUXRequestGenBaseAndMask  stm32g4xx_hal_dma.o
    0x0800037c   0x0800037c   0x0000003e   Code   RO         2730    i.DMA_SetConfig     stm32g4xx_hal_dma.o
    0x080003ba   0x080003ba   0x00000002   Code   RO          620    i.DebugMon_Handler  stm32g4xx_it.o
    0x080003bc   0x080003bc   0x0000001c   Code   RO           13    i.Delay_LCD         lcd.o
    0x080003d8   0x080003d8   0x00000002   Code   RO          420    i.Error_Handler     main.o
    0x080003da   0x080003da   0x0000006a   Code   RO         2731    i.HAL_DMA_Abort     stm32g4xx_hal_dma.o
    0x08000444   0x08000444   0x00000078   Code   RO         2732    i.HAL_DMA_Abort_IT  stm32g4xx_hal_dma.o
    0x080004bc   0x080004bc   0x00000004   Code   RO         2734    i.HAL_DMA_GetError  stm32g4xx_hal_dma.o
    0x080004c0   0x080004c0   0x000000ba   Code   RO         2736    i.HAL_DMA_IRQHandler  stm32g4xx_hal_dma.o
    0x0800057a   0x0800057a   0x00000002   PAD
    0x0800057c   0x0800057c   0x000000c0   Code   RO         2737    i.HAL_DMA_Init      stm32g4xx_hal_dma.o
    0x0800063c   0x0800063c   0x0000008c   Code   RO         2741    i.HAL_DMA_Start_IT  stm32g4xx_hal_dma.o
    0x080006c8   0x080006c8   0x00000024   Code   RO         1968    i.HAL_Delay         stm32g4xx_hal.o
    0x080006ec   0x080006ec   0x000001c8   Code   RO          750    i.HAL_GPIO_Init     stm32g4xx_hal_gpio.o
    0x080008b4   0x080008b4   0x0000000a   Code   RO          752    i.HAL_GPIO_ReadPin  stm32g4xx_hal_gpio.o
    0x080008be   0x080008be   0x0000000a   Code   RO          754    i.HAL_GPIO_WritePin  stm32g4xx_hal_gpio.o
    0x080008c8   0x080008c8   0x0000000c   Code   RO         1972    i.HAL_GetTick       stm32g4xx_hal.o
    0x080008d4   0x080008d4   0x00000010   Code   RO         1975    i.HAL_IncTick       stm32g4xx_hal.o
    0x080008e4   0x080008e4   0x0000001e   Code   RO         1976    i.HAL_Init          stm32g4xx_hal.o
    0x08000902   0x08000902   0x00000002   PAD
    0x08000904   0x08000904   0x00000044   Code   RO         1977    i.HAL_InitTick      stm32g4xx_hal.o
    0x08000948   0x08000948   0x00000038   Code   RO          720    i.HAL_MspInit       stm32g4xx_hal_msp.o
    0x08000980   0x08000980   0x0000001a   Code   RO         3240    i.HAL_NVIC_EnableIRQ  stm32g4xx_hal_cortex.o
    0x0800099a   0x0800099a   0x00000002   PAD
    0x0800099c   0x0800099c   0x00000040   Code   RO         3246    i.HAL_NVIC_SetPriority  stm32g4xx_hal_cortex.o
    0x080009dc   0x080009dc   0x00000024   Code   RO         3247    i.HAL_NVIC_SetPriorityGrouping  stm32g4xx_hal_cortex.o
    0x08000a00   0x08000a00   0x000000bc   Code   RO         2996    i.HAL_PWREx_ControlVoltageScaling  stm32g4xx_hal_pwr_ex.o
    0x08000abc   0x08000abc   0x00000288   Code   RO         2321    i.HAL_RCCEx_PeriphCLKConfig  stm32g4xx_hal_rcc_ex.o
    0x08000d44   0x08000d44   0x000001dc   Code   RO         2196    i.HAL_RCC_ClockConfig  stm32g4xx_hal_rcc.o
    0x08000f20   0x08000f20   0x00000024   Code   RO         2204    i.HAL_RCC_GetPCLK1Freq  stm32g4xx_hal_rcc.o
    0x08000f44   0x08000f44   0x00000024   Code   RO         2205    i.HAL_RCC_GetPCLK2Freq  stm32g4xx_hal_rcc.o
    0x08000f68   0x08000f68   0x00000070   Code   RO         2206    i.HAL_RCC_GetSysClockFreq  stm32g4xx_hal_rcc.o
    0x08000fd8   0x08000fd8   0x0000040c   Code   RO         2209    i.HAL_RCC_OscConfig  stm32g4xx_hal_rcc.o
    0x080013e4   0x080013e4   0x00000028   Code   RO         3251    i.HAL_SYSTICK_Config  stm32g4xx_hal_cortex.o
    0x0800140c   0x0800140c   0x00000002   Code   RO         1529    i.HAL_TIMEx_Break2Callback  stm32g4xx_hal_tim_ex.o
    0x0800140e   0x0800140e   0x00000002   Code   RO         1530    i.HAL_TIMEx_BreakCallback  stm32g4xx_hal_tim_ex.o
    0x08001410   0x08001410   0x00000002   Code   RO         1531    i.HAL_TIMEx_CommutCallback  stm32g4xx_hal_tim_ex.o
    0x08001412   0x08001412   0x00000002   Code   RO         1542    i.HAL_TIMEx_DirectionChangeCallback  stm32g4xx_hal_tim_ex.o
    0x08001414   0x08001414   0x00000002   Code   RO         1556    i.HAL_TIMEx_EncoderIndexCallback  stm32g4xx_hal_tim_ex.o
    0x08001416   0x08001416   0x00000002   Code   RO         1570    i.HAL_TIMEx_IndexErrorCallback  stm32g4xx_hal_tim_ex.o
    0x08001418   0x08001418   0x0000009c   Code   RO         1571    i.HAL_TIMEx_MasterConfigSynchronization  stm32g4xx_hal_tim_ex.o
    0x080014b4   0x080014b4   0x00000002   Code   RO         1592    i.HAL_TIMEx_TransitionErrorCallback  stm32g4xx_hal_tim_ex.o
    0x080014b6   0x080014b6   0x00000062   Code   RO          815    i.HAL_TIM_Base_Init  stm32g4xx_hal_tim.o
    0x08001518   0x08001518   0x00000038   Code   RO          528    i.HAL_TIM_Base_MspInit  tim.o
    0x08001550   0x08001550   0x000000fc   Code   RO          824    i.HAL_TIM_ConfigClockSource  stm32g4xx_hal_tim.o
    0x0800164c   0x0800164c   0x00000002   Code   RO          849    i.HAL_TIM_IC_CaptureCallback  stm32g4xx_hal_tim.o
    0x0800164e   0x0800164e   0x000001fc   Code   RO          863    i.HAL_TIM_IRQHandler  stm32g4xx_hal_tim.o
    0x0800184a   0x0800184a   0x00000002   PAD
    0x0800184c   0x0800184c   0x0000004c   Code   RO          529    i.HAL_TIM_MspPostInit  tim.o
    0x08001898   0x08001898   0x00000002   Code   RO          866    i.HAL_TIM_OC_DelayElapsedCallback  stm32g4xx_hal_tim.o
    0x0800189a   0x0800189a   0x0000011e   Code   RO          887    i.HAL_TIM_PWM_ConfigChannel  stm32g4xx_hal_tim.o
    0x080019b8   0x080019b8   0x00000062   Code   RO          890    i.HAL_TIM_PWM_Init  stm32g4xx_hal_tim.o
    0x08001a1a   0x08001a1a   0x00000002   Code   RO          892    i.HAL_TIM_PWM_MspInit  stm32g4xx_hal_tim.o
    0x08001a1c   0x08001a1c   0x00000002   Code   RO          893    i.HAL_TIM_PWM_PulseFinishedCallback  stm32g4xx_hal_tim.o
    0x08001a1e   0x08001a1e   0x00000002   PAD
    0x08001a20   0x08001a20   0x000000d4   Code   RO          895    i.HAL_TIM_PWM_Start  stm32g4xx_hal_tim.o
    0x08001af4   0x08001af4   0x00000002   Code   RO          901    i.HAL_TIM_PeriodElapsedCallback  stm32g4xx_hal_tim.o
    0x08001af6   0x08001af6   0x00000002   Code   RO          906    i.HAL_TIM_TriggerCallback  stm32g4xx_hal_tim.o
    0x08001af8   0x08001af8   0x0000003e   Code   RO         3748    i.HAL_UARTEx_DisableFifoMode  stm32g4xx_hal_uart_ex.o
    0x08001b36   0x08001b36   0x00000002   Code   RO         3752    i.HAL_UARTEx_RxFifoFullCallback  stm32g4xx_hal_uart_ex.o
    0x08001b38   0x08001b38   0x0000004c   Code   RO         3753    i.HAL_UARTEx_SetRxFifoThreshold  stm32g4xx_hal_uart_ex.o
    0x08001b84   0x08001b84   0x0000004c   Code   RO         3754    i.HAL_UARTEx_SetTxFifoThreshold  stm32g4xx_hal_uart_ex.o
    0x08001bd0   0x08001bd0   0x00000002   Code   RO         3756    i.HAL_UARTEx_TxFifoEmptyCallback  stm32g4xx_hal_uart_ex.o
    0x08001bd2   0x08001bd2   0x00000002   Code   RO         3757    i.HAL_UARTEx_WakeupCallback  stm32g4xx_hal_uart_ex.o
    0x08001bd4   0x08001bd4   0x00000078   Code   RO         3390    i.HAL_UART_DMAStop  stm32g4xx_hal_uart.o
    0x08001c4c   0x08001c4c   0x00000002   Code   RO         3392    i.HAL_UART_ErrorCallback  stm32g4xx_hal_uart.o
    0x08001c4e   0x08001c4e   0x00000002   PAD
    0x08001c50   0x08001c50   0x0000019c   Code   RO         3395    i.HAL_UART_IRQHandler  stm32g4xx_hal_uart.o
    0x08001dec   0x08001dec   0x0000005c   Code   RO          421    i.HAL_UART_IdleCpltCallback  main.o
    0x08001e48   0x08001e48   0x0000006a   Code   RO         3396    i.HAL_UART_Init     stm32g4xx_hal_uart.o
    0x08001eb2   0x08001eb2   0x00000002   PAD
    0x08001eb4   0x08001eb4   0x000000d4   Code   RO          576    i.HAL_UART_MspInit  usart.o
    0x08001f88   0x08001f88   0x000000a4   Code   RO         3400    i.HAL_UART_Receive_DMA  stm32g4xx_hal_uart.o
    0x0800202c   0x0800202c   0x00000002   Code   RO         3402    i.HAL_UART_RxCpltCallback  stm32g4xx_hal_uart.o
    0x0800202e   0x0800202e   0x00000002   Code   RO         3403    i.HAL_UART_RxHalfCpltCallback  stm32g4xx_hal_uart.o
    0x08002030   0x08002030   0x00000002   Code   RO         3407    i.HAL_UART_TxCpltCallback  stm32g4xx_hal_uart.o
    0x08002032   0x08002032   0x00000002   Code   RO          621    i.HardFault_Handler  stm32g4xx_it.o
    0x08002034   0x08002034   0x0000002c   Code   RO           14    i.LCD_BusIn         lcd.o
    0x08002060   0x08002060   0x00000030   Code   RO           15    i.LCD_BusOut        lcd.o
    0x08002090   0x08002090   0x00000024   Code   RO           16    i.LCD_Clear         lcd.o
    0x080020b4   0x080020b4   0x00000090   Code   RO           18    i.LCD_CtrlLinesConfig  lcd.o
    0x08002144   0x08002144   0x00000018   Code   RO           19    i.LCD_DisplayChar   lcd.o
    0x0800215c   0x0800215c   0x0000002a   Code   RO           22    i.LCD_DisplayStringLine  lcd.o
    0x08002186   0x08002186   0x00000002   PAD
    0x08002188   0x08002188   0x00000058   Code   RO           23    i.LCD_DrawChar      lcd.o
    0x080021e0   0x080021e0   0x00000034   Code   RO           29    i.LCD_Init          lcd.o
    0x08002214   0x08002214   0x00000080   Code   RO           32    i.LCD_ReadReg       lcd.o
    0x08002294   0x08002294   0x00000010   Code   RO           33    i.LCD_SetBackColor  lcd.o
    0x080022a4   0x080022a4   0x00000018   Code   RO           34    i.LCD_SetCursor     lcd.o
    0x080022bc   0x080022bc   0x00000010   Code   RO           36    i.LCD_SetTextColor  lcd.o
    0x080022cc   0x080022cc   0x00000058   Code   RO           39    i.LCD_WriteRAM      lcd.o
    0x08002324   0x08002324   0x0000005c   Code   RO           40    i.LCD_WriteRAM_Prepare  lcd.o
    0x08002380   0x08002380   0x0000006c   Code   RO           41    i.LCD_WriteReg      lcd.o
    0x080023ec   0x080023ec   0x0000004c   Code   RO          503    i.MX_DMA_Init       dma.o
    0x08002438   0x08002438   0x000000a0   Code   RO          479    i.MX_GPIO_Init      gpio.o
    0x080024d8   0x080024d8   0x000000a0   Code   RO          530    i.MX_TIM2_Init      tim.o
    0x08002578   0x08002578   0x00000068   Code   RO          577    i.MX_USART1_UART_Init  usart.o
    0x080025e0   0x080025e0   0x00000002   Code   RO          622    i.MemManage_Handler  stm32g4xx_it.o
    0x080025e2   0x080025e2   0x00000002   Code   RO          623    i.NMI_Handler       stm32g4xx_it.o
    0x080025e4   0x080025e4   0x00000002   Code   RO          624    i.PendSV_Handler    stm32g4xx_it.o
    0x080025e6   0x080025e6   0x00000112   Code   RO           42    i.REG_8230_Init     lcd.o
    0x080026f8   0x080026f8   0x00000202   Code   RO           43    i.REG_932X_Init     lcd.o
    0x080028fa   0x080028fa   0x00000002   PAD
    0x080028fc   0x080028fc   0x0000009c   Code   RO          326    i.Re_TIM2_Init      task.o
    0x08002998   0x08002998   0x00000002   Code   RO          625    i.SVC_Handler       stm32g4xx_it.o
    0x0800299a   0x0800299a   0x00000002   PAD
    0x0800299c   0x0800299c   0x000000ac   Code   RO          626    i.SysTick_Handler   stm32g4xx_it.o
    0x08002a48   0x08002a48   0x0000006a   Code   RO          422    i.SystemClock_Config  main.o
    0x08002ab2   0x08002ab2   0x00000002   PAD
    0x08002ab4   0x08002ab4   0x0000001c   Code   RO         3842    i.SystemInit        system_stm32g4xx.o
    0x08002ad0   0x08002ad0   0x0000000c   Code   RO          627    i.TIM2_IRQHandler   stm32g4xx_it.o
    0x08002adc   0x08002adc   0x000000b0   Code   RO          908    i.TIM_Base_SetConfig  stm32g4xx_hal_tim.o
    0x08002b8c   0x08002b8c   0x0000001a   Code   RO          909    i.TIM_CCxChannelCmd  stm32g4xx_hal_tim.o
    0x08002ba6   0x08002ba6   0x00000014   Code   RO          919    i.TIM_ETR_SetConfig  stm32g4xx_hal_tim.o
    0x08002bba   0x08002bba   0x00000002   PAD
    0x08002bbc   0x08002bbc   0x00000014   Code   RO          920    i.TIM_ITRx_SetConfig  stm32g4xx_hal_tim.o
    0x08002bd0   0x08002bd0   0x0000009c   Code   RO          921    i.TIM_OC1_SetConfig  stm32g4xx_hal_tim.o
    0x08002c6c   0x08002c6c   0x00000090   Code   RO          922    i.TIM_OC2_SetConfig  stm32g4xx_hal_tim.o
    0x08002cfc   0x08002cfc   0x00000090   Code   RO          923    i.TIM_OC3_SetConfig  stm32g4xx_hal_tim.o
    0x08002d8c   0x08002d8c   0x00000090   Code   RO          924    i.TIM_OC4_SetConfig  stm32g4xx_hal_tim.o
    0x08002e1c   0x08002e1c   0x00000070   Code   RO          925    i.TIM_OC5_SetConfig  stm32g4xx_hal_tim.o
    0x08002e8c   0x08002e8c   0x00000070   Code   RO          926    i.TIM_OC6_SetConfig  stm32g4xx_hal_tim.o
    0x08002efc   0x08002efc   0x00000022   Code   RO          928    i.TIM_TI1_ConfigInputStage  stm32g4xx_hal_tim.o
    0x08002f1e   0x08002f1e   0x00000024   Code   RO          930    i.TIM_TI2_ConfigInputStage  stm32g4xx_hal_tim.o
    0x08002f42   0x08002f42   0x00000002   PAD
    0x08002f44   0x08002f44   0x00000064   Code   RO         3758    i.UARTEx_SetNbDataToProcess  stm32g4xx_hal_uart_ex.o
    0x08002fa8   0x08002fa8   0x000000c8   Code   RO         3409    i.UART_AdvFeatureConfig  stm32g4xx_hal_uart.o
    0x08003070   0x08003070   0x0000005e   Code   RO         3410    i.UART_CheckIdleState  stm32g4xx_hal_uart.o
    0x080030ce   0x080030ce   0x00000014   Code   RO         3411    i.UART_DMAAbortOnError  stm32g4xx_hal_uart.o
    0x080030e2   0x080030e2   0x00000050   Code   RO         3412    i.UART_DMAError     stm32g4xx_hal_uart.o
    0x08003132   0x08003132   0x0000003e   Code   RO         3413    i.UART_DMAReceiveCplt  stm32g4xx_hal_uart.o
    0x08003170   0x08003170   0x0000000a   Code   RO         3415    i.UART_DMARxHalfCplt  stm32g4xx_hal_uart.o
    0x0800317a   0x0800317a   0x00000002   PAD
    0x0800317c   0x0800317c   0x00000024   Code   RO         3421    i.UART_EndRxTransfer  stm32g4xx_hal_uart.o
    0x080031a0   0x080031a0   0x0000001c   Code   RO         3422    i.UART_EndTxTransfer  stm32g4xx_hal_uart.o
    0x080031bc   0x080031bc   0x000007a6   Code   RO         3427    i.UART_SetConfig    stm32g4xx_hal_uart.o
    0x08003962   0x08003962   0x00000064   Code   RO         3432    i.UART_WaitOnFlagUntilTimeout  stm32g4xx_hal_uart.o
    0x080039c6   0x080039c6   0x00000002   PAD
    0x080039c8   0x080039c8   0x0000002c   Code   RO          628    i.USART1_IRQHandler  stm32g4xx_it.o
    0x080039f4   0x080039f4   0x00000002   Code   RO          629    i.UsageFault_Handler  stm32g4xx_it.o
    0x080039f6   0x080039f6   0x00000002   PAD
    0x080039f8   0x080039f8   0x00000028   Code   RO         3952    i.__0sprintf$2      mc_w.l(printf2.o)
    0x08003a20   0x08003a20   0x00000020   Code   RO         3253    i.__NVIC_SetPriority  stm32g4xx_hal_cortex.o
    0x08003a40   0x08003a40   0x0000000e   Code   RO         4190    i.__scatterload_copy  mc_w.l(handlers.o)
    0x08003a4e   0x08003a4e   0x00000002   Code   RO         4191    i.__scatterload_null  mc_w.l(handlers.o)
    0x08003a50   0x08003a50   0x0000000e   Code   RO         4192    i.__scatterload_zeroinit  mc_w.l(handlers.o)
    0x08003a5e   0x08003a5e   0x000000d6   Code   RO         3957    i._printf_core      mc_w.l(printf2.o)
    0x08003b34   0x08003b34   0x0000000a   Code   RO         3959    i._sputc            mc_w.l(printf2.o)
    0x08003b3e   0x08003b3e   0x00000002   PAD
    0x08003b40   0x08003b40   0x00000014   Code   RO          327    i.change_display    task.o
    0x08003b54   0x08003b54   0x00000068   Code   RO          328    i.change_to_sta     task.o
    0x08003bbc   0x08003bbc   0x00000030   Code   RO          329    i.close_led         task.o
    0x08003bec   0x08003bec   0x00000068   Code   RO          330    i.control_led       task.o
    0x08003c54   0x08003c54   0x000000ac   Code   RO          331    i.display_PSD       task.o
    0x08003d00   0x08003d00   0x00000088   Code   RO          332    i.display_STA       task.o
    0x08003d88   0x08003d88   0x000000dc   Code   RO          333    i.key_scan          task.o
    0x08003e64   0x08003e64   0x00000070   Code   RO          423    i.main              main.o
    0x08003ed4   0x08003ed4   0x0000001c   Code   RO          334    i.password_change   task.o
    0x08003ef0   0x08003ef0   0x00000012   Code   RO          335    i.project13         task.o
    0x08003f02   0x08003f02   0x000011d0   Data   RO           44    .constdata          lcd.o
    0x080050d2   0x080050d2   0x00000010   Data   RO         3843    .constdata          system_stm32g4xx.o
    0x080050e2   0x080050e2   0x00000008   Data   RO         3844    .constdata          system_stm32g4xx.o
    0x080050ea   0x080050ea   0x00000002   PAD
    0x080050ec   0x080050ec   0x00000020   Data   RO         4188    Region$$Table       anon$$obj.o


    Execution Region RW_IRAM1 (Exec base: 0x20000000, Load base: 0x0800510c, Size: 0x000005f8, Max: 0x00008000, ABSOLUTE)

    Exec Addr    Load Addr    Size         Type   Attr      Idx    E Section Name        Object

    0x20000000   0x0800510c   0x00000006   Data   RW           45    .data               lcd.o
    0x20000006   0x08005112   0x0000000c   Data   RW          336    .data               task.o
    0x20000012   0x0800511e   0x00000002   PAD
    0x20000014   0x08005120   0x00000008   Data   RW          630    .data               stm32g4xx_it.o
    0x2000001c   0x08005128   0x0000000c   Data   RW         1996    .data               stm32g4xx_hal.o
    0x20000028   0x08005134   0x00000004   Data   RW         3845    .data               system_stm32g4xx.o
    0x2000002c        -       0x00000032   Zero   RW          424    .bss                main.o
    0x2000005e   0x08005138   0x00000002   PAD
    0x20000060        -       0x0000004c   Zero   RW          531    .bss                tim.o
    0x200000ac        -       0x0000014c   Zero   RW          578    .bss                usart.o
    0x200001f8        -       0x00000400   Zero   RW            1    STACK               startup_stm32g431xx.o


==============================================================================

Image component sizes


      Code (inc. data)   RO Data    RW Data    ZI Data      Debug   Object Name

        76          4          0          0          0       1002   dma.o
       160         12          0          0          0       1151   gpio.o
      1766         76       4560          6          0     655438   lcd.o
       312         30          0          0         50       3495   main.o
        36          8        472          0       1024        900   startup_stm32g431xx.o
       162         24          0         12          0       5041   stm32g4xx_hal.o
       198         14          0          0          0      34559   stm32g4xx_hal_cortex.o
       910         30          0          0          0       8181   stm32g4xx_hal_dma.o
       476         34          0          0          0       3519   stm32g4xx_hal_gpio.o
        56          8          0          0          0       8986   stm32g4xx_hal_msp.o
       188         14          0          0          0        942   stm32g4xx_hal_pwr_ex.o
      1696         92          0          0          0       6592   stm32g4xx_hal_rcc.o
       648         10          0          0          0       2084   stm32g4xx_hal_rcc_ex.o
      2590        222          0          0          0      21058   stm32g4xx_hal_tim.o
       170         24          0          0          0       6316   stm32g4xx_hal_tim_ex.o
      3398         86          0          0          0      17208   stm32g4xx_hal_uart.o
       320         18          0          0          0       6174   stm32g4xx_hal_uart_ex.o
       268         56          0          8          0       7861   stm32g4xx_it.o
        28          6         24          4          0       1443   system_stm32g4xx.o
      1006        252          0         12          0       7618   task.o
       292         18          0          0         76       2876   tim.o
       316         26          0          0        332       2300   usart.o

    ----------------------------------------------------------------------
     15106       1064       5090         44       1484     804744   Object Totals
         0          0         32          0          0          0   (incl. Generated)
        34          0          2          2          2          0   (incl. Padding)

    ----------------------------------------------------------------------

      Code (inc. data)   RO Data    RW Data    ZI Data      Debug   Library Member Name

         0          0          0          0          0          0   entry.o
         0          0          0          0          0          0   entry10a.o
         0          0          0          0          0          0   entry11a.o
         4          0          0          0          0          0   entry12b.o
         8          4          0          0          0          0   entry2.o
         4          0          0          0          0          0   entry5.o
         0          0          0          0          0          0   entry7b.o
         0          0          0          0          0          0   entry8b.o
         8          4          0          0          0          0   entry9a.o
        30          0          0          0          0          0   handlers.o
        36          8          0          0          0         68   init.o
        30          0          0          0          0         68   llshl.o
        32          0          0          0          0         68   llushr.o
        36          0          0          0          0        108   memseta.o
       264          6          0          0          0        244   printf2.o
        98          0          0          0          0         92   uldiv.o

    ----------------------------------------------------------------------
       552         22          0          0          0        648   Library Totals
         2          0          0          0          0          0   (incl. Padding)

    ----------------------------------------------------------------------

      Code (inc. data)   RO Data    RW Data    ZI Data      Debug   Library Name

       550         22          0          0          0        648   mc_w.l

    ----------------------------------------------------------------------
       552         22          0          0          0        648   Library Totals

    ----------------------------------------------------------------------

==============================================================================


      Code (inc. data)   RO Data    RW Data    ZI Data      Debug   

     15658       1086       5090         44       1484     792136   Grand Totals
     15658       1086       5090         44       1484     792136   ELF Image Totals
     15658       1086       5090         44          0          0   ROM Totals

==============================================================================

    Total RO  Size (Code + RO Data)                20748 (  20.26kB)
    Total RW  Size (RW Data + ZI Data)              1528 (   1.49kB)
    Total ROM Size (Code + RO Data + RW Data)      20792 (  20.30kB)

==============================================================================

