Component: ARM Compiler 5.06 update 7 (build 960) Tool: armlink [4d3601]

==============================================================================

Section Cross References

    startup_stm32g431xx.o(RESET) refers to startup_stm32g431xx.o(STACK) for __initial_sp
    startup_stm32g431xx.o(RESET) refers to startup_stm32g431xx.o(.text) for Reset_Handler
    startup_stm32g431xx.o(RESET) refers to stm32g4xx_it.o(i.NMI_Handler) for NMI_Handler
    startup_stm32g431xx.o(RESET) refers to stm32g4xx_it.o(i.HardFault_Handler) for HardFault_Handler
    startup_stm32g431xx.o(RESET) refers to stm32g4xx_it.o(i.MemManage_Handler) for MemManage_Handler
    startup_stm32g431xx.o(RESET) refers to stm32g4xx_it.o(i.BusFault_Handler) for BusFault_Handler
    startup_stm32g431xx.o(RESET) refers to stm32g4xx_it.o(i.UsageFault_Handler) for UsageFault_Handler
    startup_stm32g431xx.o(RESET) refers to stm32g4xx_it.o(i.SVC_Handler) for SVC_Handler
    startup_stm32g431xx.o(RESET) refers to stm32g4xx_it.o(i.DebugMon_Handler) for DebugMon_Handler
    startup_stm32g431xx.o(RESET) refers to stm32g4xx_it.o(i.PendSV_Handler) for PendSV_Handler
    startup_stm32g431xx.o(RESET) refers to stm32g4xx_it.o(i.SysTick_Handler) for SysTick_Handler
    startup_stm32g431xx.o(RESET) refers to stm32g4xx_it.o(i.DMA1_Channel1_IRQHandler) for DMA1_Channel1_IRQHandler
    startup_stm32g431xx.o(RESET) refers to stm32g4xx_it.o(i.DMA1_Channel2_IRQHandler) for DMA1_Channel2_IRQHandler
    startup_stm32g431xx.o(RESET) refers to stm32g4xx_it.o(i.TIM1_BRK_TIM15_IRQHandler) for TIM1_BRK_TIM15_IRQHandler
    startup_stm32g431xx.o(RESET) refers to stm32g4xx_it.o(i.TIM2_IRQHandler) for TIM2_IRQHandler
    startup_stm32g431xx.o(RESET) refers to stm32g4xx_it.o(i.USART1_IRQHandler) for USART1_IRQHandler
    startup_stm32g431xx.o(.text) refers to system_stm32g4xx.o(i.SystemInit) for SystemInit
    startup_stm32g431xx.o(.text) refers to entry.o(.ARM.Collect$$$$00000000) for __main
    i2c_hal.o(i.I2CInit) refers to memseta.o(.text) for __aeabi_memclr4
    i2c_hal.o(i.I2CInit) refers to stm32g4xx_hal_gpio.o(i.HAL_GPIO_Init) for HAL_GPIO_Init
    i2c_hal.o(i.I2CReceiveByte) refers to i2c_hal.o(i.SDA_Input_Mode) for SDA_Input_Mode
    i2c_hal.o(i.I2CReceiveByte) refers to i2c_hal.o(i.SCL_Output) for SCL_Output
    i2c_hal.o(i.I2CReceiveByte) refers to i2c_hal.o(i.delay1) for delay1
    i2c_hal.o(i.I2CReceiveByte) refers to i2c_hal.o(i.SDA_Input) for SDA_Input
    i2c_hal.o(i.I2CReceiveByte) refers to i2c_hal.o(i.SDA_Output_Mode) for SDA_Output_Mode
    i2c_hal.o(i.I2CSendAck) refers to i2c_hal.o(i.SDA_Output) for SDA_Output
    i2c_hal.o(i.I2CSendAck) refers to i2c_hal.o(i.delay1) for delay1
    i2c_hal.o(i.I2CSendAck) refers to i2c_hal.o(i.SCL_Output) for SCL_Output
    i2c_hal.o(i.I2CSendByte) refers to i2c_hal.o(i.SCL_Output) for SCL_Output
    i2c_hal.o(i.I2CSendByte) refers to i2c_hal.o(i.delay1) for delay1
    i2c_hal.o(i.I2CSendByte) refers to i2c_hal.o(i.SDA_Output) for SDA_Output
    i2c_hal.o(i.I2CSendNotAck) refers to i2c_hal.o(i.SDA_Output) for SDA_Output
    i2c_hal.o(i.I2CSendNotAck) refers to i2c_hal.o(i.delay1) for delay1
    i2c_hal.o(i.I2CSendNotAck) refers to i2c_hal.o(i.SCL_Output) for SCL_Output
    i2c_hal.o(i.I2CStart) refers to i2c_hal.o(i.SDA_Output) for SDA_Output
    i2c_hal.o(i.I2CStart) refers to i2c_hal.o(i.delay1) for delay1
    i2c_hal.o(i.I2CStart) refers to i2c_hal.o(i.SCL_Output) for SCL_Output
    i2c_hal.o(i.I2CStop) refers to i2c_hal.o(i.SCL_Output) for SCL_Output
    i2c_hal.o(i.I2CStop) refers to i2c_hal.o(i.delay1) for delay1
    i2c_hal.o(i.I2CStop) refers to i2c_hal.o(i.SDA_Output) for SDA_Output
    i2c_hal.o(i.I2CWaitAck) refers to i2c_hal.o(i.SDA_Input_Mode) for SDA_Input_Mode
    i2c_hal.o(i.I2CWaitAck) refers to i2c_hal.o(i.delay1) for delay1
    i2c_hal.o(i.I2CWaitAck) refers to i2c_hal.o(i.SCL_Output) for SCL_Output
    i2c_hal.o(i.I2CWaitAck) refers to i2c_hal.o(i.SDA_Input) for SDA_Input
    i2c_hal.o(i.I2CWaitAck) refers to i2c_hal.o(i.SDA_Output_Mode) for SDA_Output_Mode
    i2c_hal.o(i.I2CWaitAck) refers to i2c_hal.o(i.I2CStop) for I2CStop
    i2c_hal.o(i.SDA_Input) refers to stm32g4xx_hal_gpio.o(i.HAL_GPIO_ReadPin) for HAL_GPIO_ReadPin
    i2c_hal.o(i.SDA_Input_Mode) refers to memseta.o(.text) for __aeabi_memclr4
    i2c_hal.o(i.SDA_Input_Mode) refers to stm32g4xx_hal_gpio.o(i.HAL_GPIO_Init) for HAL_GPIO_Init
    i2c_hal.o(i.SDA_Output_Mode) refers to memseta.o(.text) for __aeabi_memclr4
    i2c_hal.o(i.SDA_Output_Mode) refers to stm32g4xx_hal_gpio.o(i.HAL_GPIO_Init) for HAL_GPIO_Init
    lcd.o(i.LCD_BusIn) refers to memseta.o(.text) for __aeabi_memclr4
    lcd.o(i.LCD_BusIn) refers to stm32g4xx_hal_gpio.o(i.HAL_GPIO_Init) for HAL_GPIO_Init
    lcd.o(i.LCD_BusOut) refers to memseta.o(.text) for __aeabi_memclr4
    lcd.o(i.LCD_BusOut) refers to stm32g4xx_hal_gpio.o(i.HAL_GPIO_Init) for HAL_GPIO_Init
    lcd.o(i.LCD_Clear) refers to lcd.o(i.LCD_SetCursor) for LCD_SetCursor
[...]
    ..\Src\usart.c                           0x00000000   Number         0  usart.o ABSOLUTE
    ..\\Src\\i2c_hal.c                       0x00000000   Number         0  i2c_hal.o ABSOLUTE
    ..\\Src\\lcd.c                           0x00000000   Number         0  lcd.o ABSOLUTE
    ..\\Src\\task.c                          0x00000000   Number         0  task.o ABSOLUTE
    cdrcmple.s                               0x00000000   Number         0  cdrcmple.o ABSOLUTE
    dc.s                                     0x00000000   Number         0  dc.o ABSOLUTE
    handlers.s                               0x00000000   Number         0  handlers.o ABSOLUTE
    init.s                                   0x00000000   Number         0  init.o ABSOLUTE
    startup_stm32g431xx.s                    0x00000000   Number         0  startup_stm32g431xx.o ABSOLUTE
    RESET                                    0x08000000   Section      472  startup_stm32g431xx.o(RESET)
    .ARM.Collect$$$$00000000                 0x080001d8   Section        0  entry.o(.ARM.Collect$$$$00000000)
    .ARM.Collect$$$$00000001                 0x080001d8   Section        4  entry2.o(.ARM.Collect$$$$00000001)
    .ARM.Collect$$$$00000004                 0x080001dc   Section        4  entry5.o(.ARM.Collect$$$$00000004)
    .ARM.Collect$$$$00000008                 0x080001e0   Section        0  entry7b.o(.ARM.Collect$$$$00000008)
    .ARM.Collect$$$$0000000A                 0x080001e0   Section        0  entry8b.o(.ARM.Collect$$$$0000000A)
    .ARM.Collect$$$$0000000B                 0x080001e0   Section        8  entry9a.o(.ARM.Collect$$$$0000000B)
    .ARM.Collect$$$$0000000E                 0x080001e8   Section        4  entry12b.o(.ARM.Collect$$$$0000000E)
    .ARM.Collect$$$$0000000F                 0x080001ec   Section        0  entry10a.o(.ARM.Collect$$$$0000000F)
    .ARM.Collect$$$$00000011                 0x080001ec   Section        0  entry11a.o(.ARM.Collect$$$$00000011)
    .ARM.Collect$$$$00002712                 0x080001ec   Section        4  entry2.o(.ARM.Collect$$$$00002712)
    __lit__00000000                          0x080001ec   Data           4  entry2.o(.ARM.Collect$$$$00002712)
    .text                                    0x080001f0   Section       36  startup_stm32g431xx.o(.text)
    $v0                                      0x080001f0   Number         0  startup_stm32g431xx.o(.text)
    .text                                    0x08000214   Section        0  uldiv.o(.text)
    .text                                    0x08000276   Section        0  memseta.o(.text)
    .text                                    0x0800029a   Section        0  strlen.o(.text)
    .text                                    0x080002a8   Section        0  dadd.o(.text)
    .text                                    0x080003f6   Section        0  dmul.o(.text)
    .text                                    0x080004da   Section        0  ddiv.o(.text)
    .text                                    0x080005b8   Section        0  dfltui.o(.text)
    .text                                    0x080005d2   Section        0  dfixui.o(.text)
    .text                                    0x08000604   Section        0  uidiv.o(.text)
    .text                                    0x08000630   Section        0  llshl.o(.text)
    .text                                    0x0800064e   Section        0  llushr.o(.text)
    .text                                    0x0800066e   Section        0  llsshr.o(.text)
    .text                                    0x08000692   Section        0  depilogue.o(.text)
    .text                                    0x08000692   Section        0  iusefp.o(.text)
    .text                                    0x0800074c   Section        0  dfixul.o(.text)
    .text                                    0x0800077c   Section       48  cdrcmple.o(.text)
    .text                                    0x080007ac   Section       36  init.o(.text)
    i.BusFault_Handler                       0x080007d0   Section        0  stm32g4xx_it.o(i.BusFault_Handler)
    i.DMA1_Channel1_IRQHandler               0x080007d4   Section        0  stm32g4xx_it.o(i.DMA1_Channel1_IRQHandler)
    i.DMA1_Channel2_IRQHandler               0x080007e0   Section        0  stm32g4xx_it.o(i.DMA1_Channel2_IRQHandler)
    i.DMA_CalcDMAMUXChannelBaseAndMask       0x080007ec   Section        0  stm32g4xx_hal_dma.o(i.DMA_CalcDMAMUXChannelBaseAndMask)
    DMA_CalcDMAMUXChannelBaseAndMask         0x080007ed   Thumb Code    54  stm32g4xx_hal_dma.o(i.DMA_CalcDMAMUXChannelBaseAndMask)
    i.DMA_CalcDMAMUXRequestGenBaseAndMask    0x0800082c   Section        0  stm32g4xx_hal_dma.o(i.DMA_CalcDMAMUXRequestGenBaseAndMask)
    DMA_CalcDMAMUXRequestGenBaseAndMask      0x0800082d   Thumb Code    30  stm32g4xx_hal_dma.o(i.DMA_CalcDMAMUXRequestGenBaseAndMask)
    i.DebugMon_Handler                       0x08000850   Section        0  stm32g4xx_it.o(i.DebugMon_Handler)
    i.Delay_LCD                              0x08000852   Section        0  lcd.o(i.Delay_LCD)
    i.Error_Handler                          0x0800086e   Section        0  main.o(i.Error_Handler)
    i.HAL_DMA_Abort_IT                       0x08000870   Section        0  stm32g4xx_hal_dma.o(i.HAL_DMA_Abort_IT)
    i.HAL_DMA_IRQHandler                     0x080008e8   Section        0  stm32g4xx_hal_dma.o(i.HAL_DMA_IRQHandler)
    i.HAL_DMA_Init                           0x080009a4   Section        0  stm32g4xx_hal_dma.o(i.HAL_DMA_Init)
    i.HAL_Delay                              0x08000a64   Section        0  stm32g4xx_hal.o(i.HAL_Delay)
    i.HAL_GPIO_Init                          0x08000a88   Section        0  stm32g4xx_hal_gpio.o(i.HAL_GPIO_Init)
    i.HAL_GPIO_ReadPin                       0x08000c50   Section        0  stm32g4xx_hal_gpio.o(i.HAL_GPIO_ReadPin)
    i.HAL_GPIO_WritePin                      0x08000c5a   Section        0  stm32g4xx_hal_gpio.o(i.HAL_GPIO_WritePin)
    i.HAL_GetTick                            0x08000c64   Section        0  stm32g4xx_hal.o(i.HAL_GetTick)
    i.HAL_IncTick                            0x08000c70   Section        0  stm32g4xx_hal.o(i.HAL_IncTick)
    i.HAL_Init                               0x08000c80   Section        0  stm32g4xx_hal.o(i.HAL_Init)
    i.HAL_InitTick                           0x08000ca0   Section        0  stm32g4xx_hal.o(i.HAL_InitTick)
    i.HAL_MspInit                            0x08000ce4   Section        0  stm32g4xx_hal_msp.o(i.HAL_MspInit)
    i.HAL_NVIC_EnableIRQ                     0x08000d1c   Section        0  stm32g4xx_hal_cortex.o(i.HAL_NVIC_EnableIRQ)
    i.HAL_NVIC_SetPriority                   0x08000d38   Section        0  stm32g4xx_hal_cortex.o(i.HAL_NVIC_SetPriority)
    i.HAL_NVIC_SetPriorityGrouping           0x08000d78   Section        0  stm32g4xx_hal_cortex.o(i.HAL_NVIC_SetPriorityGrouping)
    i.HAL_PWREx_ControlVoltageScaling        0x08000d9c   Section        0  stm32g4xx_hal_pwr_ex.o(i.HAL_PWREx_ControlVoltageScaling)
    i.HAL_RCCEx_PeriphCLKConfig              0x08000e58   Section        0  stm32g4xx_hal_rcc_ex.o(i.HAL_RCCEx_PeriphCLKConfig)
    i.HAL_RCC_ClockConfig                    0x080010e0   Section        0  stm32g4xx_hal_rcc.o(i.HAL_RCC_ClockConfig)
    i.HAL_RCC_GetPCLK1Freq                   0x080012bc   Section        0  stm32g4xx_hal_rcc.o(i.HAL_RCC_GetPCLK1Freq)
    i.HAL_RCC_GetPCLK2Freq                   0x080012e0   Section        0  stm32g4xx_hal_rcc.o(i.HAL_RCC_GetPCLK2Freq)
    i.HAL_RCC_GetSysClockFreq                0x08001304   Section        0  stm32g4xx_hal_rcc.o(i.HAL_RCC_GetSysClockFreq)
    i.HAL_RCC_OscConfig                      0x08001374   Section        0  stm32g4xx_hal_rcc.o(i.HAL_RCC_OscConfig)
    i.HAL_SYSTICK_Config                     0x08001780   Section        0  stm32g4xx_hal_cortex.o(i.HAL_SYSTICK_Config)
    i.HAL_TIMEx_Break2Callback               0x080017a8   Section        0  stm32g4xx_hal_tim_ex.o(i.HAL_TIMEx_Break2Callback)
    i.HAL_TIMEx_BreakCallback                0x080017aa   Section        0  stm32g4xx_hal_tim_ex.o(i.HAL_TIMEx_BreakCallback)
    i.HAL_TIMEx_CommutCallback               0x080017ac   Section        0  stm32g4xx_hal_tim_ex.o(i.HAL_TIMEx_CommutCallback)
    i.HAL_TIMEx_DirectionChangeCallback      0x080017ae   Section        0  stm32g4xx_hal_tim_ex.o(i.HAL_TIMEx_DirectionChangeCallback)
    i.HAL_TIMEx_EncoderIndexCallback         0x080017b0   Section        0  stm32g4xx_hal_tim_ex.o(i.HAL_TIMEx_EncoderIndexCallback)
    i.HAL_TIMEx_IndexErrorCallback           0x080017b2   Section        0  stm32g4xx_hal_tim_ex.o(i.HAL_TIMEx_IndexErrorCallback)
    i.HAL_TIMEx_MasterConfigSynchronization  0x080017b4   Section        0  stm32g4xx_hal_tim_ex.o(i.HAL_TIMEx_MasterConfigSynchronization)
    i.HAL_TIMEx_TransitionErrorCallback      0x08001850   Section        0  stm32g4xx_hal_tim_ex.o(i.HAL_TIMEx_TransitionErrorCallback)
    i.HAL_TIM_Base_Init                      0x08001852   Section        0  stm32g4xx_hal_tim.o(i.HAL_TIM_Base_Init)
    i.HAL_TIM_Base_MspInit                   0x080018b4   Section        0  tim.o(i.HAL_TIM_Base_MspInit)
    i.HAL_TIM_ConfigClockSource              0x08001948   Section        0  stm32g4xx_hal_tim.o(i.HAL_TIM_ConfigClockSource)
    i.HAL_TIM_IC_CaptureCallback             0x08001a44   Section        0  task.o(i.HAL_TIM_IC_CaptureCallback)
    i.HAL_TIM_IC_ConfigChannel               0x08001a8c   Section        0  stm32g4xx_hal_tim.o(i.HAL_TIM_IC_ConfigChannel)
    i.HAL_TIM_IC_Init                        0x08001b9a   Section        0  stm32g4xx_hal_tim.o(i.HAL_TIM_IC_Init)
    i.HAL_TIM_IC_MspInit                     0x08001bfc   Section        0  stm32g4xx_hal_tim.o(i.HAL_TIM_IC_MspInit)
    i.HAL_TIM_IRQHandler                     0x08001bfe   Section        0  stm32g4xx_hal_tim.o(i.HAL_TIM_IRQHandler)
    i.HAL_TIM_MspPostInit                    0x08001dfc   Section        0  tim.o(i.HAL_TIM_MspPostInit)
    i.HAL_TIM_OC_DelayElapsedCallback        0x08001e48   Section        0  stm32g4xx_hal_tim.o(i.HAL_TIM_OC_DelayElapsedCallback)
    i.HAL_TIM_PWM_ConfigChannel              0x08001e4a   Section        0  stm32g4xx_hal_tim.o(i.HAL_TIM_PWM_ConfigChannel)
    i.HAL_TIM_PWM_Init                       0x08001f68   Section        0  stm32g4xx_hal_tim.o(i.HAL_TIM_PWM_Init)
    i.HAL_TIM_PWM_MspInit                    0x08001fca   Section        0  stm32g4xx_hal_tim.o(i.HAL_TIM_PWM_MspInit)
    i.HAL_TIM_PWM_PulseFinishedCallback      0x08001fcc   Section        0  stm32g4xx_hal_tim.o(i.HAL_TIM_PWM_PulseFinishedCallback)
    i.HAL_TIM_PWM_Start                      0x08001fd0   Section        0  stm32g4xx_hal_tim.o(i.HAL_TIM_PWM_Start)
    i.HAL_TIM_PeriodElapsedCallback          0x080020a4   Section        0  stm32g4xx_hal_tim.o(i.HAL_TIM_PeriodElapsedCallback)
    i.HAL_TIM_ReadCapturedValue              0x080020a6   Section        0  stm32g4xx_hal_tim.o(i.HAL_TIM_ReadCapturedValue)
    i.HAL_TIM_SlaveConfigSynchro             0x080020d0   Section        0  stm32g4xx_hal_tim.o(i.HAL_TIM_SlaveConfigSynchro)
    i.HAL_TIM_TriggerCallback                0x08002126   Section        0  stm32g4xx_hal_tim.o(i.HAL_TIM_TriggerCallback)
    i.HAL_UARTEx_DisableFifoMode             0x08002128   Section        0  stm32g4xx_hal_uart_ex.o(i.HAL_UARTEx_DisableFifoMode)
    i.HAL_UARTEx_RxFifoFullCallback          0x08002166   Section        0  stm32g4xx_hal_uart_ex.o(i.HAL_UARTEx_RxFifoFullCallback)
    i.HAL_UARTEx_SetRxFifoThreshold          0x08002168   Section        0  stm32g4xx_hal_uart_ex.o(i.HAL_UARTEx_SetRxFifoThreshold)
    i.HAL_UARTEx_SetTxFifoThreshold          0x080021b4   Section        0  stm32g4xx_hal_uart_ex.o(i.HAL_UARTEx_SetTxFifoThreshold)
    i.HAL_UARTEx_TxFifoEmptyCallback         0x08002200   Section        0  stm32g4xx_hal_uart_ex.o(i.HAL_UARTEx_TxFifoEmptyCallback)
    i.HAL_UARTEx_WakeupCallback              0x08002202   Section        0  stm32g4xx_hal_uart_ex.o(i.HAL_UARTEx_WakeupCallback)
    i.HAL_UART_ErrorCallback                 0x08002204   Section        0  stm32g4xx_hal_uart.o(i.HAL_UART_ErrorCallback)
    i.HAL_UART_IRQHandler                    0x08002208   Section        0  stm32g4xx_hal_uart.o(i.HAL_UART_IRQHandler)
    i.HAL_UART_Init                          0x080023a4   Section        0  stm32g4xx_hal_uart.o(i.HAL_UART_Init)
    i.HAL_UART_MspInit                       0x08002410   Section        0  usart.o(i.HAL_UART_MspInit)
    i.HAL_UART_Receive_IT                    0x080024e4   Section        0  stm32g4xx_hal_uart.o(i.HAL_UART_Receive_IT)
    i.HAL_UART_RxCpltCallback                0x080025e0   Section        0  task.o(i.HAL_UART_RxCpltCallback)
    i.HAL_UART_Transmit_IT                   0x08002678   Section        0  stm32g4xx_hal_uart.o(i.HAL_UART_Transmit_IT)
    i.HAL_UART_TxCpltCallback                0x08002714   Section        0  stm32g4xx_hal_uart.o(i.HAL_UART_TxCpltCallback)
    i.HardFault_Handler                      0x08002716   Section        0  stm32g4xx_it.o(i.HardFault_Handler)
    i.I2CReceiveByte                         0x08002718   Section        0  i2c_hal.o(i.I2CReceiveByte)
    i.I2CSendByte                            0x08002766   Section        0  i2c_hal.o(i.I2CSendByte)
    i.I2CStart                               0x080027b4   Section        0  i2c_hal.o(i.I2CStart)
    i.I2CStop                                0x080027ea   Section        0  i2c_hal.o(i.I2CStop)
    i.I2CWaitAck                             0x08002820   Section        0  i2c_hal.o(i.I2CWaitAck)
    i.LCD_BusIn                              0x08002870   Section        0  lcd.o(i.LCD_BusIn)
    i.LCD_BusOut                             0x0800289c   Section        0  lcd.o(i.LCD_BusOut)
    i.LCD_Clear                              0x080028cc   Section        0  lcd.o(i.LCD_Clear)
    i.LCD_CtrlLinesConfig                    0x080028f0   Section        0  lcd.o(i.LCD_CtrlLinesConfig)
    i.LCD_DisplayChar                        0x08002980   Section        0  lcd.o(i.LCD_DisplayChar)
    i.LCD_DisplayStringLine                  0x08002998   Section        0  lcd.o(i.LCD_DisplayStringLine)
    i.LCD_DrawChar                           0x080029c4   Section        0  lcd.o(i.LCD_DrawChar)
    i.LCD_Init                               0x08002a1c   Section        0  lcd.o(i.LCD_Init)
    i.LCD_ReadReg                            0x08002a50   Section        0  lcd.o(i.LCD_ReadReg)
    i.LCD_SetBackColor                       0x08002ad0   Section        0  lcd.o(i.LCD_SetBackColor)
    i.LCD_SetCursor                          0x08002ae0   Section        0  lcd.o(i.LCD_SetCursor)
    i.LCD_SetTextColor                       0x08002af8   Section        0  lcd.o(i.LCD_SetTextColor)
    i.LCD_WriteRAM                           0x08002b08   Section        0  lcd.o(i.LCD_WriteRAM)
    i.LCD_WriteRAM_Prepare                   0x08002b60   Section        0  lcd.o(i.LCD_WriteRAM_Prepare)
    i.LCD_WriteReg                           0x08002bbc   Section        0  lcd.o(i.LCD_WriteReg)
    i.MX_DMA_Init                            0x08002c28   Section        0  dma.o(i.MX_DMA_Init)
    i.MX_GPIO_Init                           0x08002c74   Section        0  gpio.o(i.MX_GPIO_Init)
    i.MX_TIM15_Init                          0x08002d34   Section        0  tim.o(i.MX_TIM15_Init)
    i.MX_TIM2_Init                           0x08002e08   Section        0  tim.o(i.MX_TIM2_Init)
    i.MX_USART1_UART_Init                    0x08002ea4   Section        0  usart.o(i.MX_USART1_UART_Init)
    i.MemManage_Handler                      0x08002f0c   Section        0  stm32g4xx_it.o(i.MemManage_Handler)
    i.NMI_Handler                            0x08002f0e   Section        0  stm32g4xx_it.o(i.NMI_Handler)
    i.PendSV_Handler                         0x08002f10   Section        0  stm32g4xx_it.o(i.PendSV_Handler)
    i.REG_8230_Init                          0x08002f12   Section        0  lcd.o(i.REG_8230_Init)
    i.REG_932X_Init                          0x08003024   Section        0  lcd.o(i.REG_932X_Init)
    i.SCL_Output                             0x08003228   Section        0  i2c_hal.o(i.SCL_Output)
    i.SDA_Input                              0x08003240   Section        0  i2c_hal.o(i.SDA_Input)
    i.SDA_Input_Mode                         0x08003258   Section        0  i2c_hal.o(i.SDA_Input_Mode)
    i.SDA_Output                             0x08003284   Section        0  i2c_hal.o(i.SDA_Output)
    i.SDA_Output_Mode                        0x0800329c   Section        0  i2c_hal.o(i.SDA_Output_Mode)
    i.SVC_Handler                            0x080032c8   Section        0  stm32g4xx_it.o(i.SVC_Handler)
    i.SysTick_Handler                        0x080032cc   Section        0  stm32g4xx_it.o(i.SysTick_Handler)
    i.SystemClock_Config                     0x0800332c   Section        0  main.o(i.SystemClock_Config)
    i.SystemInit                             0x08003398   Section        0  system_stm32g4xx.o(i.SystemInit)
    i.TIM1_BRK_TIM15_IRQHandler              0x080033b4   Section        0  stm32g4xx_it.o(i.TIM1_BRK_TIM15_IRQHandler)
    i.TIM2_IRQHandler                        0x080033c0   Section        0  stm32g4xx_it.o(i.TIM2_IRQHandler)
    i.TIM_Base_SetConfig                     0x080033cc   Section        0  stm32g4xx_hal_tim.o(i.TIM_Base_SetConfig)
    i.TIM_CCxChannelCmd                      0x0800347c   Section        0  stm32g4xx_hal_tim.o(i.TIM_CCxChannelCmd)
    i.TIM_ETR_SetConfig                      0x08003496   Section        0  stm32g4xx_hal_tim.o(i.TIM_ETR_SetConfig)
    i.TIM_ITRx_SetConfig                     0x080034ac   Section        0  stm32g4xx_hal_tim.o(i.TIM_ITRx_SetConfig)
    TIM_ITRx_SetConfig                       0x080034ad   Thumb Code    16  stm32g4xx_hal_tim.o(i.TIM_ITRx_SetConfig)
    i.TIM_OC1_SetConfig                      0x080034c0   Section        0  stm32g4xx_hal_tim.o(i.TIM_OC1_SetConfig)
    TIM_OC1_SetConfig                        0x080034c1   Thumb Code   132  stm32g4xx_hal_tim.o(i.TIM_OC1_SetConfig)
    i.TIM_OC2_SetConfig                      0x0800355c   Section        0  stm32g4xx_hal_tim.o(i.TIM_OC2_SetConfig)
    i.TIM_OC3_SetConfig                      0x080035ec   Section        0  stm32g4xx_hal_tim.o(i.TIM_OC3_SetConfig)
    TIM_OC3_SetConfig                        0x080035ed   Thumb Code   118  stm32g4xx_hal_tim.o(i.TIM_OC3_SetConfig)
    i.TIM_OC4_SetConfig                      0x0800367c   Section        0  stm32g4xx_hal_tim.o(i.TIM_OC4_SetConfig)
    TIM_OC4_SetConfig                        0x0800367d   Thumb Code   120  stm32g4xx_hal_tim.o(i.TIM_OC4_SetConfig)
    i.TIM_OC5_SetConfig                      0x0800370c   Section        0  stm32g4xx_hal_tim.o(i.TIM_OC5_SetConfig)
    TIM_OC5_SetConfig                        0x0800370d   Thumb Code    86  stm32g4xx_hal_tim.o(i.TIM_OC5_SetConfig)
    i.TIM_OC6_SetConfig                      0x0800377c   Section        0  stm32g4xx_hal_tim.o(i.TIM_OC6_SetConfig)
    TIM_OC6_SetConfig                        0x0800377d   Thumb Code    88  stm32g4xx_hal_tim.o(i.TIM_OC6_SetConfig)
    i.TIM_SlaveTimer_SetConfig               0x080037ec   Section        0  stm32g4xx_hal_tim.o(i.TIM_SlaveTimer_SetConfig)
    TIM_SlaveTimer_SetConfig                 0x080037ed   Thumb Code   148  stm32g4xx_hal_tim.o(i.TIM_SlaveTimer_SetConfig)
    i.TIM_TI1_ConfigInputStage               0x08003888   Section        0  stm32g4xx_hal_tim.o(i.TIM_TI1_ConfigInputStage)
    TIM_TI1_ConfigInputStage                 0x08003889   Thumb Code    34  stm32g4xx_hal_tim.o(i.TIM_TI1_ConfigInputStage)
    i.TIM_TI1_SetConfig                      0x080038ac   Section        0  stm32g4xx_hal_tim.o(i.TIM_TI1_SetConfig)
    i.TIM_TI2_ConfigInputStage               0x08003918   Section        0  stm32g4xx_hal_tim.o(i.TIM_TI2_ConfigInputStage)
    TIM_TI2_ConfigInputStage                 0x08003919   Thumb Code    36  stm32g4xx_hal_tim.o(i.TIM_TI2_ConfigInputStage)
    i.TIM_TI2_SetConfig                      0x0800393c   Section        0  stm32g4xx_hal_tim.o(i.TIM_TI2_SetConfig)
    TIM_TI2_SetConfig                        0x0800393d   Thumb Code    54  stm32g4xx_hal_tim.o(i.TIM_TI2_SetConfig)
    i.UARTEx_SetNbDataToProcess              0x08003974   Section        0  stm32g4xx_hal_uart_ex.o(i.UARTEx_SetNbDataToProcess)
    UARTEx_SetNbDataToProcess                0x08003975   Thumb Code    82  stm32g4xx_hal_uart_ex.o(i.UARTEx_SetNbDataToProcess)
    i.UART_AdvFeatureConfig                  0x080039d8   Section        0  stm32g4xx_hal_uart.o(i.UART_AdvFeatureConfig)
    i.UART_CheckIdleState                    0x08003aa0   Section        0  stm32g4xx_hal_uart.o(i.UART_CheckIdleState)
    i.UART_DMAAbortOnError                   0x08003afe   Section        0  stm32g4xx_hal_uart.o(i.UART_DMAAbortOnError)
    UART_DMAAbortOnError                     0x08003aff   Thumb Code    20  stm32g4xx_hal_uart.o(i.UART_DMAAbortOnError)
    i.UART_EndRxTransfer                     0x08003b14   Section        0  stm32g4xx_hal_uart.o(i.UART_EndRxTransfer)
    UART_EndRxTransfer                       0x08003b15   Thumb Code    32  stm32g4xx_hal_uart.o(i.UART_EndRxTransfer)
    i.UART_RxISR_16BIT                       0x08003b38   Section        0  stm32g4xx_hal_uart.o(i.UART_RxISR_16BIT)
    UART_RxISR_16BIT                         0x08003b39   Thumb Code    94  stm32g4xx_hal_uart.o(i.UART_RxISR_16BIT)
    i.UART_RxISR_16BIT_FIFOEN                0x08003b98   Section        0  stm32g4xx_hal_uart.o(i.UART_RxISR_16BIT_FIFOEN)
    UART_RxISR_16BIT_FIFOEN                  0x08003b99   Thumb Code   152  stm32g4xx_hal_uart.o(i.UART_RxISR_16BIT_FIFOEN)
    i.UART_RxISR_8BIT                        0x08003c38   Section        0  stm32g4xx_hal_uart.o(i.UART_RxISR_8BIT)
    UART_RxISR_8BIT                          0x08003c39   Thumb Code    94  stm32g4xx_hal_uart.o(i.UART_RxISR_8BIT)
    i.UART_RxISR_8BIT_FIFOEN                 0x08003c98   Section        0  stm32g4xx_hal_uart.o(i.UART_RxISR_8BIT_FIFOEN)
    UART_RxISR_8BIT_FIFOEN                   0x08003c99   Thumb Code   152  stm32g4xx_hal_uart.o(i.UART_RxISR_8BIT_FIFOEN)
    i.UART_SetConfig                         0x08003d38   Section        0  stm32g4xx_hal_uart.o(i.UART_SetConfig)
    i.UART_TxISR_16BIT                       0x080044de   Section        0  stm32g4xx_hal_uart.o(i.UART_TxISR_16BIT)
    UART_TxISR_16BIT                         0x080044df   Thumb Code    66  stm32g4xx_hal_uart.o(i.UART_TxISR_16BIT)
    i.UART_TxISR_16BIT_FIFOEN                0x08004520   Section        0  stm32g4xx_hal_uart.o(i.UART_TxISR_16BIT_FIFOEN)
    UART_TxISR_16BIT_FIFOEN                  0x08004521   Thumb Code    88  stm32g4xx_hal_uart.o(i.UART_TxISR_16BIT_FIFOEN)
    i.UART_TxISR_8BIT                        0x08004578   Section        0  stm32g4xx_hal_uart.o(i.UART_TxISR_8BIT)
    UART_TxISR_8BIT                          0x08004579   Thumb Code    62  stm32g4xx_hal_uart.o(i.UART_TxISR_8BIT)
    i.UART_TxISR_8BIT_FIFOEN                 0x080045b8   Section        0  stm32g4xx_hal_uart.o(i.UART_TxISR_8BIT_FIFOEN)
    UART_TxISR_8BIT_FIFOEN                   0x080045b9   Thumb Code    84  stm32g4xx_hal_uart.o(i.UART_TxISR_8BIT_FIFOEN)
    i.UART_WaitOnFlagUntilTimeout            0x0800460c   Section        0  stm32g4xx_hal_uart.o(i.UART_WaitOnFlagUntilTimeout)
    i.USART1_IRQHandler                      0x08004670   Section        0  stm32g4xx_it.o(i.USART1_IRQHandler)
    i.UsageFault_Handler                     0x0800467c   Section        0  stm32g4xx_it.o(i.UsageFault_Handler)
    i.__0sprintf                             0x08004680   Section        0  printfa.o(i.__0sprintf)
    i.__NVIC_SetPriority                     0x080046a8   Section        0  stm32g4xx_hal_cortex.o(i.__NVIC_SetPriority)
    __NVIC_SetPriority                       0x080046a9   Thumb Code    32  stm32g4xx_hal_cortex.o(i.__NVIC_SetPriority)
    i.__scatterload_copy                     0x080046c8   Section       14  handlers.o(i.__scatterload_copy)
    i.__scatterload_null                     0x080046d6   Section        2  handlers.o(i.__scatterload_null)
    i.__scatterload_zeroinit                 0x080046d8   Section       14  handlers.o(i.__scatterload_zeroinit)
    i._fp_digits                             0x080046e8   Section        0  printfa.o(i._fp_digits)
    _fp_digits                               0x080046e9   Thumb Code   366  printfa.o(i._fp_digits)
    i._printf_core                           0x0800486c   Section        0  printfa.o(i._printf_core)
    _printf_core                             0x0800486d   Thumb Code  1704  printfa.o(i._printf_core)
    i._printf_post_padding                   0x08004f20   Section        0  printfa.o(i._printf_post_padding)
    _printf_post_padding                     0x08004f21   Thumb Code    36  printfa.o(i._printf_post_padding)
    i._printf_pre_padding                    0x08004f44   Section        0  printfa.o(i._printf_pre_padding)
    _printf_pre_padding                      0x08004f45   Thumb Code    46  printfa.o(i._printf_pre_padding)
    i._sputc                                 0x08004f72   Section        0  printfa.o(i._sputc)
    _sputc                                   0x08004f73   Thumb Code    10  printfa.o(i._sputc)
    i.add_price                              0x08004f7c   Section        0  task.o(i.add_price)
    i.change_TIM2_freq                       0x08004f94   Section        0  task.o(i.change_TIM2_freq)
    i.close_leds                             0x08005090   Section        0  task.o(i.close_leds)
    i.control_leds                           0x080050bc   Section        0  task.o(i.control_leds)
    i.delay1                                 0x08005130   Section        0  i2c_hal.o(i.delay1)
    delay1                                   0x08005131   Thumb Code    12  i2c_hal.o(i.delay1)
    i.display                                0x0800513c   Section        0  task.o(i.display)
    i.display_price                          0x08005160   Section        0  task.o(i.display_price)
    i.display_rep                            0x08005220   Section        0  task.o(i.display_rep)
    i.display_shop                           0x0800529c   Section        0  task.o(i.display_shop)
    i.key_scan                               0x08005318   Section        0  task.o(i.key_scan)
    i.main                                   0x08005520   Section        0  main.o(i.main)
    i.ok_B4task                              0x08005548   Section        0  task.o(i.ok_B4task)
    i.project                                0x0800562c   Section        0  task.o(i.project)
    i.task_init                              0x08005644   Section        0  task.o(i.task_init)
    i.x24c02_read                            0x08005768   Section        0  task.o(i.x24c02_read)
    i.x24c02_write                           0x080057a4   Section        0  task.o(i.x24c02_write)
    .constdata                               0x080057d4   Section     4560  lcd.o(.constdata)
    .constdata                               0x080069a4   Section       16  system_stm32g4xx.o(.constdata)
    .constdata                               0x080069b4   Section        8  system_stm32g4xx.o(.constdata)
    .data                                    0x20000000   Section        6  lcd.o(.data)
    TextColor                                0x20000000   Data           2  lcd.o(.data)
    BackColor                                0x20000002   Data           2  lcd.o(.data)
    .data                                    0x20000008   Section       24  task.o(.data)
    fre_val                                  0x20000018   Data           4  task.o(.data)
    duty_val                                 0x2000001c   Data           4  task.o(.data)
    .data                                    0x20000020   Section        8  stm32g4xx_it.o(.data)
    .data                                    0x20000028   Section       12  stm32g4xx_hal.o(.data)
    .data                                    0x20000034   Section        4  system_stm32g4xx.o(.data)
    .bss                                     0x20000038   Section       70  task.o(.bss)
    .bss                                     0x20000080   Section      152  tim.o(.bss)
    .bss                                     0x20000118   Section      332  usart.o(.bss)
    STACK                                    0x20000268   Section     1024  startup_stm32g431xx.o(STACK)

    Global Symbols

    Symbol Name                              Value     Ov Type        Size  Object(Section)

    BuildAttributes$$THM_ISAv4$E$P$D$K$B$S$7EM$VFPi3$EXTD16$VFPS$VFMA$PE$A:L22UL41UL21$X:L11$S22US41US21$IEEE1$IW$USESV6$~STKCKD$USESV7$~SHL$OSPACE$ROPI$EBA8$MICROLIB$REQ8$PRES8$EABIv2 0x00000000   Number         0  anon$$obj.o ABSOLUTE
    __ARM_use_no_argv                        0x00000000   Number         0  main.o ABSOLUTE
    _printf_a                                0x00000000   Number         0  stubs.o ABSOLUTE
    _printf_c                                0x00000000   Number         0  stubs.o ABSOLUTE
    _printf_charcount                        0x00000000   Number         0  stubs.o ABSOLUTE
    _printf_d                                0x00000000   Number         0  stubs.o ABSOLUTE
    _printf_e                                0x00000000   Number         0  stubs.o ABSOLUTE
    _printf_f                                0x00000000   Number         0  stubs.o ABSOLUTE
    _printf_flags                            0x00000000   Number         0  stubs.o ABSOLUTE
    _printf_fp_dec                           0x00000000   Number         0  stubs.o ABSOLUTE
    _printf_fp_hex                           0x00000000   Number         0  stubs.o ABSOLUTE
    _printf_g                                0x00000000   Number         0  stubs.o ABSOLUTE
    _printf_i                                0x00000000   Number         0  stubs.o ABSOLUTE
    _printf_int_dec                          0x00000000   Number         0  stubs.o ABSOLUTE
    _printf_l                                0x00000000   Number         0  stubs.o ABSOLUTE
    _printf_lc                               0x00000000   Number         0  stubs.o ABSOLUTE
    _printf_ll                               0x00000000   Number         0  stubs.o ABSOLUTE
    _printf_lld                              0x00000000   Number         0  stubs.o ABSOLUTE
    _printf_lli                              0x00000000   Number         0  stubs.o ABSOLUTE
    _printf_llo                              0x00000000   Number         0  stubs.o ABSOLUTE
    _printf_llu                              0x00000000   Number         0  stubs.o ABSOLUTE
    _printf_llx                              0x00000000   Number         0  stubs.o ABSOLUTE
    _printf_longlong_dec                     0x00000000   Number         0  stubs.o ABSOLUTE
    _printf_longlong_hex                     0x00000000   Number         0  stubs.o ABSOLUTE
    _printf_longlong_oct                     0x00000000   Number         0  stubs.o ABSOLUTE
    _printf_ls                               0x00000000   Number         0  stubs.o ABSOLUTE
    _printf_mbtowc                           0x00000000   Number         0  stubs.o ABSOLUTE
    _printf_n                                0x00000000   Number         0  stubs.o ABSOLUTE
    _printf_o                                0x00000000   Number         0  stubs.o ABSOLUTE
    _printf_p                                0x00000000   Number         0  stubs.o ABSOLUTE
    _printf_percent                          0x00000000   Number         0  stubs.o ABSOLUTE
    _printf_pre_padding                      0x00000000   Number         0  stubs.o ABSOLUTE
    _printf_return_value                     0x00000000   Number         0  stubs.o ABSOLUTE
    _printf_s                                0x00000000   Number         0  stubs.o ABSOLUTE
    _printf_sizespec                         0x00000000   Number         0  stubs.o ABSOLUTE
    _printf_str                              0x00000000   Number         0  stubs.o ABSOLUTE
    _printf_truncate_signed                  0x00000000   Number         0  stubs.o ABSOLUTE
    _printf_truncate_unsigned                0x00000000   Number         0  stubs.o ABSOLUTE
    _printf_u                                0x00000000   Number         0  stubs.o ABSOLUTE
    _printf_wc                               0x00000000   Number         0  stubs.o ABSOLUTE
    _printf_wctomb                           0x00000000   Number         0  stubs.o ABSOLUTE
    _printf_widthprec                        0x00000000   Number         0  stubs.o ABSOLUTE
    _printf_x                                0x00000000   Number         0  stubs.o ABSOLUTE
    __arm_fini_                               - Undefined Weak Reference
    __cpp_initialize__aeabi_                  - Undefined Weak Reference
    __cxa_finalize                            - Undefined Weak Reference
    __decompress                              - Undefined Weak Reference
    _clock_init                               - Undefined Weak Reference
    _microlib_exit                            - Undefined Weak Reference
    __Vectors_Size                           0x000001d8   Number         0  startup_stm32g431xx.o ABSOLUTE
    __Vectors                                0x08000000   Data           4  startup_stm32g431xx.o(RESET)
    __Vectors_End                            0x080001d8   Data           0  startup_stm32g431xx.o(RESET)
    __main                                   0x080001d9   Thumb Code     0  entry.o(.ARM.Collect$$$$00000000)
    _main_stk                                0x080001d9   Thumb Code     0  entry2.o(.ARM.Collect$$$$00000001)
    _main_scatterload                        0x080001dd   Thumb Code     0  entry5.o(.ARM.Collect$$$$00000004)
    __main_after_scatterload                 0x080001e1   Thumb Code     0  entry5.o(.ARM.Collect$$$$00000004)
    _main_clock                              0x080001e1   Thumb Code     0  entry7b.o(.ARM.Collect$$$$00000008)
    _main_cpp_init                           0x080001e1   Thumb Code     0  entry8b.o(.ARM.Collect$$$$0000000A)
    _main_init                               0x080001e1   Thumb Code     0  entry9a.o(.ARM.Collect$$$$0000000B)
    __rt_lib_shutdown_fini                   0x080001e9   Thumb Code     0  entry12b.o(.ARM.Collect$$$$0000000E)
    __rt_final_cpp                           0x080001ed   Thumb Code     0  entry10a.o(.ARM.Collect$$$$0000000F)
    __rt_final_exit                          0x080001ed   Thumb Code     0  entry11a.o(.ARM.Collect$$$$00000011)
    Reset_Handler                            0x080001f1   Thumb Code     8  startup_stm32g431xx.o(.text)
    ADC1_2_IRQHandler                        0x0800020b   Thumb Code     0  startup_stm32g431xx.o(.text)
    COMP1_2_3_IRQHandler                     0x0800020b   Thumb Code     0  startup_stm32g431xx.o(.text)
    COMP4_IRQHandler                         0x0800020b   Thumb Code     0  startup_stm32g431xx.o(.text)
    CORDIC_IRQHandler                        0x0800020b   Thumb Code     0  startup_stm32g431xx.o(.text)
    CRS_IRQHandler                           0x0800020b   Thumb Code     0  startup_stm32g431xx.o(.text)
    DMA1_Channel3_IRQHandler                 0x0800020b   Thumb Code     0  startup_stm32g431xx.o(.text)
    DMA1_Channel4_IRQHandler                 0x0800020b   Thumb Code     0  startup_stm32g431xx.o(.text)
    DMA1_Channel5_IRQHandler                 0x0800020b   Thumb Code     0  startup_stm32g431xx.o(.text)
    DMA1_Channel6_IRQHandler                 0x0800020b   Thumb Code     0  startup_stm32g431xx.o(.text)
    DMA2_Channel1_IRQHandler                 0x0800020b   Thumb Code     0  startup_stm32g431xx.o(.text)
    DMA2_Channel2_IRQHandler                 0x0800020b   Thumb Code     0  startup_stm32g431xx.o(.text)
    DMA2_Channel3_IRQHandler                 0x0800020b   Thumb Code     0  startup_stm32g431xx.o(.text)
    DMA2_Channel4_IRQHandler                 0x0800020b   Thumb Code     0  startup_stm32g431xx.o(.text)
    DMA2_Channel5_IRQHandler                 0x0800020b   Thumb Code     0  startup_stm32g431xx.o(.text)
    DMA2_Channel6_IRQHandler                 0x0800020b   Thumb Code     0  startup_stm32g431xx.o(.text)
    DMAMUX_OVR_IRQHandler                    0x0800020b   Thumb Code     0  startup_stm32g431xx.o(.text)
    EXTI0_IRQHandler                         0x0800020b   Thumb Code     0  startup_stm32g431xx.o(.text)
    EXTI15_10_IRQHandler                     0x0800020b   Thumb Code     0  startup_stm32g431xx.o(.text)
    EXTI1_IRQHandler                         0x0800020b   Thumb Code     0  startup_stm32g431xx.o(.text)
    EXTI2_IRQHandler                         0x0800020b   Thumb Code     0  startup_stm32g431xx.o(.text)
    EXTI3_IRQHandler                         0x0800020b   Thumb Code     0  startup_stm32g431xx.o(.text)
    EXTI4_IRQHandler                         0x0800020b   Thumb Code     0  startup_stm32g431xx.o(.text)
    EXTI9_5_IRQHandler                       0x0800020b   Thumb Code     0  startup_stm32g431xx.o(.text)
    FDCAN1_IT0_IRQHandler                    0x0800020b   Thumb Code     0  startup_stm32g431xx.o(.text)
    FDCAN1_IT1_IRQHandler                    0x0800020b   Thumb Code     0  startup_stm32g431xx.o(.text)
    FLASH_IRQHandler                         0x0800020b   Thumb Code     0  startup_stm32g431xx.o(.text)
    FMAC_IRQHandler                          0x0800020b   Thumb Code     0  startup_stm32g431xx.o(.text)
    FPU_IRQHandler                           0x0800020b   Thumb Code     0  startup_stm32g431xx.o(.text)
    I2C1_ER_IRQHandler                       0x0800020b   Thumb Code     0  startup_stm32g431xx.o(.text)
    I2C1_EV_IRQHandler                       0x0800020b   Thumb Code     0  startup_stm32g431xx.o(.text)
    I2C2_ER_IRQHandler                       0x0800020b   Thumb Code     0  startup_stm32g431xx.o(.text)
    I2C2_EV_IRQHandler                       0x0800020b   Thumb Code     0  startup_stm32g431xx.o(.text)
    I2C3_ER_IRQHandler                       0x0800020b   Thumb Code     0  startup_stm32g431xx.o(.text)
    I2C3_EV_IRQHandler                       0x0800020b   Thumb Code     0  startup_stm32g431xx.o(.text)
    LPTIM1_IRQHandler                        0x0800020b   Thumb Code     0  startup_stm32g431xx.o(.text)
    LPUART1_IRQHandler                       0x0800020b   Thumb Code     0  startup_stm32g431xx.o(.text)
    PVD_PVM_IRQHandler                       0x0800020b   Thumb Code     0  startup_stm32g431xx.o(.text)
    RCC_IRQHandler                           0x0800020b   Thumb Code     0  startup_stm32g431xx.o(.text)
    RNG_IRQHandler                           0x0800020b   Thumb Code     0  startup_stm32g431xx.o(.text)
    RTC_Alarm_IRQHandler                     0x0800020b   Thumb Code     0  startup_stm32g431xx.o(.text)
    RTC_TAMP_LSECSS_IRQHandler               0x0800020b   Thumb Code     0  startup_stm32g431xx.o(.text)
    RTC_WKUP_IRQHandler                      0x0800020b   Thumb Code     0  startup_stm32g431xx.o(.text)
    SAI1_IRQHandler                          0x0800020b   Thumb Code     0  startup_stm32g431xx.o(.text)
    SPI1_IRQHandler                          0x0800020b   Thumb Code     0  startup_stm32g431xx.o(.text)
    SPI2_IRQHandler                          0x0800020b   Thumb Code     0  startup_stm32g431xx.o(.text)
    SPI3_IRQHandler                          0x0800020b   Thumb Code     0  startup_stm32g431xx.o(.text)
    TIM1_CC_IRQHandler                       0x0800020b   Thumb Code     0  startup_stm32g431xx.o(.text)
    TIM1_TRG_COM_TIM17_IRQHandler            0x0800020b   Thumb Code     0  startup_stm32g431xx.o(.text)
    TIM1_UP_TIM16_IRQHandler                 0x0800020b   Thumb Code     0  startup_stm32g431xx.o(.text)
    TIM3_IRQHandler                          0x0800020b   Thumb Code     0  startup_stm32g431xx.o(.text)
    TIM4_IRQHandler                          0x0800020b   Thumb Code     0  startup_stm32g431xx.o(.text)
    TIM6_DAC_IRQHandler                      0x0800020b   Thumb Code     0  startup_stm32g431xx.o(.text)
    TIM7_DAC_IRQHandler                      0x0800020b   Thumb Code     0  startup_stm32g431xx.o(.text)
    TIM8_BRK_IRQHandler                      0x0800020b   Thumb Code     0  startup_stm32g431xx.o(.text)
    TIM8_CC_IRQHandler                       0x0800020b   Thumb Code     0  startup_stm32g431xx.o(.text)
    TIM8_TRG_COM_IRQHandler                  0x0800020b   Thumb Code     0  startup_stm32g431xx.o(.text)
    TIM8_UP_IRQHandler                       0x0800020b   Thumb Code     0  startup_stm32g431xx.o(.text)
    UART4_IRQHandler                         0x0800020b   Thumb Code     0  startup_stm32g431xx.o(.text)
    UCPD1_IRQHandler                         0x0800020b   Thumb Code     0  startup_stm32g431xx.o(.text)
    USART2_IRQHandler                        0x0800020b   Thumb Code     0  startup_stm32g431xx.o(.text)
    USART3_IRQHandler                        0x0800020b   Thumb Code     0  startup_stm32g431xx.o(.text)
    USBWakeUp_IRQHandler                     0x0800020b   Thumb Code     0  startup_stm32g431xx.o(.text)
    USB_HP_IRQHandler                        0x0800020b   Thumb Code     0  startup_stm32g431xx.o(.text)
    USB_LP_IRQHandler                        0x0800020b   Thumb Code     0  startup_stm32g431xx.o(.text)
    WWDG_IRQHandler                          0x0800020b   Thumb Code     0  startup_stm32g431xx.o(.text)
    __aeabi_uldivmod                         0x08000215   Thumb Code    98  uldiv.o(.text)
    __aeabi_memset                           0x08000277   Thumb Code    14  memseta.o(.text)
    __aeabi_memset4                          0x08000277   Thumb Code     0  memseta.o(.text)
    __aeabi_memset8                          0x08000277   Thumb Code     0  memseta.o(.text)
    __aeabi_memclr                           0x08000285   Thumb Code     4  memseta.o(.text)
    __aeabi_memclr4                          0x08000285   Thumb Code     0  memseta.o(.text)
    __aeabi_memclr8                          0x08000285   Thumb Code     0  memseta.o(.text)
    _memset$wrapper                          0x08000289   Thumb Code    18  memseta.o(.text)
    strlen                                   0x0800029b   Thumb Code    14  strlen.o(.text)
    __aeabi_dadd                             0x080002a9   Thumb Code   322  dadd.o(.text)
    __aeabi_dsub                             0x080003eb   Thumb Code     6  dadd.o(.text)
    __aeabi_drsub                            0x080003f1   Thumb Code     6  dadd.o(.text)
    __aeabi_dmul                             0x080003f7   Thumb Code   228  dmul.o(.text)
    __aeabi_ddiv                             0x080004db   Thumb Code   222  ddiv.o(.text)
    __aeabi_ui2d                             0x080005b9   Thumb Code    26  dfltui.o(.text)
    __aeabi_d2uiz                            0x080005d3   Thumb Code    50  dfixui.o(.text)
    __aeabi_uidiv                            0x08000605   Thumb Code     0  uidiv.o(.text)
    __aeabi_uidivmod                         0x08000605   Thumb Code    44  uidiv.o(.text)
    __aeabi_llsl                             0x08000631   Thumb Code    30  llshl.o(.text)
    _ll_shift_l                              0x08000631   Thumb Code     0  llshl.o(.text)
    __aeabi_llsr                             0x0800064f   Thumb Code    32  llushr.o(.text)
    _ll_ushift_r                             0x0800064f   Thumb Code     0  llushr.o(.text)
    __aeabi_lasr                             0x0800066f   Thumb Code    36  llsshr.o(.text)
    _ll_sshift_r                             0x0800066f   Thumb Code     0  llsshr.o(.text)
    __I$use$fp                               0x08000693   Thumb Code     0  iusefp.o(.text)
    _double_round                            0x08000693   Thumb Code    30  depilogue.o(.text)
    _double_epilogue                         0x080006b1   Thumb Code   156  depilogue.o(.text)
    __aeabi_d2ulz                            0x0800074d   Thumb Code    48  dfixul.o(.text)
    __aeabi_cdrcmple                         0x0800077d   Thumb Code    48  cdrcmple.o(.text)
    __scatterload                            0x080007ad   Thumb Code    28  init.o(.text)
    __scatterload_rt2                        0x080007ad   Thumb Code     0  init.o(.text)
    BusFault_Handler                         0x080007d1   Thumb Code     2  stm32g4xx_it.o(i.BusFault_Handler)
    DMA1_Channel1_IRQHandler                 0x080007d5   Thumb Code     6  stm32g4xx_it.o(i.DMA1_Channel1_IRQHandler)
    DMA1_Channel2_IRQHandler                 0x080007e1   Thumb Code     6  stm32g4xx_it.o(i.DMA1_Channel2_IRQHandler)
    DebugMon_Handler                         0x08000851   Thumb Code     2  stm32g4xx_it.o(i.DebugMon_Handler)
    Delay_LCD                                0x08000853   Thumb Code    28  lcd.o(i.Delay_LCD)
    Error_Handler                            0x0800086f   Thumb Code     2  main.o(i.Error_Handler)
    HAL_DMA_Abort_IT                         0x08000871   Thumb Code   120  stm32g4xx_hal_dma.o(i.HAL_DMA_Abort_IT)
    HAL_DMA_IRQHandler                       0x080008e9   Thumb Code   186  stm32g4xx_hal_dma.o(i.HAL_DMA_IRQHandler)
    HAL_DMA_Init                             0x080009a5   Thumb Code   178  stm32g4xx_hal_dma.o(i.HAL_DMA_Init)
    HAL_Delay                                0x08000a65   Thumb Code    32  stm32g4xx_hal.o(i.HAL_Delay)
    HAL_GPIO_Init                            0x08000a89   Thumb Code   422  stm32g4xx_hal_gpio.o(i.HAL_GPIO_Init)
    HAL_GPIO_ReadPin                         0x08000c51   Thumb Code    10  stm32g4xx_hal_gpio.o(i.HAL_GPIO_ReadPin)
    HAL_GPIO_WritePin                        0x08000c5b   Thumb Code    10  stm32g4xx_hal_gpio.o(i.HAL_GPIO_WritePin)
    HAL_GetTick                              0x08000c65   Thumb Code     6  stm32g4xx_hal.o(i.HAL_GetTick)
    HAL_IncTick                              0x08000c71   Thumb Code    12  stm32g4xx_hal.o(i.HAL_IncTick)
    HAL_Init                                 0x08000c81   Thumb Code    30  stm32g4xx_hal.o(i.HAL_Init)
    HAL_InitTick                             0x08000ca1   Thumb Code    58  stm32g4xx_hal.o(i.HAL_InitTick)
    HAL_MspInit                              0x08000ce5   Thumb Code    48  stm32g4xx_hal_msp.o(i.HAL_MspInit)
    HAL_NVIC_EnableIRQ                       0x08000d1d   Thumb Code    26  stm32g4xx_hal_cortex.o(i.HAL_NVIC_EnableIRQ)
    HAL_NVIC_SetPriority                     0x08000d39   Thumb Code    60  stm32g4xx_hal_cortex.o(i.HAL_NVIC_SetPriority)
    HAL_NVIC_SetPriorityGrouping             0x08000d79   Thumb Code    26  stm32g4xx_hal_cortex.o(i.HAL_NVIC_SetPriorityGrouping)
    HAL_PWREx_ControlVoltageScaling          0x08000d9d   Thumb Code   174  stm32g4xx_hal_pwr_ex.o(i.HAL_PWREx_ControlVoltageScaling)
    HAL_RCCEx_PeriphCLKConfig                0x08000e59   Thumb Code   638  stm32g4xx_hal_rcc_ex.o(i.HAL_RCCEx_PeriphCLKConfig)
    HAL_RCC_ClockConfig                      0x080010e1   Thumb Code   444  stm32g4xx_hal_rcc.o(i.HAL_RCC_ClockConfig)
    HAL_RCC_GetPCLK1Freq                     0x080012bd   Thumb Code    24  stm32g4xx_hal_rcc.o(i.HAL_RCC_GetPCLK1Freq)
    HAL_RCC_GetPCLK2Freq                     0x080012e1   Thumb Code    24  stm32g4xx_hal_rcc.o(i.HAL_RCC_GetPCLK2Freq)
    HAL_RCC_GetSysClockFreq                  0x08001305   Thumb Code    98  stm32g4xx_hal_rcc.o(i.HAL_RCC_GetSysClockFreq)
    HAL_RCC_OscConfig                        0x08001375   Thumb Code  1036  stm32g4xx_hal_rcc.o(i.HAL_RCC_OscConfig)
    HAL_SYSTICK_Config                       0x08001781   Thumb Code    40  stm32g4xx_hal_cortex.o(i.HAL_SYSTICK_Config)
    HAL_TIMEx_Break2Callback                 0x080017a9   Thumb Code     2  stm32g4xx_hal_tim_ex.o(i.HAL_TIMEx_Break2Callback)
    HAL_TIMEx_BreakCallback                  0x080017ab   Thumb Code     2  stm32g4xx_hal_tim_ex.o(i.HAL_TIMEx_BreakCallback)
    HAL_TIMEx_CommutCallback                 0x080017ad   Thumb Code     2  stm32g4xx_hal_tim_ex.o(i.HAL_TIMEx_CommutCallback)
    HAL_TIMEx_DirectionChangeCallback        0x080017af   Thumb Code     2  stm32g4xx_hal_tim_ex.o(i.HAL_TIMEx_DirectionChangeCallback)
    HAL_TIMEx_EncoderIndexCallback           0x080017b1   Thumb Code     2  stm32g4xx_hal_tim_ex.o(i.HAL_TIMEx_EncoderIndexCallback)
    HAL_TIMEx_IndexErrorCallback             0x080017b3   Thumb Code     2  stm32g4xx_hal_tim_ex.o(i.HAL_TIMEx_IndexErrorCallback)
    HAL_TIMEx_MasterConfigSynchronization    0x080017b5   Thumb Code   132  stm32g4xx_hal_tim_ex.o(i.HAL_TIMEx_MasterConfigSynchronization)
    HAL_TIMEx_TransitionErrorCallback        0x08001851   Thumb Code     2  stm32g4xx_hal_tim_ex.o(i.HAL_TIMEx_TransitionErrorCallback)
    HAL_TIM_Base_Init                        0x08001853   Thumb Code    98  stm32g4xx_hal_tim.o(i.HAL_TIM_Base_Init)
    HAL_TIM_Base_MspInit                     0x080018b5   Thumb Code   138  tim.o(i.HAL_TIM_Base_MspInit)
    HAL_TIM_ConfigClockSource                0x08001949   Thumb Code   244  stm32g4xx_hal_tim.o(i.HAL_TIM_ConfigClockSource)
    HAL_TIM_IC_CaptureCallback               0x08001a45   Thumb Code    58  task.o(i.HAL_TIM_IC_CaptureCallback)
    HAL_TIM_IC_ConfigChannel                 0x08001a8d   Thumb Code   270  stm32g4xx_hal_tim.o(i.HAL_TIM_IC_ConfigChannel)
    HAL_TIM_IC_Init                          0x08001b9b   Thumb Code    98  stm32g4xx_hal_tim.o(i.HAL_TIM_IC_Init)
    HAL_TIM_IC_MspInit                       0x08001bfd   Thumb Code     2  stm32g4xx_hal_tim.o(i.HAL_TIM_IC_MspInit)
    HAL_TIM_IRQHandler                       0x08001bff   Thumb Code   508  stm32g4xx_hal_tim.o(i.HAL_TIM_IRQHandler)
    HAL_TIM_MspPostInit                      0x08001dfd   Thumb Code    70  tim.o(i.HAL_TIM_MspPostInit)
    HAL_TIM_OC_DelayElapsedCallback          0x08001e49   Thumb Code     2  stm32g4xx_hal_tim.o(i.HAL_TIM_OC_DelayElapsedCallback)
    HAL_TIM_PWM_ConfigChannel                0x08001e4b   Thumb Code   286  stm32g4xx_hal_tim.o(i.HAL_TIM_PWM_ConfigChannel)
    HAL_TIM_PWM_Init                         0x08001f69   Thumb Code    98  stm32g4xx_hal_tim.o(i.HAL_TIM_PWM_Init)
    HAL_TIM_PWM_MspInit                      0x08001fcb   Thumb Code     2  stm32g4xx_hal_tim.o(i.HAL_TIM_PWM_MspInit)
    HAL_TIM_PWM_PulseFinishedCallback        0x08001fcd   Thumb Code     2  stm32g4xx_hal_tim.o(i.HAL_TIM_PWM_PulseFinishedCallback)
    HAL_TIM_PWM_Start                        0x08001fd1   Thumb Code   188  stm32g4xx_hal_tim.o(i.HAL_TIM_PWM_Start)
    HAL_TIM_PeriodElapsedCallback            0x080020a5   Thumb Code     2  stm32g4xx_hal_tim.o(i.HAL_TIM_PeriodElapsedCallback)
    HAL_TIM_ReadCapturedValue                0x080020a7   Thumb Code    42  stm32g4xx_hal_tim.o(i.HAL_TIM_ReadCapturedValue)
    HAL_TIM_SlaveConfigSynchro               0x080020d1   Thumb Code    86  stm32g4xx_hal_tim.o(i.HAL_TIM_SlaveConfigSynchro)
    HAL_TIM_TriggerCallback                  0x08002127   Thumb Code     2  stm32g4xx_hal_tim.o(i.HAL_TIM_TriggerCallback)
    HAL_UARTEx_DisableFifoMode               0x08002129   Thumb Code    62  stm32g4xx_hal_uart_ex.o(i.HAL_UARTEx_DisableFifoMode)
    HAL_UARTEx_RxFifoFullCallback            0x08002167   Thumb Code     2  stm32g4xx_hal_uart_ex.o(i.HAL_UARTEx_RxFifoFullCallback)
    HAL_UARTEx_SetRxFifoThreshold            0x08002169   Thumb Code    76  stm32g4xx_hal_uart_ex.o(i.HAL_UARTEx_SetRxFifoThreshold)
    HAL_UARTEx_SetTxFifoThreshold            0x080021b5   Thumb Code    76  stm32g4xx_hal_uart_ex.o(i.HAL_UARTEx_SetTxFifoThreshold)
    HAL_UARTEx_TxFifoEmptyCallback           0x08002201   Thumb Code     2  stm32g4xx_hal_uart_ex.o(i.HAL_UARTEx_TxFifoEmptyCallback)
    HAL_UARTEx_WakeupCallback                0x08002203   Thumb Code     2  stm32g4xx_hal_uart_ex.o(i.HAL_UARTEx_WakeupCallback)
    HAL_UART_ErrorCallback                   0x08002205   Thumb Code     2  stm32g4xx_hal_uart.o(i.HAL_UART_ErrorCallback)
    HAL_UART_IRQHandler                      0x08002209   Thumb Code   404  stm32g4xx_hal_uart.o(i.HAL_UART_IRQHandler)
    HAL_UART_Init                            0x080023a5   Thumb Code   106  stm32g4xx_hal_uart.o(i.HAL_UART_Init)
    HAL_UART_MspInit                         0x08002411   Thumb Code   196  usart.o(i.HAL_UART_MspInit)
    HAL_UART_Receive_IT                      0x080024e5   Thumb Code   234  stm32g4xx_hal_uart.o(i.HAL_UART_Receive_IT)
    HAL_UART_RxCpltCallback                  0x080025e1   Thumb Code   116  task.o(i.HAL_UART_RxCpltCallback)
    HAL_UART_Transmit_IT                     0x08002679   Thumb Code   138  stm32g4xx_hal_uart.o(i.HAL_UART_Transmit_IT)
    HAL_UART_TxCpltCallback                  0x08002715   Thumb Code     2  stm32g4xx_hal_uart.o(i.HAL_UART_TxCpltCallback)
    HardFault_Handler                        0x08002717   Thumb Code     2  stm32g4xx_it.o(i.HardFault_Handler)
    I2CReceiveByte                           0x08002719   Thumb Code    78  i2c_hal.o(i.I2CReceiveByte)
    I2CSendByte                              0x08002767   Thumb Code    78  i2c_hal.o(i.I2CSendByte)
    I2CStart                                 0x080027b5   Thumb Code    54  i2c_hal.o(i.I2CStart)
    I2CStop                                  0x080027eb   Thumb Code    54  i2c_hal.o(i.I2CStop)
    I2CWaitAck                               0x08002821   Thumb Code    80  i2c_hal.o(i.I2CWaitAck)
    LCD_BusIn                                0x08002871   Thumb Code    40  lcd.o(i.LCD_BusIn)
    LCD_BusOut                               0x0800289d   Thumb Code    42  lcd.o(i.LCD_BusOut)
    LCD_Clear                                0x080028cd   Thumb Code    36  lcd.o(i.LCD_Clear)
    LCD_CtrlLinesConfig                      0x080028f1   Thumb Code   136  lcd.o(i.LCD_CtrlLinesConfig)
    LCD_DisplayChar                          0x08002981   Thumb Code    18  lcd.o(i.LCD_DisplayChar)
    LCD_DisplayStringLine                    0x08002999   Thumb Code    42  lcd.o(i.LCD_DisplayStringLine)
    LCD_DrawChar                             0x080029c5   Thumb Code    84  lcd.o(i.LCD_DrawChar)
    LCD_Init                                 0x08002a1d   Thumb Code    46  lcd.o(i.LCD_Init)
    LCD_ReadReg                              0x08002a51   Thumb Code   120  lcd.o(i.LCD_ReadReg)
    LCD_SetBackColor                         0x08002ad1   Thumb Code    12  lcd.o(i.LCD_SetBackColor)
    LCD_SetCursor                            0x08002ae1   Thumb Code    24  lcd.o(i.LCD_SetCursor)
    LCD_SetTextColor                         0x08002af9   Thumb Code    12  lcd.o(i.LCD_SetTextColor)
    LCD_WriteRAM                             0x08002b09   Thumb Code    80  lcd.o(i.LCD_WriteRAM)
    LCD_WriteRAM_Prepare                     0x08002b61   Thumb Code    82  lcd.o(i.LCD_WriteRAM_Prepare)
    LCD_WriteReg                             0x08002bbd   Thumb Code   100  lcd.o(i.LCD_WriteReg)
    MX_DMA_Init                              0x08002c29   Thumb Code    72  dma.o(i.MX_DMA_Init)
    MX_GPIO_Init                             0x08002c75   Thumb Code   178  gpio.o(i.MX_GPIO_Init)
    MX_TIM15_Init                            0x08002d35   Thumb Code   204  tim.o(i.MX_TIM15_Init)
    MX_TIM2_Init                             0x08002e09   Thumb Code   152  tim.o(i.MX_TIM2_Init)
    MX_USART1_UART_Init                      0x08002ea5   Thumb Code    94  usart.o(i.MX_USART1_UART_Init)
    MemManage_Handler                        0x08002f0d   Thumb Code     2  stm32g4xx_it.o(i.MemManage_Handler)
    NMI_Handler                              0x08002f0f   Thumb Code     2  stm32g4xx_it.o(i.NMI_Handler)
    PendSV_Handler                           0x08002f11   Thumb Code     2  stm32g4xx_it.o(i.PendSV_Handler)
    REG_8230_Init                            0x08002f13   Thumb Code   274  lcd.o(i.REG_8230_Init)
    REG_932X_Init                            0x08003025   Thumb Code   514  lcd.o(i.REG_932X_Init)
    SCL_Output                               0x08003229   Thumb Code    20  i2c_hal.o(i.SCL_Output)
    SDA_Input                                0x08003241   Thumb Code    18  i2c_hal.o(i.SDA_Input)
    SDA_Input_Mode                           0x08003259   Thumb Code    40  i2c_hal.o(i.SDA_Input_Mode)
    SDA_Output                               0x08003285   Thumb Code    20  i2c_hal.o(i.SDA_Output)
    SDA_Output_Mode                          0x0800329d   Thumb Code    40  i2c_hal.o(i.SDA_Output_Mode)
    SVC_Handler                              0x080032c9   Thumb Code     2  stm32g4xx_it.o(i.SVC_Handler)
    SysTick_Handler                          0x080032cd   Thumb Code    80  stm32g4xx_it.o(i.SysTick_Handler)
    SystemClock_Config                       0x0800332d   Thumb Code   106  main.o(i.SystemClock_Config)
    SystemInit                               0x08003399   Thumb Code    22  system_stm32g4xx.o(i.SystemInit)
    TIM1_BRK_TIM15_IRQHandler                0x080033b5   Thumb Code     6  stm32g4xx_it.o(i.TIM1_BRK_TIM15_IRQHandler)
    TIM2_IRQHandler                          0x080033c1   Thumb Code     6  stm32g4xx_it.o(i.TIM2_IRQHandler)
    TIM_Base_SetConfig                       0x080033cd   Thumb Code   146  stm32g4xx_hal_tim.o(i.TIM_Base_SetConfig)
    TIM_CCxChannelCmd                        0x0800347d   Thumb Code    26  stm32g4xx_hal_tim.o(i.TIM_CCxChannelCmd)
    TIM_ETR_SetConfig                        0x08003497   Thumb Code    20  stm32g4xx_hal_tim.o(i.TIM_ETR_SetConfig)
    TIM_OC2_SetConfig                        0x0800355d   Thumb Code   120  stm32g4xx_hal_tim.o(i.TIM_OC2_SetConfig)
    TIM_TI1_SetConfig                        0x080038ad   Thumb Code    88  stm32g4xx_hal_tim.o(i.TIM_TI1_SetConfig)
    UART_AdvFeatureConfig                    0x080039d9   Thumb Code   200  stm32g4xx_hal_uart.o(i.UART_AdvFeatureConfig)
    UART_CheckIdleState                      0x08003aa1   Thumb Code    94  stm32g4xx_hal_uart.o(i.UART_CheckIdleState)
    UART_SetConfig                           0x08003d39   Thumb Code  1958  stm32g4xx_hal_uart.o(i.UART_SetConfig)
    UART_WaitOnFlagUntilTimeout              0x0800460d   Thumb Code   100  stm32g4xx_hal_uart.o(i.UART_WaitOnFlagUntilTimeout)
    USART1_IRQHandler                        0x08004671   Thumb Code     6  stm32g4xx_it.o(i.USART1_IRQHandler)
    UsageFault_Handler                       0x0800467d   Thumb Code     2  stm32g4xx_it.o(i.UsageFault_Handler)
    __0sprintf                               0x08004681   Thumb Code    34  printfa.o(i.__0sprintf)
    __1sprintf                               0x08004681   Thumb Code     0  printfa.o(i.__0sprintf)
    __2sprintf                               0x08004681   Thumb Code     0  printfa.o(i.__0sprintf)
    __c89sprintf                             0x08004681   Thumb Code     0  printfa.o(i.__0sprintf)
    sprintf                                  0x08004681   Thumb Code     0  printfa.o(i.__0sprintf)
    __scatterload_copy                       0x080046c9   Thumb Code    14  handlers.o(i.__scatterload_copy)
    __scatterload_null                       0x080046d7   Thumb Code     2  handlers.o(i.__scatterload_null)
    __scatterload_zeroinit                   0x080046d9   Thumb Code    14  handlers.o(i.__scatterload_zeroinit)
    add_price                                0x08004f7d   Thumb Code    20  task.o(i.add_price)
    change_TIM2_freq                         0x08004f95   Thumb Code   226  task.o(i.change_TIM2_freq)
    close_leds                               0x08005091   Thumb Code    36  task.o(i.close_leds)
    control_leds                             0x080050bd   Thumb Code   102  task.o(i.control_leds)
    display                                  0x0800513d   Thumb Code    30  task.o(i.display)
    display_price                            0x08005161   Thumb Code   104  task.o(i.display_price)
    display_rep                              0x08005221   Thumb Code    52  task.o(i.display_rep)
    display_shop                             0x0800529d   Thumb Code    52  task.o(i.display_shop)
    key_scan                                 0x08005319   Thumb Code   510  task.o(i.key_scan)
    main                                     0x08005521   Thumb Code    38  main.o(i.main)
    ok_B4task                                0x08005549   Thumb Code   186  task.o(i.ok_B4task)
    project                                  0x0800562d   Thumb Code    22  task.o(i.project)
    task_init                                0x08005645   Thumb Code   274  task.o(i.task_init)
    x24c02_read                              0x08005769   Thumb Code    60  task.o(i.x24c02_read)
    x24c02_write                             0x080057a5   Thumb Code    48  task.o(i.x24c02_write)
    ASCII_Table                              0x080057d4   Data        4560  lcd.o(.constdata)
    AHBPrescTable                            0x080069a4   Data          16  system_stm32g4xx.o(.constdata)
    APBPrescTable                            0x080069b4   Data           8  system_stm32g4xx.o(.constdata)
    Region$$Table$$Base                      0x080069bc   Number         0  anon$$obj.o(Region$$Table)
    Region$$Table$$Limit                     0x080069dc   Number         0  anon$$obj.o(Region$$Table)
    dummy                                    0x20000004   Data           2  lcd.o(.data)
    led1                                     0x20000008   Data           1  task.o(.data)
    led2                                     0x20000009   Data           1  task.o(.data)
    which_diplay                             0x2000000a   Data           1  task.o(.data)
    ok_task                                  0x2000000b   Data           1  task.o(.data)
    led2_revese                              0x2000000c   Data           1  task.o(.data)
    duty                                     0x2000000d   Data           1  task.o(.data)
    xy_shop                                  0x2000000e   Data           2  task.o(.data)
    xy_price                                 0x20000010   Data           2  task.o(.data)
    xy_rep                                   0x20000012   Data           2  task.o(.data)
    freq                                     0x20000014   Data           4  task.o(.data)
    count1                                   0x20000020   Data           4  stm32g4xx_it.o(.data)
    count2                                   0x20000024   Data           4  stm32g4xx_it.o(.data)
    uwTickPrio                               0x20000028   Data           4  stm32g4xx_hal.o(.data)
    uwTickFreq                               0x2000002c   Data           4  stm32g4xx_hal.o(.data)
    uwTick                                   0x20000030   Data           4  stm32g4xx_hal.o(.data)
    SystemCoreClock                          0x20000034   Data           4  system_stm32g4xx.o(.data)
    strs_show                                0x20000038   Data          20  task.o(.bss)
    RX                                       0x2000004c   Data          10  task.o(.bss)
    send_str                                 0x20000056   Data          20  task.o(.bss)
    strs_test                                0x2000006a   Data          20  task.o(.bss)
    htim2                                    0x20000080   Data          76  tim.o(.bss)
    htim15                                   0x200000cc   Data          76  tim.o(.bss)
    huart1                                   0x20000118   Data         140  usart.o(.bss)
    hdma_usart1_rx                           0x200001a4   Data          96  usart.o(.bss)
    hdma_usart1_tx                           0x20000204   Data          96  usart.o(.bss)
    __initial_sp                             0x20000668   Data           0  startup_stm32g431xx.o(STACK)



==============================================================================

Memory Map of the image

  Image Entry point : 0x080001d9

  Load Region LR_IROM1 (Base: 0x08000000, Size: 0x00006a14, Max: 0x00020000, ABSOLUTE)

    Execution Region ER_IROM1 (Exec base: 0x08000000, Load base: 0x08000000, Size: 0x000069dc, Max: 0x00020000, ABSOLUTE)

    Exec Addr    Load Addr    Size         Type   Attr      Idx    E Section Name        Object

    0x08000000   0x08000000   0x000001d8   Data   RO            3    RESET               startup_stm32g431xx.o
    0x080001d8   0x080001d8   0x00000000   Code   RO         4023  * .ARM.Collect$$$$00000000  mc_w.l(entry.o)
    0x080001d8   0x080001d8   0x00000004   Code   RO         4303    .ARM.Collect$$$$00000001  mc_w.l(entry2.o)
    0x080001dc   0x080001dc   0x00000004   Code   RO         4306    .ARM.Collect$$$$00000004  mc_w.l(entry5.o)
    0x080001e0   0x080001e0   0x00000000   Code   RO         4308    .ARM.Collect$$$$00000008  mc_w.l(entry7b.o)
    0x080001e0   0x080001e0   0x00000000   Code   RO         4310    .ARM.Collect$$$$0000000A  mc_w.l(entry8b.o)
    0x080001e0   0x080001e0   0x00000008   Code   RO         4311    .ARM.Collect$$$$0000000B  mc_w.l(entry9a.o)
    0x080001e8   0x080001e8   0x00000004   Code   RO         4318    .ARM.Collect$$$$0000000E  mc_w.l(entry12b.o)
    0x080001ec   0x080001ec   0x00000000   Code   RO         4313    .ARM.Collect$$$$0000000F  mc_w.l(entry10a.o)
    0x080001ec   0x080001ec   0x00000000   Code   RO         4315    .ARM.Collect$$$$00000011  mc_w.l(entry11a.o)
    0x080001ec   0x080001ec   0x00000004   Code   RO         4304    .ARM.Collect$$$$00002712  mc_w.l(entry2.o)
    0x080001f0   0x080001f0   0x00000024   Code   RO            4    .text               startup_stm32g431xx.o
    0x08000214   0x08000214   0x00000062   Code   RO         4026    .text               mc_w.l(uldiv.o)
    0x08000276   0x08000276   0x00000024   Code   RO         4028    .text               mc_w.l(memseta.o)
    0x0800029a   0x0800029a   0x0000000e   Code   RO         4030    .text               mc_w.l(strlen.o)
    0x080002a8   0x080002a8   0x0000014e   Code   RO         4293    .text               mf_w.l(dadd.o)
    0x080003f6   0x080003f6   0x000000e4   Code   RO         4295    .text               mf_w.l(dmul.o)
    0x080004da   0x080004da   0x000000de   Code   RO         4297    .text               mf_w.l(ddiv.o)
    0x080005b8   0x080005b8   0x0000001a   Code   RO         4299    .text               mf_w.l(dfltui.o)
    0x080005d2   0x080005d2   0x00000032   Code   RO         4301    .text               mf_w.l(dfixui.o)
    0x08000604   0x08000604   0x0000002c   Code   RO         4322    .text               mc_w.l(uidiv.o)
    0x08000630   0x08000630   0x0000001e   Code   RO         4324    .text               mc_w.l(llshl.o)
    0x0800064e   0x0800064e   0x00000020   Code   RO         4326    .text               mc_w.l(llushr.o)
    0x0800066e   0x0800066e   0x00000024   Code   RO         4328    .text               mc_w.l(llsshr.o)
    0x08000692   0x08000692   0x00000000   Code   RO         4330    .text               mc_w.l(iusefp.o)
    0x08000692   0x08000692   0x000000ba   Code   RO         4331    .text               mf_w.l(depilogue.o)
    0x0800074c   0x0800074c   0x00000030   Code   RO         4333    .text               mf_w.l(dfixul.o)
    0x0800077c   0x0800077c   0x00000030   Code   RO         4335    .text               mf_w.l(cdrcmple.o)
    0x080007ac   0x080007ac   0x00000024   Code   RO         4337    .text               mc_w.l(init.o)
    0x080007d0   0x080007d0   0x00000002   Code   RO          758    i.BusFault_Handler  stm32g4xx_it.o
    0x080007d2   0x080007d2   0x00000002   PAD
    0x080007d4   0x080007d4   0x0000000c   Code   RO          759    i.DMA1_Channel1_IRQHandler  stm32g4xx_it.o
    0x080007e0   0x080007e0   0x0000000c   Code   RO          760    i.DMA1_Channel2_IRQHandler  stm32g4xx_it.o
    0x080007ec   0x080007ec   0x00000040   Code   RO         2875    i.DMA_CalcDMAMUXChannelBaseAndMask  stm32g4xx_hal_dma.o
    0x0800082c   0x0800082c   0x00000024   Code   RO         2876    i.DMA_CalcDMAMUXRequestGenBaseAndMask  stm32g4xx_hal_dma.o
    0x08000850   0x08000850   0x00000002   Code   RO          761    i.DebugMon_Handler  stm32g4xx_it.o
    0x08000852   0x08000852   0x0000001c   Code   RO          211    i.Delay_LCD         lcd.o
    0x0800086e   0x0800086e   0x00000002   Code   RO          575    i.Error_Handler     main.o
    0x08000870   0x08000870   0x00000078   Code   RO         2879    i.HAL_DMA_Abort_IT  stm32g4xx_hal_dma.o
    0x080008e8   0x080008e8   0x000000ba   Code   RO         2883    i.HAL_DMA_IRQHandler  stm32g4xx_hal_dma.o
    0x080009a2   0x080009a2   0x00000002   PAD
    0x080009a4   0x080009a4   0x000000c0   Code   RO         2884    i.HAL_DMA_Init      stm32g4xx_hal_dma.o
    0x08000a64   0x08000a64   0x00000024   Code   RO         2115    i.HAL_Delay         stm32g4xx_hal.o
    0x08000a88   0x08000a88   0x000001c8   Code   RO          897    i.HAL_GPIO_Init     stm32g4xx_hal_gpio.o
    0x08000c50   0x08000c50   0x0000000a   Code   RO          899    i.HAL_GPIO_ReadPin  stm32g4xx_hal_gpio.o
    0x08000c5a   0x08000c5a   0x0000000a   Code   RO          901    i.HAL_GPIO_WritePin  stm32g4xx_hal_gpio.o
    0x08000c64   0x08000c64   0x0000000c   Code   RO         2119    i.HAL_GetTick       stm32g4xx_hal.o
    0x08000c70   0x08000c70   0x00000010   Code   RO         2122    i.HAL_IncTick       stm32g4xx_hal.o
    0x08000c80   0x08000c80   0x0000001e   Code   RO         2123    i.HAL_Init          stm32g4xx_hal.o
    0x08000c9e   0x08000c9e   0x00000002   PAD
    0x08000ca0   0x08000ca0   0x00000044   Code   RO         2124    i.HAL_InitTick      stm32g4xx_hal.o
    0x08000ce4   0x08000ce4   0x00000038   Code   RO          867    i.HAL_MspInit       stm32g4xx_hal_msp.o
    0x08000d1c   0x08000d1c   0x0000001a   Code   RO         3387    i.HAL_NVIC_EnableIRQ  stm32g4xx_hal_cortex.o
    0x08000d36   0x08000d36   0x00000002   PAD
    0x08000d38   0x08000d38   0x00000040   Code   RO         3393    i.HAL_NVIC_SetPriority  stm32g4xx_hal_cortex.o
    0x08000d78   0x08000d78   0x00000024   Code   RO         3394    i.HAL_NVIC_SetPriorityGrouping  stm32g4xx_hal_cortex.o
    0x08000d9c   0x08000d9c   0x000000bc   Code   RO         3143    i.HAL_PWREx_ControlVoltageScaling  stm32g4xx_hal_pwr_ex.o
    0x08000e58   0x08000e58   0x00000288   Code   RO         2468    i.HAL_RCCEx_PeriphCLKConfig  stm32g4xx_hal_rcc_ex.o
    0x080010e0   0x080010e0   0x000001dc   Code   RO         2343    i.HAL_RCC_ClockConfig  stm32g4xx_hal_rcc.o
    0x080012bc   0x080012bc   0x00000024   Code   RO         2351    i.HAL_RCC_GetPCLK1Freq  stm32g4xx_hal_rcc.o
    0x080012e0   0x080012e0   0x00000024   Code   RO         2352    i.HAL_RCC_GetPCLK2Freq  stm32g4xx_hal_rcc.o
    0x08001304   0x08001304   0x00000070   Code   RO         2353    i.HAL_RCC_GetSysClockFreq  stm32g4xx_hal_rcc.o
    0x08001374   0x08001374   0x0000040c   Code   RO         2356    i.HAL_RCC_OscConfig  stm32g4xx_hal_rcc.o
    0x08001780   0x08001780   0x00000028   Code   RO         3398    i.HAL_SYSTICK_Config  stm32g4xx_hal_cortex.o
    0x080017a8   0x080017a8   0x00000002   Code   RO         1676    i.HAL_TIMEx_Break2Callback  stm32g4xx_hal_tim_ex.o
    0x080017aa   0x080017aa   0x00000002   Code   RO         1677    i.HAL_TIMEx_BreakCallback  stm32g4xx_hal_tim_ex.o
    0x080017ac   0x080017ac   0x00000002   Code   RO         1678    i.HAL_TIMEx_CommutCallback  stm32g4xx_hal_tim_ex.o
    0x080017ae   0x080017ae   0x00000002   Code   RO         1689    i.HAL_TIMEx_DirectionChangeCallback  stm32g4xx_hal_tim_ex.o
    0x080017b0   0x080017b0   0x00000002   Code   RO         1703    i.HAL_TIMEx_EncoderIndexCallback  stm32g4xx_hal_tim_ex.o
    0x080017b2   0x080017b2   0x00000002   Code   RO         1717    i.HAL_TIMEx_IndexErrorCallback  stm32g4xx_hal_tim_ex.o
    0x080017b4   0x080017b4   0x0000009c   Code   RO         1718    i.HAL_TIMEx_MasterConfigSynchronization  stm32g4xx_hal_tim_ex.o
    0x08001850   0x08001850   0x00000002   Code   RO         1739    i.HAL_TIMEx_TransitionErrorCallback  stm32g4xx_hal_tim_ex.o
    0x08001852   0x08001852   0x00000062   Code   RO          962    i.HAL_TIM_Base_Init  stm32g4xx_hal_tim.o
    0x080018b4   0x080018b4   0x00000094   Code   RO          663    i.HAL_TIM_Base_MspInit  tim.o
    0x08001948   0x08001948   0x000000fc   Code   RO          971    i.HAL_TIM_ConfigClockSource  stm32g4xx_hal_tim.o
    0x08001a44   0x08001a44   0x00000048   Code   RO          430    i.HAL_TIM_IC_CaptureCallback  task.o
    0x08001a8c   0x08001a8c   0x0000010e   Code   RO          998    i.HAL_TIM_IC_ConfigChannel  stm32g4xx_hal_tim.o
    0x08001b9a   0x08001b9a   0x00000062   Code   RO         1001    i.HAL_TIM_IC_Init   stm32g4xx_hal_tim.o
    0x08001bfc   0x08001bfc   0x00000002   Code   RO         1003    i.HAL_TIM_IC_MspInit  stm32g4xx_hal_tim.o
    0x08001bfe   0x08001bfe   0x000001fc   Code   RO         1010    i.HAL_TIM_IRQHandler  stm32g4xx_hal_tim.o
    0x08001dfa   0x08001dfa   0x00000002   PAD
    0x08001dfc   0x08001dfc   0x0000004c   Code   RO          664    i.HAL_TIM_MspPostInit  tim.o
    0x08001e48   0x08001e48   0x00000002   Code   RO         1013    i.HAL_TIM_OC_DelayElapsedCallback  stm32g4xx_hal_tim.o
    0x08001e4a   0x08001e4a   0x0000011e   Code   RO         1034    i.HAL_TIM_PWM_ConfigChannel  stm32g4xx_hal_tim.o
    0x08001f68   0x08001f68   0x00000062   Code   RO         1037    i.HAL_TIM_PWM_Init  stm32g4xx_hal_tim.o
    0x08001fca   0x08001fca   0x00000002   Code   RO         1039    i.HAL_TIM_PWM_MspInit  stm32g4xx_hal_tim.o
    0x08001fcc   0x08001fcc   0x00000002   Code   RO         1040    i.HAL_TIM_PWM_PulseFinishedCallback  stm32g4xx_hal_tim.o
    0x08001fce   0x08001fce   0x00000002   PAD
    0x08001fd0   0x08001fd0   0x000000d4   Code   RO         1042    i.HAL_TIM_PWM_Start  stm32g4xx_hal_tim.o
    0x080020a4   0x080020a4   0x00000002   Code   RO         1048    i.HAL_TIM_PeriodElapsedCallback  stm32g4xx_hal_tim.o
    0x080020a6   0x080020a6   0x0000002a   Code   RO         1050    i.HAL_TIM_ReadCapturedValue  stm32g4xx_hal_tim.o
    0x080020d0   0x080020d0   0x00000056   Code   RO         1051    i.HAL_TIM_SlaveConfigSynchro  stm32g4xx_hal_tim.o
    0x08002126   0x08002126   0x00000002   Code   RO         1053    i.HAL_TIM_TriggerCallback  stm32g4xx_hal_tim.o
    0x08002128   0x08002128   0x0000003e   Code   RO         3895    i.HAL_UARTEx_DisableFifoMode  stm32g4xx_hal_uart_ex.o
    0x08002166   0x08002166   0x00000002   Code   RO         3899    i.HAL_UARTEx_RxFifoFullCallback  stm32g4xx_hal_uart_ex.o
    0x08002168   0x08002168   0x0000004c   Code   RO         3900    i.HAL_UARTEx_SetRxFifoThreshold  stm32g4xx_hal_uart_ex.o
    0x080021b4   0x080021b4   0x0000004c   Code   RO         3901    i.HAL_UARTEx_SetTxFifoThreshold  stm32g4xx_hal_uart_ex.o
    0x08002200   0x08002200   0x00000002   Code   RO         3903    i.HAL_UARTEx_TxFifoEmptyCallback  stm32g4xx_hal_uart_ex.o
    0x08002202   0x08002202   0x00000002   Code   RO         3904    i.HAL_UARTEx_WakeupCallback  stm32g4xx_hal_uart_ex.o
    0x08002204   0x08002204   0x00000002   Code   RO         3539    i.HAL_UART_ErrorCallback  stm32g4xx_hal_uart.o
    0x08002206   0x08002206   0x00000002   PAD
    0x08002208   0x08002208   0x0000019c   Code   RO         3542    i.HAL_UART_IRQHandler  stm32g4xx_hal_uart.o
    0x080023a4   0x080023a4   0x0000006a   Code   RO         3543    i.HAL_UART_Init     stm32g4xx_hal_uart.o
    0x0800240e   0x0800240e   0x00000002   PAD
    0x08002410   0x08002410   0x000000d4   Code   RO          717    i.HAL_UART_MspInit  usart.o
    0x080024e4   0x080024e4   0x000000fc   Code   RO         3548    i.HAL_UART_Receive_IT  stm32g4xx_hal_uart.o
    0x080025e0   0x080025e0   0x00000098   Code   RO          431    i.HAL_UART_RxCpltCallback  task.o
    0x08002678   0x08002678   0x0000009c   Code   RO         3553    i.HAL_UART_Transmit_IT  stm32g4xx_hal_uart.o
    0x08002714   0x08002714   0x00000002   Code   RO         3554    i.HAL_UART_TxCpltCallback  stm32g4xx_hal_uart.o
    0x08002716   0x08002716   0x00000002   Code   RO          762    i.HardFault_Handler  stm32g4xx_it.o
    0x08002718   0x08002718   0x0000004e   Code   RO           14    i.I2CReceiveByte    i2c_hal.o
    0x08002766   0x08002766   0x0000004e   Code   RO           16    i.I2CSendByte       i2c_hal.o
    0x080027b4   0x080027b4   0x00000036   Code   RO           18    i.I2CStart          i2c_hal.o
    0x080027ea   0x080027ea   0x00000036   Code   RO           19    i.I2CStop           i2c_hal.o
    0x08002820   0x08002820   0x00000050   Code   RO           20    i.I2CWaitAck        i2c_hal.o
    0x08002870   0x08002870   0x0000002c   Code   RO          212    i.LCD_BusIn         lcd.o
    0x0800289c   0x0800289c   0x00000030   Code   RO          213    i.LCD_BusOut        lcd.o
    0x080028cc   0x080028cc   0x00000024   Code   RO          214    i.LCD_Clear         lcd.o
    0x080028f0   0x080028f0   0x00000090   Code   RO          216    i.LCD_CtrlLinesConfig  lcd.o
    0x08002980   0x08002980   0x00000018   Code   RO          217    i.LCD_DisplayChar   lcd.o
    0x08002998   0x08002998   0x0000002a   Code   RO          220    i.LCD_DisplayStringLine  lcd.o
    0x080029c2   0x080029c2   0x00000002   PAD
    0x080029c4   0x080029c4   0x00000058   Code   RO          221    i.LCD_DrawChar      lcd.o
    0x08002a1c   0x08002a1c   0x00000034   Code   RO          227    i.LCD_Init          lcd.o
    0x08002a50   0x08002a50   0x00000080   Code   RO          230    i.LCD_ReadReg       lcd.o
    0x08002ad0   0x08002ad0   0x00000010   Code   RO          231    i.LCD_SetBackColor  lcd.o
    0x08002ae0   0x08002ae0   0x00000018   Code   RO          232    i.LCD_SetCursor     lcd.o
    0x08002af8   0x08002af8   0x00000010   Code   RO          234    i.LCD_SetTextColor  lcd.o
    0x08002b08   0x08002b08   0x00000058   Code   RO          237    i.LCD_WriteRAM      lcd.o
    0x08002b60   0x08002b60   0x0000005c   Code   RO          238    i.LCD_WriteRAM_Prepare  lcd.o
    0x08002bbc   0x08002bbc   0x0000006c   Code   RO          239    i.LCD_WriteReg      lcd.o
    0x08002c28   0x08002c28   0x0000004c   Code   RO          638    i.MX_DMA_Init       dma.o
    0x08002c74   0x08002c74   0x000000c0   Code   RO          614    i.MX_GPIO_Init      gpio.o
    0x08002d34   0x08002d34   0x000000d4   Code   RO          665    i.MX_TIM15_Init     tim.o
    0x08002e08   0x08002e08   0x0000009c   Code   RO          666    i.MX_TIM2_Init      tim.o
    0x08002ea4   0x08002ea4   0x00000068   Code   RO          718    i.MX_USART1_UART_Init  usart.o
    0x08002f0c   0x08002f0c   0x00000002   Code   RO          763    i.MemManage_Handler  stm32g4xx_it.o
    0x08002f0e   0x08002f0e   0x00000002   Code   RO          764    i.NMI_Handler       stm32g4xx_it.o
    0x08002f10   0x08002f10   0x00000002   Code   RO          765    i.PendSV_Handler    stm32g4xx_it.o
    0x08002f12   0x08002f12   0x00000112   Code   RO          240    i.REG_8230_Init     lcd.o
    0x08003024   0x08003024   0x00000202   Code   RO          241    i.REG_932X_Init     lcd.o
    0x08003226   0x08003226   0x00000002   PAD
    0x08003228   0x08003228   0x00000018   Code   RO           21    i.SCL_Output        i2c_hal.o
    0x08003240   0x08003240   0x00000018   Code   RO           22    i.SDA_Input         i2c_hal.o
    0x08003258   0x08003258   0x0000002c   Code   RO           23    i.SDA_Input_Mode    i2c_hal.o
    0x08003284   0x08003284   0x00000018   Code   RO           24    i.SDA_Output        i2c_hal.o
    0x0800329c   0x0800329c   0x0000002c   Code   RO           25    i.SDA_Output_Mode   i2c_hal.o
    0x080032c8   0x080032c8   0x00000002   Code   RO          766    i.SVC_Handler       stm32g4xx_it.o
    0x080032ca   0x080032ca   0x00000002   PAD
    0x080032cc   0x080032cc   0x00000060   Code   RO          767    i.SysTick_Handler   stm32g4xx_it.o
    0x0800332c   0x0800332c   0x0000006a   Code   RO          576    i.SystemClock_Config  main.o
    0x08003396   0x08003396   0x00000002   PAD
    0x08003398   0x08003398   0x0000001c   Code   RO         3989    i.SystemInit        system_stm32g4xx.o
    0x080033b4   0x080033b4   0x0000000c   Code   RO          768    i.TIM1_BRK_TIM15_IRQHandler  stm32g4xx_it.o
    0x080033c0   0x080033c0   0x0000000c   Code   RO          769    i.TIM2_IRQHandler   stm32g4xx_it.o
    0x080033cc   0x080033cc   0x000000b0   Code   RO         1055    i.TIM_Base_SetConfig  stm32g4xx_hal_tim.o
    0x0800347c   0x0800347c   0x0000001a   Code   RO         1056    i.TIM_CCxChannelCmd  stm32g4xx_hal_tim.o
    0x08003496   0x08003496   0x00000014   Code   RO         1066    i.TIM_ETR_SetConfig  stm32g4xx_hal_tim.o
    0x080034aa   0x080034aa   0x00000002   PAD
    0x080034ac   0x080034ac   0x00000014   Code   RO         1067    i.TIM_ITRx_SetConfig  stm32g4xx_hal_tim.o
    0x080034c0   0x080034c0   0x0000009c   Code   RO         1068    i.TIM_OC1_SetConfig  stm32g4xx_hal_tim.o
    0x0800355c   0x0800355c   0x00000090   Code   RO         1069    i.TIM_OC2_SetConfig  stm32g4xx_hal_tim.o
    0x080035ec   0x080035ec   0x00000090   Code   RO         1070    i.TIM_OC3_SetConfig  stm32g4xx_hal_tim.o
    0x0800367c   0x0800367c   0x00000090   Code   RO         1071    i.TIM_OC4_SetConfig  stm32g4xx_hal_tim.o
    0x0800370c   0x0800370c   0x00000070   Code   RO         1072    i.TIM_OC5_SetConfig  stm32g4xx_hal_tim.o
    0x0800377c   0x0800377c   0x00000070   Code   RO         1073    i.TIM_OC6_SetConfig  stm32g4xx_hal_tim.o
    0x080037ec   0x080037ec   0x0000009c   Code   RO         1074    i.TIM_SlaveTimer_SetConfig  stm32g4xx_hal_tim.o
    0x08003888   0x08003888   0x00000022   Code   RO         1075    i.TIM_TI1_ConfigInputStage  stm32g4xx_hal_tim.o
    0x080038aa   0x080038aa   0x00000002   PAD
    0x080038ac   0x080038ac   0x0000006c   Code   RO         1076    i.TIM_TI1_SetConfig  stm32g4xx_hal_tim.o
    0x08003918   0x08003918   0x00000024   Code   RO         1077    i.TIM_TI2_ConfigInputStage  stm32g4xx_hal_tim.o
    0x0800393c   0x0800393c   0x00000036   Code   RO         1078    i.TIM_TI2_SetConfig  stm32g4xx_hal_tim.o
    0x08003972   0x08003972   0x00000002   PAD
    0x08003974   0x08003974   0x00000064   Code   RO         3905    i.UARTEx_SetNbDataToProcess  stm32g4xx_hal_uart_ex.o
    0x080039d8   0x080039d8   0x000000c8   Code   RO         3556    i.UART_AdvFeatureConfig  stm32g4xx_hal_uart.o
    0x08003aa0   0x08003aa0   0x0000005e   Code   RO         3557    i.UART_CheckIdleState  stm32g4xx_hal_uart.o
    0x08003afe   0x08003afe   0x00000014   Code   RO         3558    i.UART_DMAAbortOnError  stm32g4xx_hal_uart.o
    0x08003b12   0x08003b12   0x00000002   PAD
    0x08003b14   0x08003b14   0x00000024   Code   RO         3568    i.UART_EndRxTransfer  stm32g4xx_hal_uart.o
    0x08003b38   0x08003b38   0x0000005e   Code   RO         3570    i.UART_RxISR_16BIT  stm32g4xx_hal_uart.o
    0x08003b96   0x08003b96   0x00000002   PAD
    0x08003b98   0x08003b98   0x000000a0   Code   RO         3571    i.UART_RxISR_16BIT_FIFOEN  stm32g4xx_hal_uart.o
    0x08003c38   0x08003c38   0x0000005e   Code   RO         3572    i.UART_RxISR_8BIT   stm32g4xx_hal_uart.o
    0x08003c96   0x08003c96   0x00000002   PAD
    0x08003c98   0x08003c98   0x000000a0   Code   RO         3573    i.UART_RxISR_8BIT_FIFOEN  stm32g4xx_hal_uart.o
    0x08003d38   0x08003d38   0x000007a6   Code   RO         3574    i.UART_SetConfig    stm32g4xx_hal_uart.o
    0x080044de   0x080044de   0x00000042   Code   RO         3575    i.UART_TxISR_16BIT  stm32g4xx_hal_uart.o
    0x08004520   0x08004520   0x00000058   Code   RO         3576    i.UART_TxISR_16BIT_FIFOEN  stm32g4xx_hal_uart.o
    0x08004578   0x08004578   0x0000003e   Code   RO         3577    i.UART_TxISR_8BIT   stm32g4xx_hal_uart.o
    0x080045b6   0x080045b6   0x00000002   PAD
    0x080045b8   0x080045b8   0x00000054   Code   RO         3578    i.UART_TxISR_8BIT_FIFOEN  stm32g4xx_hal_uart.o
    0x0800460c   0x0800460c   0x00000064   Code   RO         3579    i.UART_WaitOnFlagUntilTimeout  stm32g4xx_hal_uart.o
    0x08004670   0x08004670   0x0000000c   Code   RO          770    i.USART1_IRQHandler  stm32g4xx_it.o
    0x0800467c   0x0800467c   0x00000002   Code   RO          771    i.UsageFault_Handler  stm32g4xx_it.o
    0x0800467e   0x0800467e   0x00000002   PAD
    0x08004680   0x08004680   0x00000028   Code   RO         4267    i.__0sprintf        mc_w.l(printfa.o)
    0x080046a8   0x080046a8   0x00000020   Code   RO         3400    i.__NVIC_SetPriority  stm32g4xx_hal_cortex.o
    0x080046c8   0x080046c8   0x0000000e   Code   RO         4343    i.__scatterload_copy  mc_w.l(handlers.o)
    0x080046d6   0x080046d6   0x00000002   Code   RO         4344    i.__scatterload_null  mc_w.l(handlers.o)
    0x080046d8   0x080046d8   0x0000000e   Code   RO         4345    i.__scatterload_zeroinit  mc_w.l(handlers.o)
    0x080046e6   0x080046e6   0x00000002   PAD
    0x080046e8   0x080046e8   0x00000184   Code   RO         4272    i._fp_digits        mc_w.l(printfa.o)
    0x0800486c   0x0800486c   0x000006b4   Code   RO         4273    i._printf_core      mc_w.l(printfa.o)
    0x08004f20   0x08004f20   0x00000024   Code   RO         4274    i._printf_post_padding  mc_w.l(printfa.o)
    0x08004f44   0x08004f44   0x0000002e   Code   RO         4275    i._printf_pre_padding  mc_w.l(printfa.o)
    0x08004f72   0x08004f72   0x0000000a   Code   RO         4277    i._sputc            mc_w.l(printfa.o)
    0x08004f7c   0x08004f7c   0x00000018   Code   RO          432    i.add_price         task.o
    0x08004f94   0x08004f94   0x000000fc   Code   RO          433    i.change_TIM2_freq  task.o
    0x08005090   0x08005090   0x0000002c   Code   RO          434    i.close_leds        task.o
    0x080050bc   0x080050bc   0x00000074   Code   RO          435    i.control_leds      task.o
    0x08005130   0x08005130   0x0000000c   Code   RO           26    i.delay1            i2c_hal.o
    0x0800513c   0x0800513c   0x00000024   Code   RO          436    i.display           task.o
    0x08005160   0x08005160   0x000000c0   Code   RO          437    i.display_price     task.o
    0x08005220   0x08005220   0x0000007c   Code   RO          438    i.display_rep       task.o
    0x0800529c   0x0800529c   0x0000007c   Code   RO          439    i.display_shop      task.o
    0x08005318   0x08005318   0x00000208   Code   RO          440    i.key_scan          task.o
    0x08005520   0x08005520   0x00000026   Code   RO          577    i.main              main.o
    0x08005546   0x08005546   0x00000002   PAD
    0x08005548   0x08005548   0x000000e4   Code   RO          441    i.ok_B4task         task.o
    0x0800562c   0x0800562c   0x00000016   Code   RO          442    i.project           task.o
    0x08005642   0x08005642   0x00000002   PAD
    0x08005644   0x08005644   0x00000124   Code   RO          444    i.task_init         task.o
    0x08005768   0x08005768   0x0000003c   Code   RO          445    i.x24c02_read       task.o
    0x080057a4   0x080057a4   0x00000030   Code   RO          446    i.x24c02_write      task.o
    0x080057d4   0x080057d4   0x000011d0   Data   RO          242    .constdata          lcd.o
    0x080069a4   0x080069a4   0x00000010   Data   RO         3990    .constdata          system_stm32g4xx.o
    0x080069b4   0x080069b4   0x00000008   Data   RO         3991    .constdata          system_stm32g4xx.o
    0x080069bc   0x080069bc   0x00000020   Data   RO         4341    Region$$Table       anon$$obj.o


    Execution Region RW_IRAM1 (Exec base: 0x20000000, Load base: 0x080069dc, Size: 0x00000668, Max: 0x00008000, ABSOLUTE)

    Exec Addr    Load Addr    Size         Type   Attr      Idx    E Section Name        Object

    0x20000000   0x080069dc   0x00000006   Data   RW          243    .data               lcd.o
    0x20000006   0x080069e2   0x00000002   PAD
    0x20000008   0x080069e4   0x00000018   Data   RW          448    .data               task.o
    0x20000020   0x080069fc   0x00000008   Data   RW          772    .data               stm32g4xx_it.o
    0x20000028   0x08006a04   0x0000000c   Data   RW         2143    .data               stm32g4xx_hal.o
    0x20000034   0x08006a10   0x00000004   Data   RW         3992    .data               system_stm32g4xx.o
    0x20000038        -       0x00000046   Zero   RW          447    .bss                task.o
    0x2000007e   0x08006a14   0x00000002   PAD
    0x20000080        -       0x00000098   Zero   RW          667    .bss                tim.o
    0x20000118        -       0x0000014c   Zero   RW          719    .bss                usart.o
    0x20000264   0x08006a14   0x00000004   PAD
    0x20000268        -       0x00000400   Zero   RW            1    STACK               startup_stm32g431xx.o


==============================================================================

Image component sizes


      Code (inc. data)   RO Data    RW Data    ZI Data      Debug   Object Name

        76          4          0          0          0       1006   dma.o
       192         14          0          0          0       1171   gpio.o
       516         22          0          0          0     647446   i2c_hal.o
      1766         76       4560          6          0      15514   lcd.o
       146          0          0          0          0       2308   main.o
        36          8        472          0       1024        900   startup_stm32g431xx.o
       162         24          0         12          0       5061   stm32g4xx_hal.o
       198         14          0          0          0      34575   stm32g4xx_hal_cortex.o
       598         30          0          0          0       4751   stm32g4xx_hal_dma.o
       476         34          0          0          0       3519   stm32g4xx_hal_gpio.o
        56          8          0          0          0       8990   stm32g4xx_hal_msp.o
       188         14          0          0          0        946   stm32g4xx_hal_pwr_ex.o
      1696         92          0          0          0       6600   stm32g4xx_hal_rcc.o
       648         10          0          0          0       2084   stm32g4xx_hal_rcc_ex.o
      3404        258          0          0          0      27660   stm32g4xx_hal_tim.o
       170         24          0          0          0       6340   stm32g4xx_hal_tim_ex.o
      4146        124          0          0          0      19651   stm32g4xx_hal_uart.o
       320         18          0          0          0       6186   stm32g4xx_hal_uart_ex.o
       172         46          0          8          0       8318   stm32g4xx_it.o
        28          6         24          4          0       1447   system_stm32g4xx.o
      2306        410          0         24         70      12573   task.o
       592         28          0          0        152       3955   tim.o
       316         26          0          0        332       2300   usart.o

    ----------------------------------------------------------------------
     18252       1290       5088         56       1584     823301   Object Totals
         0          0         32          0          0          0   (incl. Generated)
        44          0          0          2          6          0   (incl. Padding)

    ----------------------------------------------------------------------

      Code (inc. data)   RO Data    RW Data    ZI Data      Debug   Library Member Name

         0          0          0          0          0          0   entry.o
         0          0          0          0          0          0   entry10a.o
         0          0          0          0          0          0   entry11a.o
         4          0          0          0          0          0   entry12b.o
         8          4          0          0          0          0   entry2.o
         4          0          0          0          0          0   entry5.o
         0          0          0          0          0          0   entry7b.o
         0          0          0          0          0          0   entry8b.o
         8          4          0          0          0          0   entry9a.o
        30          0          0          0          0          0   handlers.o
        36          8          0          0          0         68   init.o
         0          0          0          0          0          0   iusefp.o
        30          0          0          0          0         68   llshl.o
        36          0          0          0          0         68   llsshr.o
        32          0          0          0          0         68   llushr.o
        36          0          0          0          0        108   memseta.o
      2236         86          0          0          0        532   printfa.o
        14          0          0          0          0         68   strlen.o
        44          0          0          0          0         80   uidiv.o
        98          0          0          0          0         92   uldiv.o
        48          0          0          0          0         68   cdrcmple.o
       334          0          0          0          0        148   dadd.o
       222          0          0          0          0        100   ddiv.o
       186          0          0          0          0        176   depilogue.o
        50          0          0          0          0         76   dfixui.o
        48          0          0          0          0         68   dfixul.o
        26          0          0          0          0         76   dfltui.o
       228          0          0          0          0         96   dmul.o

    ----------------------------------------------------------------------
      3760        102          0          0          0       1960   Library Totals
         2          0          0          0          0          0   (incl. Padding)

    ----------------------------------------------------------------------

      Code (inc. data)   RO Data    RW Data    ZI Data      Debug   Library Name

      2616        102          0          0          0       1152   mc_w.l
      1142          0          0          0          0        808   mf_w.l

    ----------------------------------------------------------------------
      3760        102          0          0          0       1960   Library Totals

    ----------------------------------------------------------------------

==============================================================================


      Code (inc. data)   RO Data    RW Data    ZI Data      Debug   

     22012       1392       5088         56       1584     808877   Grand Totals
     22012       1392       5088         56       1584     808877   ELF Image Totals
     22012       1392       5088         56          0          0   ROM Totals

==============================================================================

    Total RO  Size (Code + RO Data)                27100 (  26.46kB)
    Total RW  Size (RW Data + ZI Data)              1640 (   1.60kB)
    Total ROM Size (Code + RO Data + RW Data)      27156 (  26.52kB)

==============================================================================

